Archive member included because of file (symbol)

C:/Freescale/CW MCU v10.6/MCU/ARM_GCC_Support/ewl/lib/armv7e-m\libc.a(exit.o)
                              ./Project_Settings/Startup_Code/__arm_start.o (exit)
C:/Freescale/CW MCU v10.6/MCU/ARM_GCC_Support/ewl/lib/armv7e-m\libc.a(memset.o)
                              ./Project_Settings/Startup_Code/__arm_start.o (memset)
C:/Freescale/CW MCU v10.6/MCU/ARM_GCC_Support/ewl/lib/armv7e-m\libc.a(__filll_mem.o)
                              C:/Freescale/CW MCU v10.6/MCU/ARM_GCC_Support/ewl/lib/armv7e-m\libc.a(memset.o) (__fill_mem)
C:/Freescale/CW MCU v10.6/MCU/ARM_GCC_Support/ewl/lib/armv7e-m\libc.a(printformat_.o)
                              (__pformatter_)
C:/Freescale/CW MCU v10.6/MCU/ARM_GCC_Support/ewl/lib/armv7e-m\libc.a(scanformat_.o)
                              (__sformatter)
C:/Freescale/CW MCU v10.6/MCU/ARM_GCC_Support/ewl/lib/armv7e-m\libc.a(ctype_aeabi.o)
                              C:/Freescale/CW MCU v10.6/MCU/ARM_GCC_Support/ewl/lib/armv7e-m\libc.a(scanformat_.o) (isspace)
C:/Freescale/CW MCU v10.6/MCU/ARM_GCC_Support/ewl/lib/armv7e-m\libc.a(__strtoul.o)
                              C:/Freescale/CW MCU v10.6/MCU/ARM_GCC_Support/ewl/lib/armv7e-m\libc.a(scanformat_.o) (__strtoul)
C:/Freescale/CW MCU v10.6/MCU/ARM_GCC_Support/ewl/lib/armv7e-m\libc.a(strchr.o)
                              C:/Freescale/CW MCU v10.6/MCU/ARM_GCC_Support/ewl/lib/armv7e-m\libc.a(printformat_.o) (strchr)
C:/Freescale/CW MCU v10.6/MCU/ARM_GCC_Support/ewl/lib/armv7e-m\libc.a(strlen.o)
                              C:/Freescale/CW MCU v10.6/MCU/ARM_GCC_Support/ewl/lib/armv7e-m\libc.a(printformat_.o) (strlen)
C:/Freescale/CW MCU v10.6/MCU/ARM_GCC_Support/ewl/lib/armv7e-m\libc.a(memchr.o)
                              C:/Freescale/CW MCU v10.6/MCU/ARM_GCC_Support/ewl/lib/armv7e-m\libc.a(printformat_.o) (memchr)
C:/Freescale/CW MCU v10.6/MCU/ARM_GCC_Support/ewl/lib/armv7e-m\librt.a(gcc_ctor_dtor.o)
                              ./Project_Settings/Startup_Code/__arm_start.o (__init_cpp)
C:/Freescale/CW MCU v10.6/MCU/ARM_GCC_Support/ewl/lib/armv7e-m\librt.a(__arm_eabi_init.o)
                              C:/Freescale/CW MCU v10.6/MCU/ARM_GCC_Support/ewl/lib/armv7e-m\libc.a(exit.o) (__destroy_global_chain)
C:/Freescale/CW MCU v10.6/MCU/ARM_GCC_Support/ewl/lib/armv7e-m\librt.a(ROMCopy.o)
                              ./Project_Settings/Startup_Code/__arm_start.o (__copy_rom_sections_to_ram)

Allocating common symbols
Common symbol       size              file

SR_reg              0x1               ./Generated_Code/Cpu.o
SMasterLdd1_DeviceDataPtr
                    0x4               ./Generated_Code/SM1.o

Discarded input sections

 .text          0x00000000        0x0 ./Generated_Code/WAIT1.o
 .data          0x00000000        0x0 ./Generated_Code/WAIT1.o
 .bss           0x00000000        0x0 ./Generated_Code/WAIT1.o
 .text          0x00000000        0x0 ./Generated_Code/Vectors.o
 .data          0x00000000        0x0 ./Generated_Code/Vectors.o
 .bss           0x00000000        0x0 ./Generated_Code/Vectors.o
 .text          0x00000000        0x0 ./Generated_Code/TU2.o
 .data          0x00000000        0x0 ./Generated_Code/TU2.o
 .bss           0x00000000        0x0 ./Generated_Code/TU2.o
 .bss.DeviceDataPrv__DEFAULT_RTOS_ALLOC
                0x00000000        0x4 ./Generated_Code/TU2.o
 .text.TU2_Init
                0x00000000       0x84 ./Generated_Code/TU2.o
 .text.TU2_GetEventMask
                0x00000000       0x18 ./Generated_Code/TU2.o
 .text.TU2_GetCounterValue
                0x00000000       0x2c ./Generated_Code/TU2.o
 .debug_info    0x00000000      0x3e4 ./Generated_Code/TU2.o
 .debug_abbrev  0x00000000      0x11d ./Generated_Code/TU2.o
 .debug_loc     0x00000000       0xa8 ./Generated_Code/TU2.o
 .debug_aranges
                0x00000000       0x30 ./Generated_Code/TU2.o
 .debug_macinfo
                0x00000000    0x46821 ./Generated_Code/TU2.o
 .debug_line    0x00000000      0x2a1 ./Generated_Code/TU2.o
 .debug_str     0x00000000      0x2fb ./Generated_Code/TU2.o
 .comment       0x00000000       0x7a ./Generated_Code/TU2.o
 .ARM.attributes
                0x00000000       0x33 ./Generated_Code/TU2.o
 .debug_frame   0x00000000       0x64 ./Generated_Code/TU2.o
 .text          0x00000000        0x0 ./Generated_Code/TU1.o
 .data          0x00000000        0x0 ./Generated_Code/TU1.o
 .bss           0x00000000        0x0 ./Generated_Code/TU1.o
 .bss.DeviceDataPrv__DEFAULT_RTOS_ALLOC
                0x00000000        0x4 ./Generated_Code/TU1.o
 .text.TU1_Init
                0x00000000      0x120 ./Generated_Code/TU1.o
 .text.TU1_GetPeriodTicks
                0x00000000       0x34 ./Generated_Code/TU1.o
 .text.TU1_GetCounterValue
                0x00000000       0x20 ./Generated_Code/TU1.o
 .debug_info    0x00000000      0x57b ./Generated_Code/TU1.o
 .debug_abbrev  0x00000000      0x139 ./Generated_Code/TU1.o
 .debug_loc     0x00000000       0xa8 ./Generated_Code/TU1.o
 .debug_aranges
                0x00000000       0x30 ./Generated_Code/TU1.o
 .debug_macinfo
                0x00000000    0x4e062 ./Generated_Code/TU1.o
 .debug_line    0x00000000      0x2ac ./Generated_Code/TU1.o
 .debug_str     0x00000000      0x397 ./Generated_Code/TU1.o
 .comment       0x00000000       0x7a ./Generated_Code/TU1.o
 .ARM.attributes
                0x00000000       0x33 ./Generated_Code/TU1.o
 .debug_frame   0x00000000       0x64 ./Generated_Code/TU1.o
 .text          0x00000000        0x0 ./Generated_Code/SMasterLdd1.o
 .data          0x00000000        0x0 ./Generated_Code/SMasterLdd1.o
 .bss           0x00000000        0x0 ./Generated_Code/SMasterLdd1.o
 .text          0x00000000        0x0 ./Generated_Code/SM1.o
 .data          0x00000000        0x0 ./Generated_Code/SM1.o
 .bss           0x00000000        0x0 ./Generated_Code/SM1.o
 .text.SM1_RecvBlock
                0x00000000       0x5c ./Generated_Code/SM1.o
 .text.SM1_SendBlock
                0x00000000      0x18c ./Generated_Code/SM1.o
 .text.SM1_ClearRxBuf
                0x00000000       0xc4 ./Generated_Code/SM1.o
 .text.SM1_ClearTxBuf
                0x00000000       0xac ./Generated_Code/SM1.o
 .text.SM1_GetError
                0x00000000       0xd8 ./Generated_Code/SM1.o
 .text          0x00000000        0x0 ./Generated_Code/PE_LDD.o
 .data          0x00000000        0x0 ./Generated_Code/PE_LDD.o
 .bss           0x00000000        0x0 ./Generated_Code/PE_LDD.o
 .rodata.PE_CpuClockConfigurations
                0x00000000       0x28 ./Generated_Code/PE_LDD.o
 .text.PE_FillMemory
                0x00000000       0x30 ./Generated_Code/PE_LDD.o
 .text.PE_PeripheralUsed
                0x00000000       0x8c ./Generated_Code/PE_LDD.o
 .text.LDD_SetClockConfiguration
                0x00000000       0x14 ./Generated_Code/PE_LDD.o
 .text          0x00000000        0x0 ./Generated_Code/LEDR.o
 .data          0x00000000        0x0 ./Generated_Code/LEDR.o
 .bss           0x00000000        0x0 ./Generated_Code/LEDR.o
 .debug_info    0x00000000       0x76 ./Generated_Code/LEDR.o
 .debug_abbrev  0x00000000       0x28 ./Generated_Code/LEDR.o
 .debug_aranges
                0x00000000       0x18 ./Generated_Code/LEDR.o
 .debug_macinfo
                0x00000000    0x45b06 ./Generated_Code/LEDR.o
 .debug_line    0x00000000      0x273 ./Generated_Code/LEDR.o
 .debug_str     0x00000000      0x12e ./Generated_Code/LEDR.o
 .comment       0x00000000       0x7a ./Generated_Code/LEDR.o
 .ARM.attributes
                0x00000000       0x33 ./Generated_Code/LEDR.o
 .text          0x00000000        0x0 ./Generated_Code/LEDG.o
 .data          0x00000000        0x0 ./Generated_Code/LEDG.o
 .bss           0x00000000        0x0 ./Generated_Code/LEDG.o
 .debug_info    0x00000000       0x76 ./Generated_Code/LEDG.o
 .debug_abbrev  0x00000000       0x28 ./Generated_Code/LEDG.o
 .debug_aranges
                0x00000000       0x18 ./Generated_Code/LEDG.o
 .debug_macinfo
                0x00000000    0x45b06 ./Generated_Code/LEDG.o
 .debug_line    0x00000000      0x273 ./Generated_Code/LEDG.o
 .debug_str     0x00000000      0x12e ./Generated_Code/LEDG.o
 .comment       0x00000000       0x7a ./Generated_Code/LEDG.o
 .ARM.attributes
                0x00000000       0x33 ./Generated_Code/LEDG.o
 .text          0x00000000        0x0 ./Generated_Code/LEDB.o
 .data          0x00000000        0x0 ./Generated_Code/LEDB.o
 .bss           0x00000000        0x0 ./Generated_Code/LEDB.o
 .debug_info    0x00000000       0x76 ./Generated_Code/LEDB.o
 .debug_abbrev  0x00000000       0x28 ./Generated_Code/LEDB.o
 .debug_aranges
                0x00000000       0x18 ./Generated_Code/LEDB.o
 .debug_macinfo
                0x00000000    0x45b06 ./Generated_Code/LEDB.o
 .debug_line    0x00000000      0x273 ./Generated_Code/LEDB.o
 .debug_str     0x00000000      0x12e ./Generated_Code/LEDB.o
 .comment       0x00000000       0x7a ./Generated_Code/LEDB.o
 .ARM.attributes
                0x00000000       0x33 ./Generated_Code/LEDB.o
 .text          0x00000000        0x0 ./Generated_Code/IRQ.o
 .data          0x00000000        0x0 ./Generated_Code/IRQ.o
 .bss           0x00000000        0x0 ./Generated_Code/IRQ.o
 .text          0x00000000        0x0 ./Generated_Code/ExtIntLdd1.o
 .data          0x00000000        0x0 ./Generated_Code/ExtIntLdd1.o
 .bss           0x00000000        0x0 ./Generated_Code/ExtIntLdd1.o
 .text.ExtIntLdd1_GetVal
                0x00000000       0x30 ./Generated_Code/ExtIntLdd1.o
 .text          0x00000000        0x0 ./Generated_Code/Cpu.o
 .data          0x00000000        0x0 ./Generated_Code/Cpu.o
 .bss           0x00000000        0x0 ./Generated_Code/Cpu.o
 .text          0x00000000        0x0 ./Generated_Code/CSN.o
 .data          0x00000000        0x0 ./Generated_Code/CSN.o
 .bss           0x00000000        0x0 ./Generated_Code/CSN.o
 .debug_info    0x00000000       0x76 ./Generated_Code/CSN.o
 .debug_abbrev  0x00000000       0x28 ./Generated_Code/CSN.o
 .debug_aranges
                0x00000000       0x18 ./Generated_Code/CSN.o
 .debug_macinfo
                0x00000000    0x45b00 ./Generated_Code/CSN.o
 .debug_line    0x00000000      0x271 ./Generated_Code/CSN.o
 .debug_str     0x00000000      0x12d ./Generated_Code/CSN.o
 .comment       0x00000000       0x7a ./Generated_Code/CSN.o
 .ARM.attributes
                0x00000000       0x33 ./Generated_Code/CSN.o
 .text          0x00000000        0x0 ./Generated_Code/CE.o
 .data          0x00000000        0x0 ./Generated_Code/CE.o
 .bss           0x00000000        0x0 ./Generated_Code/CE.o
 .debug_info    0x00000000       0x76 ./Generated_Code/CE.o
 .debug_abbrev  0x00000000       0x28 ./Generated_Code/CE.o
 .debug_aranges
                0x00000000       0x18 ./Generated_Code/CE.o
 .debug_macinfo
                0x00000000    0x45a96 ./Generated_Code/CE.o
 .debug_line    0x00000000      0x26f ./Generated_Code/CE.o
 .debug_str     0x00000000      0x12c ./Generated_Code/CE.o
 .comment       0x00000000       0x7a ./Generated_Code/CE.o
 .ARM.attributes
                0x00000000       0x33 ./Generated_Code/CE.o
 .text          0x00000000        0x0 ./Generated_Code/BitIoLdd7.o
 .data          0x00000000        0x0 ./Generated_Code/BitIoLdd7.o
 .bss           0x00000000        0x0 ./Generated_Code/BitIoLdd7.o
 .text.BitIoLdd7_SetDir
                0x00000000       0x50 ./Generated_Code/BitIoLdd7.o
 .text.BitIoLdd7_GetVal
                0x00000000       0x54 ./Generated_Code/BitIoLdd7.o
 .text.BitIoLdd7_PutVal
                0x00000000       0x3c ./Generated_Code/BitIoLdd7.o
 .text          0x00000000        0x0 ./Generated_Code/BitIoLdd6.o
 .data          0x00000000        0x0 ./Generated_Code/BitIoLdd6.o
 .bss           0x00000000        0x0 ./Generated_Code/BitIoLdd6.o
 .text.BitIoLdd6_SetDir
                0x00000000       0x50 ./Generated_Code/BitIoLdd6.o
 .text.BitIoLdd6_GetVal
                0x00000000       0x54 ./Generated_Code/BitIoLdd6.o
 .text.BitIoLdd6_PutVal
                0x00000000       0x3c ./Generated_Code/BitIoLdd6.o
 .text          0x00000000        0x0 ./Generated_Code/BitIoLdd5.o
 .data          0x00000000        0x0 ./Generated_Code/BitIoLdd5.o
 .bss           0x00000000        0x0 ./Generated_Code/BitIoLdd5.o
 .text.BitIoLdd5_SetDir
                0x00000000       0x50 ./Generated_Code/BitIoLdd5.o
 .text.BitIoLdd5_GetVal
                0x00000000       0x54 ./Generated_Code/BitIoLdd5.o
 .text.BitIoLdd5_PutVal
                0x00000000       0x3c ./Generated_Code/BitIoLdd5.o
 .text          0x00000000        0x0 ./Generated_Code/BitIoLdd4.o
 .data          0x00000000        0x0 ./Generated_Code/BitIoLdd4.o
 .bss           0x00000000        0x0 ./Generated_Code/BitIoLdd4.o
 .text.BitIoLdd4_SetDir
                0x00000000       0x50 ./Generated_Code/BitIoLdd4.o
 .text.BitIoLdd4_GetVal
                0x00000000       0x54 ./Generated_Code/BitIoLdd4.o
 .text.BitIoLdd4_PutVal
                0x00000000       0x3c ./Generated_Code/BitIoLdd4.o
 .text.BitIoLdd4_ClrVal
                0x00000000       0x20 ./Generated_Code/BitIoLdd4.o
 .text.BitIoLdd4_SetVal
                0x00000000       0x20 ./Generated_Code/BitIoLdd4.o
 .text          0x00000000        0x0 ./Generated_Code/BitIoLdd3.o
 .data          0x00000000        0x0 ./Generated_Code/BitIoLdd3.o
 .bss           0x00000000        0x0 ./Generated_Code/BitIoLdd3.o
 .text.BitIoLdd3_GetVal
                0x00000000       0x30 ./Generated_Code/BitIoLdd3.o
 .text.BitIoLdd3_PutVal
                0x00000000       0x3c ./Generated_Code/BitIoLdd3.o
 .text          0x00000000        0x0 ./Project_Settings/Startup_Code/__arm_start.o
 .data          0x00000000        0x0 ./Project_Settings/Startup_Code/__arm_start.o
 .bss           0x00000000        0x0 ./Project_Settings/Startup_Code/__arm_start.o
 .text.__iar_program_start
                0x00000000        0x4 ./Project_Settings/Startup_Code/__arm_start.o
 .text          0x00000000        0x0 ./Project_Settings/Startup_Code/__arm_end.o
 .data          0x00000000        0x0 ./Project_Settings/Startup_Code/__arm_end.o
 .bss           0x00000000        0x0 ./Project_Settings/Startup_Code/__arm_end.o
 .text          0x00000000        0x0 ./Sources/sa_mtb.o
 .data          0x00000000        0x0 ./Sources/sa_mtb.o
 .bss           0x00000000        0x0 ./Sources/sa_mtb.o
 .debug_info    0x00000000       0x21 ./Sources/sa_mtb.o
 .debug_abbrev  0x00000000       0x12 ./Sources/sa_mtb.o
 .debug_aranges
                0x00000000       0x18 ./Sources/sa_mtb.o
 .debug_macinfo
                0x00000000     0x25a9 ./Sources/sa_mtb.o
 .debug_line    0x00000000       0xaa ./Sources/sa_mtb.o
 .debug_str     0x00000000       0x96 ./Sources/sa_mtb.o
 .comment       0x00000000       0x7a ./Sources/sa_mtb.o
 .ARM.attributes
                0x00000000       0x33 ./Sources/sa_mtb.o
 .text          0x00000000        0x0 ./Sources/nRF24L01.o
 .data          0x00000000        0x0 ./Sources/nRF24L01.o
 .bss           0x00000000        0x0 ./Sources/nRF24L01.o
 .text.RF_ReadRegister
                0x00000000       0x54 ./Sources/nRF24L01.o
 .text.RF_Write
                0x00000000       0x44 ./Sources/nRF24L01.o
 .text.RF_TxPayload
                0x00000000       0x54 ./Sources/nRF24L01.o
 .text          0x00000000        0x0 ./Sources/mqx_tasks.o
 .data          0x00000000        0x0 ./Sources/mqx_tasks.o
 .bss           0x00000000        0x0 ./Sources/mqx_tasks.o
 .text.Task1_task
                0x00000000       0x18 ./Sources/mqx_tasks.o
 .debug_info    0x00000000       0xb3 ./Sources/mqx_tasks.o
 .debug_abbrev  0x00000000       0x68 ./Sources/mqx_tasks.o
 .debug_loc     0x00000000       0x38 ./Sources/mqx_tasks.o
 .debug_aranges
                0x00000000       0x20 ./Sources/mqx_tasks.o
 .debug_macinfo
                0x00000000    0x5a7d7 ./Sources/mqx_tasks.o
 .debug_line    0x00000000      0x3c7 ./Sources/mqx_tasks.o
 .debug_str     0x00000000      0x157 ./Sources/mqx_tasks.o
 .comment       0x00000000       0x7a ./Sources/mqx_tasks.o
 .ARM.attributes
                0x00000000       0x33 ./Sources/mqx_tasks.o
 .debug_frame   0x00000000       0x2c ./Sources/mqx_tasks.o
 .text          0x00000000        0x0 ./Sources/ProcessorExpert.o
 .data          0x00000000        0x0 ./Sources/ProcessorExpert.o
 .bss           0x00000000        0x0 ./Sources/ProcessorExpert.o
 .text          0x00000000        0x0 ./Sources/Events.o
 .data          0x00000000        0x0 ./Sources/Events.o
 .bss           0x00000000        0x0 ./Sources/Events.o
 .text          0x00000000        0x0 ./Sources/Application.o
 .data          0x00000000        0x0 ./Sources/Application.o
 .bss           0x00000000        0x0 ./Sources/Application.o
 .text          0x00000000        0x0 C:/Freescale/CW MCU v10.6/MCU/ARM_GCC_Support/ewl/lib/armv7e-m\libc.a(exit.o)
 .data          0x00000000        0x0 C:/Freescale/CW MCU v10.6/MCU/ARM_GCC_Support/ewl/lib/armv7e-m\libc.a(exit.o)
 .bss           0x00000000        0x0 C:/Freescale/CW MCU v10.6/MCU/ARM_GCC_Support/ewl/lib/armv7e-m\libc.a(exit.o)
 .text          0x00000000        0x0 C:/Freescale/CW MCU v10.6/MCU/ARM_GCC_Support/ewl/lib/armv7e-m\libc.a(memset.o)
 .data          0x00000000        0x0 C:/Freescale/CW MCU v10.6/MCU/ARM_GCC_Support/ewl/lib/armv7e-m\libc.a(memset.o)
 .bss           0x00000000        0x0 C:/Freescale/CW MCU v10.6/MCU/ARM_GCC_Support/ewl/lib/armv7e-m\libc.a(memset.o)
 .text          0x00000000        0x0 C:/Freescale/CW MCU v10.6/MCU/ARM_GCC_Support/ewl/lib/armv7e-m\libc.a(__filll_mem.o)
 .data          0x00000000        0x0 C:/Freescale/CW MCU v10.6/MCU/ARM_GCC_Support/ewl/lib/armv7e-m\libc.a(__filll_mem.o)
 .bss           0x00000000        0x0 C:/Freescale/CW MCU v10.6/MCU/ARM_GCC_Support/ewl/lib/armv7e-m\libc.a(__filll_mem.o)
 .text          0x00000000        0x0 C:/Freescale/CW MCU v10.6/MCU/ARM_GCC_Support/ewl/lib/armv7e-m\libc.a(printformat_.o)
 .data          0x00000000        0x0 C:/Freescale/CW MCU v10.6/MCU/ARM_GCC_Support/ewl/lib/armv7e-m\libc.a(printformat_.o)
 .bss           0x00000000        0x0 C:/Freescale/CW MCU v10.6/MCU/ARM_GCC_Support/ewl/lib/armv7e-m\libc.a(printformat_.o)
 .text          0x00000000        0x0 C:/Freescale/CW MCU v10.6/MCU/ARM_GCC_Support/ewl/lib/armv7e-m\libc.a(scanformat_.o)
 .data          0x00000000        0x0 C:/Freescale/CW MCU v10.6/MCU/ARM_GCC_Support/ewl/lib/armv7e-m\libc.a(scanformat_.o)
 .bss           0x00000000        0x0 C:/Freescale/CW MCU v10.6/MCU/ARM_GCC_Support/ewl/lib/armv7e-m\libc.a(scanformat_.o)
 .text          0x00000000        0x0 C:/Freescale/CW MCU v10.6/MCU/ARM_GCC_Support/ewl/lib/armv7e-m\libc.a(ctype_aeabi.o)
 .data          0x00000000        0x0 C:/Freescale/CW MCU v10.6/MCU/ARM_GCC_Support/ewl/lib/armv7e-m\libc.a(ctype_aeabi.o)
 .bss           0x00000000        0x0 C:/Freescale/CW MCU v10.6/MCU/ARM_GCC_Support/ewl/lib/armv7e-m\libc.a(ctype_aeabi.o)
 .text.isalnum  0x00000000       0x18 C:/Freescale/CW MCU v10.6/MCU/ARM_GCC_Support/ewl/lib/armv7e-m\libc.a(ctype_aeabi.o)
 .text.iscntrl  0x00000000       0x1c C:/Freescale/CW MCU v10.6/MCU/ARM_GCC_Support/ewl/lib/armv7e-m\libc.a(ctype_aeabi.o)
 .text.isdigit  0x00000000        0xc C:/Freescale/CW MCU v10.6/MCU/ARM_GCC_Support/ewl/lib/armv7e-m\libc.a(ctype_aeabi.o)
 .text.isgraph  0x00000000       0x18 C:/Freescale/CW MCU v10.6/MCU/ARM_GCC_Support/ewl/lib/armv7e-m\libc.a(ctype_aeabi.o)
 .text.islower  0x00000000       0x1c C:/Freescale/CW MCU v10.6/MCU/ARM_GCC_Support/ewl/lib/armv7e-m\libc.a(ctype_aeabi.o)
 .text.isprint  0x00000000       0x18 C:/Freescale/CW MCU v10.6/MCU/ARM_GCC_Support/ewl/lib/armv7e-m\libc.a(ctype_aeabi.o)
 .text.ispunct  0x00000000       0x1c C:/Freescale/CW MCU v10.6/MCU/ARM_GCC_Support/ewl/lib/armv7e-m\libc.a(ctype_aeabi.o)
 .text.isupper  0x00000000       0x1c C:/Freescale/CW MCU v10.6/MCU/ARM_GCC_Support/ewl/lib/armv7e-m\libc.a(ctype_aeabi.o)
 .text.isxdigit
                0x00000000       0x1c C:/Freescale/CW MCU v10.6/MCU/ARM_GCC_Support/ewl/lib/armv7e-m\libc.a(ctype_aeabi.o)
 .text.isblank  0x00000000       0x28 C:/Freescale/CW MCU v10.6/MCU/ARM_GCC_Support/ewl/lib/armv7e-m\libc.a(ctype_aeabi.o)
 .text.tolower  0x00000000        0xc C:/Freescale/CW MCU v10.6/MCU/ARM_GCC_Support/ewl/lib/armv7e-m\libc.a(ctype_aeabi.o)
 .text          0x00000000        0x0 C:/Freescale/CW MCU v10.6/MCU/ARM_GCC_Support/ewl/lib/armv7e-m\libc.a(__strtoul.o)
 .data          0x00000000        0x0 C:/Freescale/CW MCU v10.6/MCU/ARM_GCC_Support/ewl/lib/armv7e-m\libc.a(__strtoul.o)
 .bss           0x00000000        0x0 C:/Freescale/CW MCU v10.6/MCU/ARM_GCC_Support/ewl/lib/armv7e-m\libc.a(__strtoul.o)
 .text          0x00000000        0x0 C:/Freescale/CW MCU v10.6/MCU/ARM_GCC_Support/ewl/lib/armv7e-m\libc.a(strchr.o)
 .data          0x00000000        0x0 C:/Freescale/CW MCU v10.6/MCU/ARM_GCC_Support/ewl/lib/armv7e-m\libc.a(strchr.o)
 .bss           0x00000000        0x0 C:/Freescale/CW MCU v10.6/MCU/ARM_GCC_Support/ewl/lib/armv7e-m\libc.a(strchr.o)
 .text          0x00000000        0x0 C:/Freescale/CW MCU v10.6/MCU/ARM_GCC_Support/ewl/lib/armv7e-m\libc.a(strlen.o)
 .data          0x00000000        0x0 C:/Freescale/CW MCU v10.6/MCU/ARM_GCC_Support/ewl/lib/armv7e-m\libc.a(strlen.o)
 .bss           0x00000000        0x0 C:/Freescale/CW MCU v10.6/MCU/ARM_GCC_Support/ewl/lib/armv7e-m\libc.a(strlen.o)
 .text          0x00000000        0x0 C:/Freescale/CW MCU v10.6/MCU/ARM_GCC_Support/ewl/lib/armv7e-m\libc.a(memchr.o)
 .data          0x00000000        0x0 C:/Freescale/CW MCU v10.6/MCU/ARM_GCC_Support/ewl/lib/armv7e-m\libc.a(memchr.o)
 .bss           0x00000000        0x0 C:/Freescale/CW MCU v10.6/MCU/ARM_GCC_Support/ewl/lib/armv7e-m\libc.a(memchr.o)
 .text          0x00000000        0x0 C:/Freescale/CW MCU v10.6/MCU/ARM_GCC_Support/ewl/lib/armv7e-m\librt.a(gcc_ctor_dtor.o)
 .data          0x00000000        0x0 C:/Freescale/CW MCU v10.6/MCU/ARM_GCC_Support/ewl/lib/armv7e-m\librt.a(gcc_ctor_dtor.o)
 .bss           0x00000000        0x0 C:/Freescale/CW MCU v10.6/MCU/ARM_GCC_Support/ewl/lib/armv7e-m\librt.a(gcc_ctor_dtor.o)
 .bss.__dso_handle
                0x00000000        0x4 C:/Freescale/CW MCU v10.6/MCU/ARM_GCC_Support/ewl/lib/armv7e-m\librt.a(gcc_ctor_dtor.o)
 .text          0x00000000        0x0 C:/Freescale/CW MCU v10.6/MCU/ARM_GCC_Support/ewl/lib/armv7e-m\librt.a(__arm_eabi_init.o)
 .data          0x00000000        0x0 C:/Freescale/CW MCU v10.6/MCU/ARM_GCC_Support/ewl/lib/armv7e-m\librt.a(__arm_eabi_init.o)
 .bss           0x00000000        0x0 C:/Freescale/CW MCU v10.6/MCU/ARM_GCC_Support/ewl/lib/armv7e-m\librt.a(__arm_eabi_init.o)
 .text.__register_global_object
                0x00000000       0x14 C:/Freescale/CW MCU v10.6/MCU/ARM_GCC_Support/ewl/lib/armv7e-m\librt.a(__arm_eabi_init.o)
 .text.__cxa_atexit
                0x00000000       0x38 C:/Freescale/CW MCU v10.6/MCU/ARM_GCC_Support/ewl/lib/armv7e-m\librt.a(__arm_eabi_init.o)
 .text.__aeabi_atexit
                0x00000000        0xa C:/Freescale/CW MCU v10.6/MCU/ARM_GCC_Support/ewl/lib/armv7e-m\librt.a(__arm_eabi_init.o)
 .text.__register_atexit
                0x00000000        0x8 C:/Freescale/CW MCU v10.6/MCU/ARM_GCC_Support/ewl/lib/armv7e-m\librt.a(__arm_eabi_init.o)
 .text.__init_hardware
                0x00000000        0x4 C:/Freescale/CW MCU v10.6/MCU/ARM_GCC_Support/ewl/lib/armv7e-m\librt.a(__arm_eabi_init.o)
 .bss.atexit_curr_func
                0x00000000        0x4 C:/Freescale/CW MCU v10.6/MCU/ARM_GCC_Support/ewl/lib/armv7e-m\librt.a(__arm_eabi_init.o)
 .bss.atexit_funcs
                0x00000000      0x300 C:/Freescale/CW MCU v10.6/MCU/ARM_GCC_Support/ewl/lib/armv7e-m\librt.a(__arm_eabi_init.o)
 .text          0x00000000        0x0 C:/Freescale/CW MCU v10.6/MCU/ARM_GCC_Support/ewl/lib/armv7e-m\librt.a(ROMCopy.o)
 .data          0x00000000        0x0 C:/Freescale/CW MCU v10.6/MCU/ARM_GCC_Support/ewl/lib/armv7e-m\librt.a(ROMCopy.o)
 .bss           0x00000000        0x0 C:/Freescale/CW MCU v10.6/MCU/ARM_GCC_Support/ewl/lib/armv7e-m\librt.a(ROMCopy.o)
 .text.__flush_cache
                0x00000000        0x2 C:/Freescale/CW MCU v10.6/MCU/ARM_GCC_Support/ewl/lib/armv7e-m\librt.a(ROMCopy.o)

Memory Configuration

Name             Origin             Length             Attributes
m_interrupts     0x00000000         0x000000f8         xr
m_text           0x00000410         0x0001fbf0         xr
m_data           0x1fffe000         0x00002000         rw
m_data_20000000  0x20000000         0x00002000         rw
m_cfmprotrom     0x00000400         0x00000010         xr
*default*        0x00000000         0xffffffff

Linker script and memory map

LOAD ./Generated_Code/WAIT1.o
LOAD ./Generated_Code/Vectors.o
LOAD ./Generated_Code/TU2.o
LOAD ./Generated_Code/TU1.o
LOAD ./Generated_Code/SMasterLdd1.o
LOAD ./Generated_Code/SM1.o
LOAD ./Generated_Code/PE_LDD.o
LOAD ./Generated_Code/LEDR.o
LOAD ./Generated_Code/LEDG.o
LOAD ./Generated_Code/LEDB.o
LOAD ./Generated_Code/IRQ.o
LOAD ./Generated_Code/ExtIntLdd1.o
LOAD ./Generated_Code/Cpu.o
LOAD ./Generated_Code/CSN.o
LOAD ./Generated_Code/CE.o
LOAD ./Generated_Code/BitIoLdd7.o
LOAD ./Generated_Code/BitIoLdd6.o
LOAD ./Generated_Code/BitIoLdd5.o
LOAD ./Generated_Code/BitIoLdd4.o
LOAD ./Generated_Code/BitIoLdd3.o
LOAD ./Project_Settings/Startup_Code/__arm_start.o
LOAD ./Project_Settings/Startup_Code/__arm_end.o
LOAD ./Sources/sa_mtb.o
LOAD ./Sources/nRF24L01.o
LOAD ./Sources/mqx_tasks.o
LOAD ./Sources/ProcessorExpert.o
LOAD ./Sources/Events.o
LOAD ./Sources/Application.o
                0x000024b4                __pformatter = __pformatter_
                [0x000028ac]                __sformatter = __sformatter
START GROUP
LOAD C:/Freescale/CW MCU v10.6/MCU/ARM_GCC_Support/ewl/lib/armv7e-m\libc.a
LOAD C:/Freescale/CW MCU v10.6/MCU/ARM_GCC_Support/ewl/lib/armv7e-m\libm.a
LOAD c:/freescale/cw mcu v10.6/cross_tools/arm-none-eabi-gcc-4_7_3/bin/../lib/gcc/arm-none-eabi/4.7.3/armv7e-m\libgcc.a
LOAD C:/Freescale/CW MCU v10.6/MCU/ARM_GCC_Support/ewl/lib/armv7e-m\librt.a
LOAD C:/Freescale/CW MCU v10.6/MCU/ARM_GCC_Support/ewl/lib/armv7e-m\libuart.a
END GROUP
                0x20000000                _estack = 0x20000000
                0x20000000                __SP_INIT = _estack
                0x00000000                __heap_size = 0x0
                0x00000400                __stack_size = 0x400

.interrupts     0x00000000       0xf8
                0x00000000                __vector_table = .
                0x00000000                . = ALIGN (0x4)
 *(.vectortable)
 .vectortable   0x00000000       0xf8 ./Generated_Code/Vectors.o
                0x00000000                __vect_table
                0x000000f8                . = ALIGN (0x4)

.cfmprotect     0x00000400       0x10
                0x00000400                . = ALIGN (0x4)
 *(.cfmconfig)
 .cfmconfig     0x00000400       0x10 ./Generated_Code/Cpu.o
                0x00000400                _cfm
                0x00000410                . = ALIGN (0x4)

.text           0x00000410     0x3074
                0x00000410                . = ALIGN (0x4)
 *(.text)
 *(.text*)
 .text.WAIT1_Wait10Cycles
                0x00000410        0x8 ./Generated_Code/WAIT1.o
                0x00000410                WAIT1_Wait10Cycles
 .text.WAIT1_Wait100Cycles
                0x00000418       0x1c ./Generated_Code/WAIT1.o
                0x00000418                WAIT1_Wait100Cycles
 .text.WAIT1_WaitCycles
                0x00000434       0x3c ./Generated_Code/WAIT1.o
                0x00000434                WAIT1_WaitCycles
 .text.WAIT1_WaitLongCycles
                0x00000470       0x3c ./Generated_Code/WAIT1.o
                0x00000470                WAIT1_WaitLongCycles
 .text.WAIT1_Waitms
                0x000004ac       0x30 ./Generated_Code/WAIT1.o
                0x000004ac                WAIT1_Waitms
 .text.SMasterLdd1_Init
                0x000004dc      0x19c ./Generated_Code/SMasterLdd1.o
                0x000004dc                SMasterLdd1_Init
 .text.SMasterLdd1_ReceiveBlock
                0x00000678       0xac ./Generated_Code/SMasterLdd1.o
                0x00000678                SMasterLdd1_ReceiveBlock
 .text.SMasterLdd1_SendBlock
                0x00000724       0xc4 ./Generated_Code/SMasterLdd1.o
                0x00000724                SMasterLdd1_SendBlock
 .text.SMasterLdd1_Interrupt
                0x000007e8      0x14c ./Generated_Code/SMasterLdd1.o
                0x000007e8                SMasterLdd1_Interrupt
 .text.SM1_RecvChar
                0x00000934      0x130 ./Generated_Code/SM1.o
                0x00000934                SM1_RecvChar
 .text.SM1_SendChar
                0x00000a64      0x150 ./Generated_Code/SM1.o
                0x00000a64                SM1_SendChar
 .text.SM1_GetCharsInRxBuf
                0x00000bb4       0x18 ./Generated_Code/SM1.o
                0x00000bb4                SM1_GetCharsInRxBuf
 .text.SM1_GetCharsInTxBuf
                0x00000bcc       0x18 ./Generated_Code/SM1.o
                0x00000bcc                SM1_GetCharsInTxBuf
 .text.SM1_Init
                0x00000be4       0xa8 ./Generated_Code/SM1.o
                0x00000be4                SM1_Init
 .text.SMasterLdd1_OnBlockReceived
                0x00000c8c       0xdc ./Generated_Code/SM1.o
                0x00000c8c                SMasterLdd1_OnBlockReceived
 .text.SMasterLdd1_OnBlockSent
                0x00000d68       0xd4 ./Generated_Code/SM1.o
                0x00000d68                SMasterLdd1_OnBlockSent
 .text.ExtIntLdd1_OnInterrupt
                0x00000e3c       0x14 ./Generated_Code/IRQ.o
                0x00000e3c                ExtIntLdd1_OnInterrupt
 .text.ExtIntLdd1_Init
                0x00000e50       0xa8 ./Generated_Code/ExtIntLdd1.o
                0x00000e50                ExtIntLdd1_Init
 .text.ExtIntLdd1_Interrupt
                0x00000ef8       0x4c ./Generated_Code/ExtIntLdd1.o
                0x00000ef8                ExtIntLdd1_Interrupt
 .text.Cpu_ivINT_NMI
                0x00000f44       0x18 ./Generated_Code/Cpu.o
                0x00000f44                Cpu_ivINT_NMI
 .text.Cpu_ivINT_Hard_Fault
                0x00000f5c       0x18 ./Generated_Code/Cpu.o
                0x00000f5c                Cpu_ivINT_Hard_Fault
 .text.Cpu_ivINT_Mem_Manage_Fault
                0x00000f74       0x18 ./Generated_Code/Cpu.o
                0x00000f74                Cpu_ivINT_Mem_Manage_Fault
 .text.Cpu_ivINT_Bus_Fault
                0x00000f8c       0x18 ./Generated_Code/Cpu.o
                0x00000f8c                Cpu_ivINT_Bus_Fault
 .text.Cpu_ivINT_Usage_Fault
                0x00000fa4       0x18 ./Generated_Code/Cpu.o
                0x00000fa4                Cpu_ivINT_Usage_Fault
 .text.Cpu_ivINT_Reserved7
                0x00000fbc       0x18 ./Generated_Code/Cpu.o
                0x00000fbc                Cpu_ivINT_Reserved7
 .text.Cpu_ivINT_Reserved8
                0x00000fd4       0x18 ./Generated_Code/Cpu.o
                0x00000fd4                Cpu_ivINT_Reserved8
 .text.Cpu_ivINT_Reserved9
                0x00000fec       0x18 ./Generated_Code/Cpu.o
                0x00000fec                Cpu_ivINT_Reserved9
 .text.Cpu_ivINT_Reserved10
                0x00001004       0x18 ./Generated_Code/Cpu.o
                0x00001004                Cpu_ivINT_Reserved10
 .text.Cpu_ivINT_SVCall
                0x0000101c       0x18 ./Generated_Code/Cpu.o
                0x0000101c                Cpu_ivINT_SVCall
 .text.Cpu_ivINT_DebugMonitor
                0x00001034       0x18 ./Generated_Code/Cpu.o
                0x00001034                Cpu_ivINT_DebugMonitor
 .text.Cpu_ivINT_Reserved13
                0x0000104c       0x18 ./Generated_Code/Cpu.o
                0x0000104c                Cpu_ivINT_Reserved13
 .text.Cpu_ivINT_PendableSrvReq
                0x00001064       0x18 ./Generated_Code/Cpu.o
                0x00001064                Cpu_ivINT_PendableSrvReq
 .text.Cpu_ivINT_SysTick
                0x0000107c       0x18 ./Generated_Code/Cpu.o
                0x0000107c                Cpu_ivINT_SysTick
 .text.Cpu_ivINT_DMA0
                0x00001094       0x18 ./Generated_Code/Cpu.o
                0x00001094                Cpu_ivINT_DMA0
 .text.Cpu_ivINT_DMA1
                0x000010ac       0x18 ./Generated_Code/Cpu.o
                0x000010ac                Cpu_ivINT_DMA1
 .text.Cpu_ivINT_DMA2
                0x000010c4       0x18 ./Generated_Code/Cpu.o
                0x000010c4                Cpu_ivINT_DMA2
 .text.Cpu_ivINT_DMA3
                0x000010dc       0x18 ./Generated_Code/Cpu.o
                0x000010dc                Cpu_ivINT_DMA3
 .text.Cpu_ivINT_DMA_Error
                0x000010f4       0x18 ./Generated_Code/Cpu.o
                0x000010f4                Cpu_ivINT_DMA_Error
 .text.Cpu_ivINT_Reserved21
                0x0000110c       0x18 ./Generated_Code/Cpu.o
                0x0000110c                Cpu_ivINT_Reserved21
 .text.Cpu_ivINT_FTFL
                0x00001124       0x18 ./Generated_Code/Cpu.o
                0x00001124                Cpu_ivINT_FTFL
 .text.Cpu_ivINT_Read_Collision
                0x0000113c       0x18 ./Generated_Code/Cpu.o
                0x0000113c                Cpu_ivINT_Read_Collision
 .text.Cpu_ivINT_LVD_LVW
                0x00001154       0x18 ./Generated_Code/Cpu.o
                0x00001154                Cpu_ivINT_LVD_LVW
 .text.Cpu_ivINT_LLW
                0x0000116c       0x18 ./Generated_Code/Cpu.o
                0x0000116c                Cpu_ivINT_LLW
 .text.Cpu_ivINT_Watchdog
                0x00001184       0x18 ./Generated_Code/Cpu.o
                0x00001184                Cpu_ivINT_Watchdog
 .text.Cpu_ivINT_I2C0
                0x0000119c       0x18 ./Generated_Code/Cpu.o
                0x0000119c                Cpu_ivINT_I2C0
 .text.Cpu_ivINT_I2S0_Tx
                0x000011b4       0x18 ./Generated_Code/Cpu.o
                0x000011b4                Cpu_ivINT_I2S0_Tx
 .text.Cpu_ivINT_I2S0_Rx
                0x000011cc       0x18 ./Generated_Code/Cpu.o
                0x000011cc                Cpu_ivINT_I2S0_Rx
 .text.Cpu_ivINT_UART0_LON
                0x000011e4       0x18 ./Generated_Code/Cpu.o
                0x000011e4                Cpu_ivINT_UART0_LON
 .text.Cpu_ivINT_UART0_RX_TX
                0x000011fc       0x18 ./Generated_Code/Cpu.o
                0x000011fc                Cpu_ivINT_UART0_RX_TX
 .text.Cpu_ivINT_UART0_ERR
                0x00001214       0x18 ./Generated_Code/Cpu.o
                0x00001214                Cpu_ivINT_UART0_ERR
 .text.Cpu_ivINT_UART1_RX_TX
                0x0000122c       0x18 ./Generated_Code/Cpu.o
                0x0000122c                Cpu_ivINT_UART1_RX_TX
 .text.Cpu_ivINT_UART1_ERR
                0x00001244       0x18 ./Generated_Code/Cpu.o
                0x00001244                Cpu_ivINT_UART1_ERR
 .text.Cpu_ivINT_UART2_RX_TX
                0x0000125c       0x18 ./Generated_Code/Cpu.o
                0x0000125c                Cpu_ivINT_UART2_RX_TX
 .text.Cpu_ivINT_UART2_ERR
                0x00001274       0x18 ./Generated_Code/Cpu.o
                0x00001274                Cpu_ivINT_UART2_ERR
 .text.Cpu_ivINT_ADC0
                0x0000128c       0x18 ./Generated_Code/Cpu.o
                0x0000128c                Cpu_ivINT_ADC0
 .text.Cpu_ivINT_CMP0
                0x000012a4       0x18 ./Generated_Code/Cpu.o
                0x000012a4                Cpu_ivINT_CMP0
 .text.Cpu_ivINT_CMP1
                0x000012bc       0x18 ./Generated_Code/Cpu.o
                0x000012bc                Cpu_ivINT_CMP1
 .text.Cpu_ivINT_FTM0
                0x000012d4       0x18 ./Generated_Code/Cpu.o
                0x000012d4                Cpu_ivINT_FTM0
 .text.Cpu_ivINT_FTM1
                0x000012ec       0x18 ./Generated_Code/Cpu.o
                0x000012ec                Cpu_ivINT_FTM1
 .text.Cpu_ivINT_CMT
                0x00001304       0x18 ./Generated_Code/Cpu.o
                0x00001304                Cpu_ivINT_CMT
 .text.Cpu_ivINT_RTC
                0x0000131c       0x18 ./Generated_Code/Cpu.o
                0x0000131c                Cpu_ivINT_RTC
 .text.Cpu_ivINT_RTC_Seconds
                0x00001334       0x18 ./Generated_Code/Cpu.o
                0x00001334                Cpu_ivINT_RTC_Seconds
 .text.Cpu_ivINT_PIT0
                0x0000134c       0x18 ./Generated_Code/Cpu.o
                0x0000134c                Cpu_ivINT_PIT0
 .text.Cpu_ivINT_PIT1
                0x00001364       0x18 ./Generated_Code/Cpu.o
                0x00001364                Cpu_ivINT_PIT1
 .text.Cpu_ivINT_PIT2
                0x0000137c       0x18 ./Generated_Code/Cpu.o
                0x0000137c                Cpu_ivINT_PIT2
 .text.Cpu_ivINT_PIT3
                0x00001394       0x18 ./Generated_Code/Cpu.o
                0x00001394                Cpu_ivINT_PIT3
 .text.Cpu_ivINT_PDB0
                0x000013ac       0x18 ./Generated_Code/Cpu.o
                0x000013ac                Cpu_ivINT_PDB0
 .text.Cpu_ivINT_USB0
                0x000013c4       0x18 ./Generated_Code/Cpu.o
                0x000013c4                Cpu_ivINT_USB0
 .text.Cpu_ivINT_USBDCD
                0x000013dc       0x18 ./Generated_Code/Cpu.o
                0x000013dc                Cpu_ivINT_USBDCD
 .text.Cpu_ivINT_TSI0
                0x000013f4       0x18 ./Generated_Code/Cpu.o
                0x000013f4                Cpu_ivINT_TSI0
 .text.Cpu_ivINT_MCG
                0x0000140c       0x18 ./Generated_Code/Cpu.o
                0x0000140c                Cpu_ivINT_MCG
 .text.Cpu_ivINT_LPTimer
                0x00001424       0x18 ./Generated_Code/Cpu.o
                0x00001424                Cpu_ivINT_LPTimer
 .text.Cpu_ivINT_PORTA
                0x0000143c       0x18 ./Generated_Code/Cpu.o
                0x0000143c                Cpu_ivINT_PORTA
 .text.Cpu_ivINT_PORTB
                0x00001454       0x18 ./Generated_Code/Cpu.o
                0x00001454                Cpu_ivINT_PORTB
 .text.Cpu_ivINT_PORTC
                0x0000146c       0x18 ./Generated_Code/Cpu.o
                0x0000146c                Cpu_ivINT_PORTC
 .text.Cpu_ivINT_PORTD
                0x00001484       0x18 ./Generated_Code/Cpu.o
                0x00001484                Cpu_ivINT_PORTD
 .text.Cpu_ivINT_SWI
                0x0000149c       0x18 ./Generated_Code/Cpu.o
                0x0000149c                Cpu_ivINT_SWI
 .text.__init_hardware
                0x000014b4      0x290 ./Generated_Code/Cpu.o
                0x000014b4                __init_hardware
 .text.Cpu_SetBASEPRI
                0x00001744       0x18 ./Generated_Code/Cpu.o
                0x00001744                Cpu_SetBASEPRI
 .text.PE_low_level_init
                0x0000175c      0x138 ./Generated_Code/Cpu.o
                0x0000175c                PE_low_level_init
 .text.BitIoLdd7_Init
                0x00001894       0x84 ./Generated_Code/BitIoLdd7.o
                0x00001894                BitIoLdd7_Init
 .text.BitIoLdd7_ClrVal
                0x00001918       0x20 ./Generated_Code/BitIoLdd7.o
                0x00001918                BitIoLdd7_ClrVal
 .text.BitIoLdd7_SetVal
                0x00001938       0x20 ./Generated_Code/BitIoLdd7.o
                0x00001938                BitIoLdd7_SetVal
 .text.BitIoLdd6_Init
                0x00001958       0x84 ./Generated_Code/BitIoLdd6.o
                0x00001958                BitIoLdd6_Init
 .text.BitIoLdd6_ClrVal
                0x000019dc       0x20 ./Generated_Code/BitIoLdd6.o
                0x000019dc                BitIoLdd6_ClrVal
 .text.BitIoLdd6_SetVal
                0x000019fc       0x20 ./Generated_Code/BitIoLdd6.o
                0x000019fc                BitIoLdd6_SetVal
 .text.BitIoLdd5_Init
                0x00001a1c       0x84 ./Generated_Code/BitIoLdd5.o
                0x00001a1c                BitIoLdd5_Init
 .text.BitIoLdd5_ClrVal
                0x00001aa0       0x20 ./Generated_Code/BitIoLdd5.o
                0x00001aa0                BitIoLdd5_ClrVal
 .text.BitIoLdd5_SetVal
                0x00001ac0       0x20 ./Generated_Code/BitIoLdd5.o
                0x00001ac0                BitIoLdd5_SetVal
 .text.BitIoLdd4_Init
                0x00001ae0       0x84 ./Generated_Code/BitIoLdd4.o
                0x00001ae0                BitIoLdd4_Init
 .text.BitIoLdd3_Init
                0x00001b64       0x84 ./Generated_Code/BitIoLdd3.o
                0x00001b64                BitIoLdd3_Init
 .text.BitIoLdd3_ClrVal
                0x00001be8       0x20 ./Generated_Code/BitIoLdd3.o
                0x00001be8                BitIoLdd3_ClrVal
 .text.BitIoLdd3_SetVal
                0x00001c08       0x20 ./Generated_Code/BitIoLdd3.o
                0x00001c08                BitIoLdd3_SetVal
 .text.zero_fill_bss
                0x00001c28       0x2c ./Project_Settings/Startup_Code/__arm_start.o
 .text.__thumb_startup
                0x00001c54       0x30 ./Project_Settings/Startup_Code/__arm_start.o
                0x00001c54                __thumb_startup
 .text._ExitProcess
                0x00001c84        0xc ./Project_Settings/Startup_Code/__arm_end.o
                0x00001c84                _ExitProcess
 .text.RF_WAIT_US
                0x00001c90       0xe4 ./Sources/nRF24L01.o
                0x00001c90                RF_WAIT_US
 .text.SPI_WriteRead
                0x00001d74       0x5c ./Sources/nRF24L01.o
 .text.SPI_WriteReadBuffer
                0x00001dd0       0x48 ./Sources/nRF24L01.o
 .text.SPI_WriteBuffer
                0x00001e18       0x3c ./Sources/nRF24L01.o
 .text.RF_WriteRegister
                0x00001e54       0x54 ./Sources/nRF24L01.o
                0x00001e54                RF_WriteRegister
 .text.RF_ReadRegisterData
                0x00001ea8       0x54 ./Sources/nRF24L01.o
                0x00001ea8                RF_ReadRegisterData
 .text.RF_WriteRegisterData
                0x00001efc       0x58 ./Sources/nRF24L01.o
                0x00001efc                RF_WriteRegisterData
 .text.RF_WriteRead
                0x00001f54       0x4c ./Sources/nRF24L01.o
                0x00001f54                RF_WriteRead
 .text.RF_GetStatus
                0x00001fa0       0x14 ./Sources/nRF24L01.o
                0x00001fa0                RF_GetStatus
 .text.RF_ResetStatusIRQ
                0x00001fb4       0x60 ./Sources/nRF24L01.o
                0x00001fb4                RF_ResetStatusIRQ
 .text.RF_RxPayload
                0x00002014       0x44 ./Sources/nRF24L01.o
                0x00002014                RF_RxPayload
 .text.RF_Init  0x00002058       0x28 ./Sources/nRF24L01.o
                0x00002058                RF_Init
 .text.main     0x00002080       0x10 ./Sources/ProcessorExpert.o
                0x00002080                main
 .text.IRQ_OnInterrupt
                0x00002090        0xc ./Sources/Events.o
                0x00002090                IRQ_OnInterrupt
 .text.APP_OnInterrupt
                0x0000209c       0x24 ./Sources/Application.o
                0x0000209c                APP_OnInterrupt
 .text.APP_Run  0x000020c0      0x1a4 ./Sources/Application.o
                0x000020c0                APP_Run
 .text.exit     0x00002264       0x38 C:/Freescale/CW MCU v10.6/MCU/ARM_GCC_Support/ewl/lib/armv7e-m\libc.a(exit.o)
                0x00002264                exit
 .text.memset   0x0000229c        0xc C:/Freescale/CW MCU v10.6/MCU/ARM_GCC_Support/ewl/lib/armv7e-m\libc.a(memset.o)
                0x0000229c                memset
 .text.__fill_mem
                0x000022a8       0x76 C:/Freescale/CW MCU v10.6/MCU/ARM_GCC_Support/ewl/lib/armv7e-m\libc.a(__filll_mem.o)
                0x000022a8                __fill_mem
 .text.long2str.isra.0
                0x0000231e      0x196 C:/Freescale/CW MCU v10.6/MCU/ARM_GCC_Support/ewl/lib/armv7e-m\libc.a(printformat_.o)
 .text.__pformatter_
                0x000024b4      0x3f8 C:/Freescale/CW MCU v10.6/MCU/ARM_GCC_Support/ewl/lib/armv7e-m\libc.a(printformat_.o)
                0x000024b4                __pformatter_
 .text.__sformatter
                0x000028ac      0x6f4 C:/Freescale/CW MCU v10.6/MCU/ARM_GCC_Support/ewl/lib/armv7e-m\libc.a(scanformat_.o)
                0x000028ac                __sformatter
 .text.isalpha  0x00002fa0       0x1c C:/Freescale/CW MCU v10.6/MCU/ARM_GCC_Support/ewl/lib/armv7e-m\libc.a(ctype_aeabi.o)
                0x00002fa0                isalpha
 .text.isspace  0x00002fbc       0x1c C:/Freescale/CW MCU v10.6/MCU/ARM_GCC_Support/ewl/lib/armv7e-m\libc.a(ctype_aeabi.o)
                0x00002fbc                isspace
 .text.toupper  0x00002fd8        0xc C:/Freescale/CW MCU v10.6/MCU/ARM_GCC_Support/ewl/lib/armv7e-m\libc.a(ctype_aeabi.o)
                0x00002fd8                toupper
 .text.__strtoul
                0x00002fe4      0x214 C:/Freescale/CW MCU v10.6/MCU/ARM_GCC_Support/ewl/lib/armv7e-m\libc.a(__strtoul.o)
                0x00002fe4                __strtoul
 .text.strchr   0x000031f8       0x1a C:/Freescale/CW MCU v10.6/MCU/ARM_GCC_Support/ewl/lib/armv7e-m\libc.a(strchr.o)
                0x000031f8                strchr
 .text.strlen   0x00003212       0x10 C:/Freescale/CW MCU v10.6/MCU/ARM_GCC_Support/ewl/lib/armv7e-m\libc.a(strlen.o)
                0x00003212                strlen
 .text.memchr   0x00003222       0x18 C:/Freescale/CW MCU v10.6/MCU/ARM_GCC_Support/ewl/lib/armv7e-m\libc.a(memchr.o)
                0x00003222                memchr
 *fill*         0x0000323a        0x2 00
 .text.__init_cpp
                0x0000323c       0x4c C:/Freescale/CW MCU v10.6/MCU/ARM_GCC_Support/ewl/lib/armv7e-m\librt.a(gcc_ctor_dtor.o)
                0x0000323c                __init_cpp
 .text.__fini_cpp
                0x00003288       0x34 C:/Freescale/CW MCU v10.6/MCU/ARM_GCC_Support/ewl/lib/armv7e-m\librt.a(gcc_ctor_dtor.o)
                0x00003288                __fini_cpp
 .text.__destroy_global_chain
                0x000032bc       0x18 C:/Freescale/CW MCU v10.6/MCU/ARM_GCC_Support/ewl/lib/armv7e-m\librt.a(__arm_eabi_init.o)
                0x000032bc                __destroy_global_chain
 .text.__init_registers
                0x000032d4       0x24 C:/Freescale/CW MCU v10.6/MCU/ARM_GCC_Support/ewl/lib/armv7e-m\librt.a(__arm_eabi_init.o)
                0x000032d4                __init_registers
 .text.__init_user
                0x000032f8        0x4 C:/Freescale/CW MCU v10.6/MCU/ARM_GCC_Support/ewl/lib/armv7e-m\librt.a(__arm_eabi_init.o)
                0x000032f8                __init_user
 .text.__copy_rom_section
                0x000032fc       0x44 C:/Freescale/CW MCU v10.6/MCU/ARM_GCC_Support/ewl/lib/armv7e-m\librt.a(ROMCopy.o)
                0x000032fc                __copy_rom_section
 .text.__copy_rom_sections_to_ram
                0x00003340       0x30 C:/Freescale/CW MCU v10.6/MCU/ARM_GCC_Support/ewl/lib/armv7e-m\librt.a(ROMCopy.o)
                0x00003340                __copy_rom_sections_to_ram
 *(.rodata)
 *(.rodata*)
 .rodata.TADDR  0x00003370        0x8 ./Sources/Application.o
 .rodata.str1.1
                0x00003378        0x1 C:/Freescale/CW MCU v10.6/MCU/ARM_GCC_Support/ewl/lib/armv7e-m\libc.a(printformat_.o)
 .rodata.CSWTCH.20
                0x00003379        0x5 C:/Freescale/CW MCU v10.6/MCU/ARM_GCC_Support/ewl/lib/armv7e-m\libc.a(printformat_.o)
 .rodata.CSWTCH.21
                0x0000337e        0x5 C:/Freescale/CW MCU v10.6/MCU/ARM_GCC_Support/ewl/lib/armv7e-m\libc.a(printformat_.o)
 .rodata.__aeabi_ctype_table_C
                0x00003383      0x101 C:/Freescale/CW MCU v10.6/MCU/ARM_GCC_Support/ewl/lib/armv7e-m\libc.a(ctype_aeabi.o)
                0x00003383                __aeabi_ctype_table_C
 *(.glue_7)
 .glue_7        0x00000000        0x0 linker stubs
 *(.glue_7t)
 .glue_7t       0x00000000        0x0 linker stubs
 *(.eh_frame)
 *(.init)
 *(.fini)
                0x00003484                . = ALIGN (0x4)
                0x00003484                _etext = .

.vfp11_veneer   0x00003484        0x0
 .vfp11_veneer  0x00000000        0x0 linker stubs

.v4_bx          0x00003484        0x0
 .v4_bx         0x00000000        0x0 linker stubs

.iplt           0x00003484        0x0
 .iplt          0x00000000        0x0 ./Generated_Code/WAIT1.o

.rel.dyn        0x00003484        0x0
 .rel.iplt      0x00000000        0x0 ./Generated_Code/WAIT1.o

.ARM.extab
 *(.ARM.extab* .gnu.linkonce.armextab.*)

.ARM            0x00003484        0x0
                0x00003484                __exidx_start = .
 *(.ARM.exidx*)
                0x00003484                __exidx_end = .

.ctors          0x00003484        0x0
                0x00003484                __CTOR_LIST__ = .
 *crtbegin.o(.ctors)
 *(EXCLUDE_FILE(*crtend.o) .ctors)
 *(SORT(.ctors.*))
 *(.ctors)
                0x00003484                __CTOR_END__ = .

.dtors          0x00003484        0x0
                0x00003484                __DTOR_LIST__ = .
 *crtbegin.o(.dtors)
 *(EXCLUDE_FILE(*crtend.o) .dtors)
 *(SORT(.dtors.*))
 *(.dtors)
                0x00003484                __DTOR_END__ = .

.preinit_array  0x00003484        0x0
                0x00003484                PROVIDE (__preinit_array_start, .)
 *(.preinit_array*)
                0x00003484                PROVIDE (__preinit_array_end, .)

.init_array     0x00003484        0x0
                0x00003484                PROVIDE (__init_array_start, .)
 *(SORT(.init_array.*))
 *(.init_array*)
                0x00003484                PROVIDE (__init_array_end, .)

.fini_array     0x00003484        0x0
                0x00003484                PROVIDE (__fini_array_start, .)
 *(SORT(.fini_array.*))
 *(.fini_array*)
                0x00003484                PROVIDE (__fini_array_end, .)
                0x00003484                ___ROM_AT = .

.data           0x1fffe000        0x0 load address 0x00003484
                0x1fffe000                . = ALIGN (0x4)
                0x1fffe000                _sdata = .
 *(.data)
 *(.data*)
                0x1fffe000                . = ALIGN (0x4)
                0x1fffe000                _edata = .
                0x00000000                ___data_size = (_edata - _sdata)
                0x00003484                ___m_data_20000000_ROMStart = (___ROM_AT + SIZEOF (.data))

.igot.plt       0x1fffe000        0x0
 .igot.plt      0x00000000        0x0 ./Generated_Code/WAIT1.o

.m_data_20000000
                0x20000000        0x0 load address 0x00003484
                0x20000000                . = ALIGN (0x4)
                0x20000000                ___m_data_20000000_RAMStart = .
 *(.m_data_20000000)
                0x20000000                ___m_data_20000000_RAMEnd = .
                0x20000000                . = ALIGN (0x4)
                0x00000000                ___m_data_20000000_ROMSize = (___m_data_20000000_RAMEnd - ___m_data_20000000_RAMStart)
                0x20000000                . = ALIGN (0x4)

.bss            0x1fffe000      0x108
                0x1fffe000                __START_BSS = .
                0x1fffe000                PROVIDE (__bss_start__, __START_BSS)
 *(.bss)
 *(.bss*)
 .bss.DeviceDataPrv__DEFAULT_RTOS_ALLOC
                0x1fffe000       0x20 ./Generated_Code/SMasterLdd1.o
 .bss.INT_SPI0__DEFAULT_RTOS_ISRPARAM
                0x1fffe020        0x4 ./Generated_Code/SMasterLdd1.o
 .bss.SerFlag   0x1fffe024        0x1 ./Generated_Code/SM1.o
 .bss.ErrFlag   0x1fffe025        0x1 ./Generated_Code/SM1.o
 .bss.SM1_InpLen
                0x1fffe026        0x2 ./Generated_Code/SM1.o
 .bss.InpIndexR
                0x1fffe028        0x1 ./Generated_Code/SM1.o
 .bss.InpIndexW
                0x1fffe029        0x1 ./Generated_Code/SM1.o
 *fill*         0x1fffe02a        0x2 00
 .bss.InpBuffer
                0x1fffe02c       0x30 ./Generated_Code/SM1.o
 .bss.BufferRead
                0x1fffe05c        0x1 ./Generated_Code/SM1.o
 *fill*         0x1fffe05d        0x1 00
 .bss.SM1_OutLen
                0x1fffe05e        0x2 ./Generated_Code/SM1.o
 .bss.OutIndexR
                0x1fffe060        0x1 ./Generated_Code/SM1.o
 .bss.OutIndexW
                0x1fffe061        0x1 ./Generated_Code/SM1.o
 *fill*         0x1fffe062        0x2 00
 .bss.OutBuffer
                0x1fffe064       0x30 ./Generated_Code/SM1.o
 .bss.PE_LDD_DeviceDataList
                0x1fffe094       0x24 ./Generated_Code/PE_LDD.o
                0x1fffe094                PE_LDD_DeviceDataList
 .bss.DeviceDataPrv__DEFAULT_RTOS_ALLOC
                0x1fffe0b8        0x4 ./Generated_Code/ExtIntLdd1.o
 .bss.INT_PORTE__DEFAULT_RTOS_ISRPARAM
                0x1fffe0bc        0x4 ./Generated_Code/ExtIntLdd1.o
 .bss.SR_lock   0x1fffe0c0        0x1 ./Generated_Code/Cpu.o
                0x1fffe0c0                SR_lock
 *fill*         0x1fffe0c1        0x3 00
 .bss.DeviceDataPrv__DEFAULT_RTOS_ALLOC
                0x1fffe0c4        0x4 ./Generated_Code/BitIoLdd7.o
 .bss.DeviceDataPrv__DEFAULT_RTOS_ALLOC
                0x1fffe0c8        0x4 ./Generated_Code/BitIoLdd6.o
 .bss.DeviceDataPrv__DEFAULT_RTOS_ALLOC
                0x1fffe0cc        0x4 ./Generated_Code/BitIoLdd5.o
 .bss.DeviceDataPrv__DEFAULT_RTOS_ALLOC
                0x1fffe0d0        0x4 ./Generated_Code/BitIoLdd4.o
 .bss.DeviceDataPrv__DEFAULT_RTOS_ALLOC
                0x1fffe0d4        0x4 ./Generated_Code/BitIoLdd3.o
 .bss.argv      0x1fffe0d8        0x4 ./Project_Settings/Startup_Code/__arm_start.o
 .bss.payload   0x1fffe0dc        0x8 ./Sources/Application.o
 .bss.isrFlag   0x1fffe0e4        0x1 ./Sources/Application.o
 *fill*         0x1fffe0e5        0x3 00
 .bss.__stdio_exit
                0x1fffe0e8        0x4 C:/Freescale/CW MCU v10.6/MCU/ARM_GCC_Support/ewl/lib/armv7e-m\libc.a(exit.o)
                0x1fffe0e8                __stdio_exit
 .bss.__console_exit
                0x1fffe0ec        0x4 C:/Freescale/CW MCU v10.6/MCU/ARM_GCC_Support/ewl/lib/armv7e-m\libc.a(exit.o)
                0x1fffe0ec                __console_exit
 .bss.__global_destructor_chain
                0x1fffe0f0        0x4 C:/Freescale/CW MCU v10.6/MCU/ARM_GCC_Support/ewl/lib/armv7e-m\librt.a(__arm_eabi_init.o)
                0x1fffe0f0                __global_destructor_chain
 .bss.__S_romp  0x1fffe0f4        0xc C:/Freescale/CW MCU v10.6/MCU/ARM_GCC_Support/ewl/lib/armv7e-m\librt.a(ROMCopy.o)
 *(COMMON)
 COMMON         0x1fffe100        0x4 ./Generated_Code/SM1.o
                0x1fffe100                SMasterLdd1_DeviceDataPtr
 COMMON         0x1fffe104        0x1 ./Generated_Code/Cpu.o
                0x1fffe104                SR_reg
                0x1fffe108                . = ALIGN (0x4)
 *fill*         0x1fffe105        0x3 00
                0x1fffe108                __END_BSS = .
                0x1fffe108                PROVIDE (__bss_end__, __END_BSS)
                0x00003484                _romp_at = ((___ROM_AT + SIZEOF (.data)) + SIZEOF (.m_data_20000000))

.romp           0x1fffe108       0x24 load address 0x00003484
                0x00003484                __S_romp = _romp_at
                0x1fffe108        0x4 LONG 0x3484 ___ROM_AT
                0x1fffe10c        0x4 LONG 0x1fffe000 _sdata
                0x1fffe110        0x4 LONG 0x0 ___data_size
                0x1fffe114        0x4 LONG 0x3484 ___m_data_20000000_ROMStart
                0x1fffe118        0x4 LONG 0x20000000 ___m_data_20000000_RAMStart
                0x1fffe11c        0x4 LONG 0x0 ___m_data_20000000_ROMSize
                0x1fffe120        0x4 LONG 0x0
                0x1fffe124        0x4 LONG 0x0
                0x1fffe128        0x4 LONG 0x0

._user_heap_stack
                0x1fffe12c      0x400 load address 0x000034a8
                0x1fffe12c                . = ALIGN (0x4)
                0x1fffe12c                PROVIDE (end, .)
                0x1fffe12c                PROVIDE (_end, .)
                0x1fffe12c                __heap_addr = .
                0x1fffe12c                . = (. + __heap_size)
                0x1fffe52c                . = (. + __stack_size)
 *fill*         0x1fffe12c      0x400 00
                0x1fffe52c                . = ALIGN (0x4)

.ARM.attributes
                0x00000000       0x33
 *(.ARM.attributes)
 .ARM.attributes
                0x00000000       0x33 ./Generated_Code/WAIT1.o
 .ARM.attributes
                0x00000033       0x33 ./Generated_Code/Vectors.o
 .ARM.attributes
                0x00000066       0x33 ./Generated_Code/SMasterLdd1.o
 .ARM.attributes
                0x00000099       0x33 ./Generated_Code/SM1.o
 .ARM.attributes
                0x000000cc       0x33 ./Generated_Code/PE_LDD.o
 .ARM.attributes
                0x000000ff       0x33 ./Generated_Code/IRQ.o
 .ARM.attributes
                0x00000132       0x33 ./Generated_Code/ExtIntLdd1.o
 .ARM.attributes
                0x00000165       0x33 ./Generated_Code/Cpu.o
 .ARM.attributes
                0x00000198       0x33 ./Generated_Code/BitIoLdd7.o
 .ARM.attributes
                0x000001cb       0x33 ./Generated_Code/BitIoLdd6.o
 .ARM.attributes
                0x000001fe       0x33 ./Generated_Code/BitIoLdd5.o
 .ARM.attributes
                0x00000231       0x33 ./Generated_Code/BitIoLdd4.o
 .ARM.attributes
                0x00000264       0x33 ./Generated_Code/BitIoLdd3.o
 .ARM.attributes
                0x00000297       0x33 ./Project_Settings/Startup_Code/__arm_start.o
 .ARM.attributes
                0x000002ca       0x33 ./Project_Settings/Startup_Code/__arm_end.o
 .ARM.attributes
                0x000002fd       0x33 ./Sources/nRF24L01.o
 .ARM.attributes
                0x00000330       0x33 ./Sources/ProcessorExpert.o
 .ARM.attributes
                0x00000363       0x33 ./Sources/Events.o
 .ARM.attributes
                0x00000396       0x33 ./Sources/Application.o
 .ARM.attributes
                0x000003c9       0x33 C:/Freescale/CW MCU v10.6/MCU/ARM_GCC_Support/ewl/lib/armv7e-m\libc.a(exit.o)
 .ARM.attributes
                0x000003fc       0x33 C:/Freescale/CW MCU v10.6/MCU/ARM_GCC_Support/ewl/lib/armv7e-m\libc.a(memset.o)
 .ARM.attributes
                0x0000042f       0x33 C:/Freescale/CW MCU v10.6/MCU/ARM_GCC_Support/ewl/lib/armv7e-m\libc.a(__filll_mem.o)
 .ARM.attributes
                0x00000462       0x33 C:/Freescale/CW MCU v10.6/MCU/ARM_GCC_Support/ewl/lib/armv7e-m\libc.a(printformat_.o)
 .ARM.attributes
                0x00000495       0x33 C:/Freescale/CW MCU v10.6/MCU/ARM_GCC_Support/ewl/lib/armv7e-m\libc.a(scanformat_.o)
 .ARM.attributes
                0x000004c8       0x33 C:/Freescale/CW MCU v10.6/MCU/ARM_GCC_Support/ewl/lib/armv7e-m\libc.a(ctype_aeabi.o)
 .ARM.attributes
                0x000004fb       0x33 C:/Freescale/CW MCU v10.6/MCU/ARM_GCC_Support/ewl/lib/armv7e-m\libc.a(__strtoul.o)
 .ARM.attributes
                0x0000052e       0x33 C:/Freescale/CW MCU v10.6/MCU/ARM_GCC_Support/ewl/lib/armv7e-m\libc.a(strchr.o)
 .ARM.attributes
                0x00000561       0x33 C:/Freescale/CW MCU v10.6/MCU/ARM_GCC_Support/ewl/lib/armv7e-m\libc.a(strlen.o)
 .ARM.attributes
                0x00000594       0x33 C:/Freescale/CW MCU v10.6/MCU/ARM_GCC_Support/ewl/lib/armv7e-m\libc.a(memchr.o)
 .ARM.attributes
                0x000005c7       0x33 C:/Freescale/CW MCU v10.6/MCU/ARM_GCC_Support/ewl/lib/armv7e-m\librt.a(gcc_ctor_dtor.o)
 .ARM.attributes
                0x000005fa       0x33 C:/Freescale/CW MCU v10.6/MCU/ARM_GCC_Support/ewl/lib/armv7e-m\librt.a(__arm_eabi_init.o)
 .ARM.attributes
                0x0000062d       0x33 C:/Freescale/CW MCU v10.6/MCU/ARM_GCC_Support/ewl/lib/armv7e-m\librt.a(ROMCopy.o)
OUTPUT(SPI_Test.elf elf32-littlearm)

.debug_info     0x00000000     0x5c0e
 .debug_info    0x00000000      0x135 ./Generated_Code/WAIT1.o
 .debug_info    0x00000135      0x104 ./Generated_Code/Vectors.o
 .debug_info    0x00000239      0x8ca ./Generated_Code/SMasterLdd1.o
 .debug_info    0x00000b03      0x52a ./Generated_Code/SM1.o
 .debug_info    0x0000102d      0x24e ./Generated_Code/PE_LDD.o
 .debug_info    0x0000127b       0xa7 ./Generated_Code/IRQ.o
 .debug_info    0x00001322      0x469 ./Generated_Code/ExtIntLdd1.o
 .debug_info    0x0000178b      0xff8 ./Generated_Code/Cpu.o
 .debug_info    0x00002783      0x3a4 ./Generated_Code/BitIoLdd7.o
 .debug_info    0x00002b27      0x3a4 ./Generated_Code/BitIoLdd6.o
 .debug_info    0x00002ecb      0x3a4 ./Generated_Code/BitIoLdd5.o
 .debug_info    0x0000326f      0x3a4 ./Generated_Code/BitIoLdd4.o
 .debug_info    0x00003613      0x36a ./Generated_Code/BitIoLdd3.o
 .debug_info    0x0000397d      0x12a ./Project_Settings/Startup_Code/__arm_start.o
 .debug_info    0x00003aa7       0x54 ./Project_Settings/Startup_Code/__arm_end.o
 .debug_info    0x00003afb      0x3c0 ./Sources/nRF24L01.o
 .debug_info    0x00003ebb       0x8f ./Sources/ProcessorExpert.o
 .debug_info    0x00003f4a       0x8b ./Sources/Events.o
 .debug_info    0x00003fd5      0x149 ./Sources/Application.o
 .debug_info    0x0000411e       0xe8 C:/Freescale/CW MCU v10.6/MCU/ARM_GCC_Support/ewl/lib/armv7e-m\libc.a(exit.o)
 .debug_info    0x00004206       0xec C:/Freescale/CW MCU v10.6/MCU/ARM_GCC_Support/ewl/lib/armv7e-m\libc.a(memset.o)
 .debug_info    0x000042f2      0x135 C:/Freescale/CW MCU v10.6/MCU/ARM_GCC_Support/ewl/lib/armv7e-m\libc.a(__filll_mem.o)
 .debug_info    0x00004427      0x50e C:/Freescale/CW MCU v10.6/MCU/ARM_GCC_Support/ewl/lib/armv7e-m\libc.a(printformat_.o)
 .debug_info    0x00004935      0x565 C:/Freescale/CW MCU v10.6/MCU/ARM_GCC_Support/ewl/lib/armv7e-m\libc.a(scanformat_.o)
 .debug_info    0x00004e9a      0x306 C:/Freescale/CW MCU v10.6/MCU/ARM_GCC_Support/ewl/lib/armv7e-m\libc.a(ctype_aeabi.o)
 .debug_info    0x000051a0      0x1d6 C:/Freescale/CW MCU v10.6/MCU/ARM_GCC_Support/ewl/lib/armv7e-m\libc.a(__strtoul.o)
 .debug_info    0x00005376      0x108 C:/Freescale/CW MCU v10.6/MCU/ARM_GCC_Support/ewl/lib/armv7e-m\libc.a(strchr.o)
 .debug_info    0x0000547e       0xeb C:/Freescale/CW MCU v10.6/MCU/ARM_GCC_Support/ewl/lib/armv7e-m\libc.a(strlen.o)
 .debug_info    0x00005569      0x120 C:/Freescale/CW MCU v10.6/MCU/ARM_GCC_Support/ewl/lib/armv7e-m\libc.a(memchr.o)
 .debug_info    0x00005689      0x136 C:/Freescale/CW MCU v10.6/MCU/ARM_GCC_Support/ewl/lib/armv7e-m\librt.a(gcc_ctor_dtor.o)
 .debug_info    0x000057bf      0x2b5 C:/Freescale/CW MCU v10.6/MCU/ARM_GCC_Support/ewl/lib/armv7e-m\librt.a(__arm_eabi_init.o)
 .debug_info    0x00005a74      0x19a C:/Freescale/CW MCU v10.6/MCU/ARM_GCC_Support/ewl/lib/armv7e-m\librt.a(ROMCopy.o)

.debug_abbrev   0x00000000     0x1dd4
 .debug_abbrev  0x00000000       0xa3 ./Generated_Code/WAIT1.o
 .debug_abbrev  0x000000a3       0xa3 ./Generated_Code/Vectors.o
 .debug_abbrev  0x00000146      0x197 ./Generated_Code/SMasterLdd1.o
 .debug_abbrev  0x000002dd      0x196 ./Generated_Code/SM1.o
 .debug_abbrev  0x00000473      0x102 ./Generated_Code/PE_LDD.o
 .debug_abbrev  0x00000575       0x60 ./Generated_Code/IRQ.o
 .debug_abbrev  0x000005d5      0x134 ./Generated_Code/ExtIntLdd1.o
 .debug_abbrev  0x00000709      0x15d ./Generated_Code/Cpu.o
 .debug_abbrev  0x00000866      0x151 ./Generated_Code/BitIoLdd7.o
 .debug_abbrev  0x000009b7      0x151 ./Generated_Code/BitIoLdd6.o
 .debug_abbrev  0x00000b08      0x151 ./Generated_Code/BitIoLdd5.o
 .debug_abbrev  0x00000c59      0x151 ./Generated_Code/BitIoLdd4.o
 .debug_abbrev  0x00000daa      0x12b ./Generated_Code/BitIoLdd3.o
 .debug_abbrev  0x00000ed5       0x92 ./Project_Settings/Startup_Code/__arm_start.o
 .debug_abbrev  0x00000f67       0x4c ./Project_Settings/Startup_Code/__arm_end.o
 .debug_abbrev  0x00000fb3      0x11d ./Sources/nRF24L01.o
 .debug_abbrev  0x000010d0       0x3f ./Sources/ProcessorExpert.o
 .debug_abbrev  0x0000110f       0x3d ./Sources/Events.o
 .debug_abbrev  0x0000114c       0xba ./Sources/Application.o
 .debug_abbrev  0x00001206       0x7a C:/Freescale/CW MCU v10.6/MCU/ARM_GCC_Support/ewl/lib/armv7e-m\libc.a(exit.o)
 .debug_abbrev  0x00001280       0x62 C:/Freescale/CW MCU v10.6/MCU/ARM_GCC_Support/ewl/lib/armv7e-m\libc.a(memset.o)
 .debug_abbrev  0x000012e2       0x87 C:/Freescale/CW MCU v10.6/MCU/ARM_GCC_Support/ewl/lib/armv7e-m\libc.a(__filll_mem.o)
 .debug_abbrev  0x00001369      0x200 C:/Freescale/CW MCU v10.6/MCU/ARM_GCC_Support/ewl/lib/armv7e-m\libc.a(printformat_.o)
 .debug_abbrev  0x00001569      0x1f0 C:/Freescale/CW MCU v10.6/MCU/ARM_GCC_Support/ewl/lib/armv7e-m\libc.a(scanformat_.o)
 .debug_abbrev  0x00001759       0x85 C:/Freescale/CW MCU v10.6/MCU/ARM_GCC_Support/ewl/lib/armv7e-m\libc.a(ctype_aeabi.o)
 .debug_abbrev  0x000017de       0xc2 C:/Freescale/CW MCU v10.6/MCU/ARM_GCC_Support/ewl/lib/armv7e-m\libc.a(__strtoul.o)
 .debug_abbrev  0x000018a0       0x89 C:/Freescale/CW MCU v10.6/MCU/ARM_GCC_Support/ewl/lib/armv7e-m\libc.a(strchr.o)
 .debug_abbrev  0x00001929       0x7a C:/Freescale/CW MCU v10.6/MCU/ARM_GCC_Support/ewl/lib/armv7e-m\libc.a(strlen.o)
 .debug_abbrev  0x000019a3       0x95 C:/Freescale/CW MCU v10.6/MCU/ARM_GCC_Support/ewl/lib/armv7e-m\libc.a(memchr.o)
 .debug_abbrev  0x00001a38       0x99 C:/Freescale/CW MCU v10.6/MCU/ARM_GCC_Support/ewl/lib/armv7e-m\librt.a(gcc_ctor_dtor.o)
 .debug_abbrev  0x00001ad1      0x1cc C:/Freescale/CW MCU v10.6/MCU/ARM_GCC_Support/ewl/lib/armv7e-m\librt.a(__arm_eabi_init.o)
 .debug_abbrev  0x00001c9d      0x137 C:/Freescale/CW MCU v10.6/MCU/ARM_GCC_Support/ewl/lib/armv7e-m\librt.a(ROMCopy.o)

.debug_loc      0x00000000     0x38f7
 .debug_loc     0x00000000       0xa8 ./Generated_Code/WAIT1.o
 .debug_loc     0x000000a8       0xe0 ./Generated_Code/SMasterLdd1.o
 .debug_loc     0x00000188      0x27c ./Generated_Code/SM1.o
 .debug_loc     0x00000404       0x9c ./Generated_Code/PE_LDD.o
 .debug_loc     0x000004a0       0x38 ./Generated_Code/IRQ.o
 .debug_loc     0x000004d8       0xa8 ./Generated_Code/ExtIntLdd1.o
 .debug_loc     0x00000580      0xa88 ./Generated_Code/Cpu.o
 .debug_loc     0x00001008      0x150 ./Generated_Code/BitIoLdd7.o
 .debug_loc     0x00001158      0x150 ./Generated_Code/BitIoLdd6.o
 .debug_loc     0x000012a8      0x150 ./Generated_Code/BitIoLdd5.o
 .debug_loc     0x000013f8      0x150 ./Generated_Code/BitIoLdd4.o
 .debug_loc     0x00001548      0x118 ./Generated_Code/BitIoLdd3.o
 .debug_loc     0x00001660       0x2c ./Project_Settings/Startup_Code/__arm_start.o
 .debug_loc     0x0000168c       0x38 ./Project_Settings/Startup_Code/__arm_end.o
 .debug_loc     0x000016c4      0x330 ./Sources/nRF24L01.o
 .debug_loc     0x000019f4       0x2c ./Sources/ProcessorExpert.o
 .debug_loc     0x00001a20       0x2c ./Sources/Events.o
 .debug_loc     0x00001a4c       0x64 ./Sources/Application.o
 .debug_loc     0x00001ab0       0x3e C:/Freescale/CW MCU v10.6/MCU/ARM_GCC_Support/ewl/lib/armv7e-m\libc.a(exit.o)
 .debug_loc     0x00001aee       0x64 C:/Freescale/CW MCU v10.6/MCU/ARM_GCC_Support/ewl/lib/armv7e-m\libc.a(memset.o)
 .debug_loc     0x00001b52      0x12c C:/Freescale/CW MCU v10.6/MCU/ARM_GCC_Support/ewl/lib/armv7e-m\libc.a(__filll_mem.o)
 .debug_loc     0x00001c7e      0xbdc C:/Freescale/CW MCU v10.6/MCU/ARM_GCC_Support/ewl/lib/armv7e-m\libc.a(printformat_.o)
 .debug_loc     0x0000285a      0x8b6 C:/Freescale/CW MCU v10.6/MCU/ARM_GCC_Support/ewl/lib/armv7e-m\libc.a(scanformat_.o)
 .debug_loc     0x00003110      0x18e C:/Freescale/CW MCU v10.6/MCU/ARM_GCC_Support/ewl/lib/armv7e-m\libc.a(ctype_aeabi.o)
 .debug_loc     0x0000329e      0x2bb C:/Freescale/CW MCU v10.6/MCU/ARM_GCC_Support/ewl/lib/armv7e-m\libc.a(__strtoul.o)
 .debug_loc     0x00003559       0x7c C:/Freescale/CW MCU v10.6/MCU/ARM_GCC_Support/ewl/lib/armv7e-m\libc.a(strchr.o)
 .debug_loc     0x000035d5       0x26 C:/Freescale/CW MCU v10.6/MCU/ARM_GCC_Support/ewl/lib/armv7e-m\libc.a(strlen.o)
 .debug_loc     0x000035fb       0x62 C:/Freescale/CW MCU v10.6/MCU/ARM_GCC_Support/ewl/lib/armv7e-m\libc.a(memchr.o)
 .debug_loc     0x0000365d       0x9d C:/Freescale/CW MCU v10.6/MCU/ARM_GCC_Support/ewl/lib/armv7e-m\librt.a(gcc_ctor_dtor.o)
 .debug_loc     0x000036fa      0x144 C:/Freescale/CW MCU v10.6/MCU/ARM_GCC_Support/ewl/lib/armv7e-m\librt.a(__arm_eabi_init.o)
 .debug_loc     0x0000383e       0xb9 C:/Freescale/CW MCU v10.6/MCU/ARM_GCC_Support/ewl/lib/armv7e-m\librt.a(ROMCopy.o)

.debug_aranges  0x00000000      0x890
 .debug_aranges
                0x00000000       0x40 ./Generated_Code/WAIT1.o
 .debug_aranges
                0x00000040       0x18 ./Generated_Code/Vectors.o
 .debug_aranges
                0x00000058       0x38 ./Generated_Code/SMasterLdd1.o
 .debug_aranges
                0x00000090       0x78 ./Generated_Code/SM1.o
 .debug_aranges
                0x00000108       0x30 ./Generated_Code/PE_LDD.o
 .debug_aranges
                0x00000138       0x20 ./Generated_Code/IRQ.o
 .debug_aranges
                0x00000158       0x30 ./Generated_Code/ExtIntLdd1.o
 .debug_aranges
                0x00000188      0x200 ./Generated_Code/Cpu.o
 .debug_aranges
                0x00000388       0x48 ./Generated_Code/BitIoLdd7.o
 .debug_aranges
                0x000003d0       0x48 ./Generated_Code/BitIoLdd6.o
 .debug_aranges
                0x00000418       0x48 ./Generated_Code/BitIoLdd5.o
 .debug_aranges
                0x00000460       0x48 ./Generated_Code/BitIoLdd4.o
 .debug_aranges
                0x000004a8       0x40 ./Generated_Code/BitIoLdd3.o
 .debug_aranges
                0x000004e8       0x30 ./Project_Settings/Startup_Code/__arm_start.o
 .debug_aranges
                0x00000518       0x20 ./Project_Settings/Startup_Code/__arm_end.o
 .debug_aranges
                0x00000538       0x90 ./Sources/nRF24L01.o
 .debug_aranges
                0x000005c8       0x20 ./Sources/ProcessorExpert.o
 .debug_aranges
                0x000005e8       0x20 ./Sources/Events.o
 .debug_aranges
                0x00000608       0x28 ./Sources/Application.o
 .debug_aranges
                0x00000630       0x20 C:/Freescale/CW MCU v10.6/MCU/ARM_GCC_Support/ewl/lib/armv7e-m\libc.a(exit.o)
 .debug_aranges
                0x00000650       0x20 C:/Freescale/CW MCU v10.6/MCU/ARM_GCC_Support/ewl/lib/armv7e-m\libc.a(memset.o)
 .debug_aranges
                0x00000670       0x20 C:/Freescale/CW MCU v10.6/MCU/ARM_GCC_Support/ewl/lib/armv7e-m\libc.a(__filll_mem.o)
 .debug_aranges
                0x00000690       0x28 C:/Freescale/CW MCU v10.6/MCU/ARM_GCC_Support/ewl/lib/armv7e-m\libc.a(printformat_.o)
 .debug_aranges
                0x000006b8       0x20 C:/Freescale/CW MCU v10.6/MCU/ARM_GCC_Support/ewl/lib/armv7e-m\libc.a(scanformat_.o)
 .debug_aranges
                0x000006d8       0x88 C:/Freescale/CW MCU v10.6/MCU/ARM_GCC_Support/ewl/lib/armv7e-m\libc.a(ctype_aeabi.o)
 .debug_aranges
                0x00000760       0x20 C:/Freescale/CW MCU v10.6/MCU/ARM_GCC_Support/ewl/lib/armv7e-m\libc.a(__strtoul.o)
 .debug_aranges
                0x00000780       0x20 C:/Freescale/CW MCU v10.6/MCU/ARM_GCC_Support/ewl/lib/armv7e-m\libc.a(strchr.o)
 .debug_aranges
                0x000007a0       0x20 C:/Freescale/CW MCU v10.6/MCU/ARM_GCC_Support/ewl/lib/armv7e-m\libc.a(strlen.o)
 .debug_aranges
                0x000007c0       0x20 C:/Freescale/CW MCU v10.6/MCU/ARM_GCC_Support/ewl/lib/armv7e-m\libc.a(memchr.o)
 .debug_aranges
                0x000007e0       0x28 C:/Freescale/CW MCU v10.6/MCU/ARM_GCC_Support/ewl/lib/armv7e-m\librt.a(gcc_ctor_dtor.o)
 .debug_aranges
                0x00000808       0x58 C:/Freescale/CW MCU v10.6/MCU/ARM_GCC_Support/ewl/lib/armv7e-m\librt.a(__arm_eabi_init.o)
 .debug_aranges
                0x00000860       0x30 C:/Freescale/CW MCU v10.6/MCU/ARM_GCC_Support/ewl/lib/armv7e-m\librt.a(ROMCopy.o)

.debug_macinfo  0x00000000   0x53aa7f
 .debug_macinfo
                0x00000000    0x44d40 ./Generated_Code/WAIT1.o
 .debug_macinfo
                0x00044d40    0x5a7e6 ./Generated_Code/Vectors.o
 .debug_macinfo
                0x0009f526    0x4aa9a ./Generated_Code/SMasterLdd1.o
 .debug_macinfo
                0x000e9fc0    0x4aabf ./Generated_Code/SM1.o
 .debug_macinfo
                0x00134a7f    0x5a792 ./Generated_Code/PE_LDD.o
 .debug_macinfo
                0x0018f211    0x5a7c2 ./Generated_Code/IRQ.o
 .debug_macinfo
                0x001e99d3    0x4906f ./Generated_Code/ExtIntLdd1.o
 .debug_macinfo
                0x00232a42    0x5a7e6 ./Generated_Code/Cpu.o
 .debug_macinfo
                0x0028d228    0x459c1 ./Generated_Code/BitIoLdd7.o
 .debug_macinfo
                0x002d2be9    0x459c1 ./Generated_Code/BitIoLdd6.o
 .debug_macinfo
                0x003185aa    0x459c1 ./Generated_Code/BitIoLdd5.o
 .debug_macinfo
                0x0035df6b    0x459c1 ./Generated_Code/BitIoLdd4.o
 .debug_macinfo
                0x003a392c    0x4599e ./Generated_Code/BitIoLdd3.o
 .debug_macinfo
                0x003e92ca     0x3f3e ./Project_Settings/Startup_Code/__arm_start.o
 .debug_macinfo
                0x003ed208     0x3527 ./Project_Settings/Startup_Code/__arm_end.o
 .debug_macinfo
                0x003f072f    0x4d387 ./Sources/nRF24L01.o
 .debug_macinfo
                0x0043dab6    0x5a7d8 ./Sources/ProcessorExpert.o
 .debug_macinfo
                0x0049828e    0x5a7d8 ./Sources/Events.o
 .debug_macinfo
                0x004f2a66    0x48019 ./Sources/Application.o

.debug_line     0x00000000     0x531d
 .debug_line    0x00000000      0x273 ./Generated_Code/WAIT1.o
 .debug_line    0x00000273      0x4e5 ./Generated_Code/Vectors.o
 .debug_line    0x00000758      0x315 ./Generated_Code/SMasterLdd1.o
 .debug_line    0x00000a6d      0x3ed ./Generated_Code/SM1.o
 .debug_line    0x00000e5a      0x3ab ./Generated_Code/PE_LDD.o
 .debug_line    0x00001205      0x3fc ./Generated_Code/IRQ.o
 .debug_line    0x00001601      0x2c9 ./Generated_Code/ExtIntLdd1.o
 .debug_line    0x000018ca      0x970 ./Generated_Code/Cpu.o
 .debug_line    0x0000223a      0x2e7 ./Generated_Code/BitIoLdd7.o
 .debug_line    0x00002521      0x2e7 ./Generated_Code/BitIoLdd6.o
 .debug_line    0x00002808      0x2e7 ./Generated_Code/BitIoLdd5.o
 .debug_line    0x00002aef      0x2e7 ./Generated_Code/BitIoLdd4.o
 .debug_line    0x00002dd6      0x2d1 ./Generated_Code/BitIoLdd3.o
 .debug_line    0x000030a7      0x29b ./Project_Settings/Startup_Code/__arm_start.o
 .debug_line    0x00003342      0x266 ./Project_Settings/Startup_Code/__arm_end.o
 .debug_line    0x000035a8      0x461 ./Sources/nRF24L01.o
 .debug_line    0x00003a09      0x3d2 ./Sources/ProcessorExpert.o
 .debug_line    0x00003ddb      0x3c5 ./Sources/Events.o
 .debug_line    0x000041a0      0x376 ./Sources/Application.o
 .debug_line    0x00004516       0x94 C:/Freescale/CW MCU v10.6/MCU/ARM_GCC_Support/ewl/lib/armv7e-m\libc.a(exit.o)
 .debug_line    0x000045aa       0x8f C:/Freescale/CW MCU v10.6/MCU/ARM_GCC_Support/ewl/lib/armv7e-m\libc.a(memset.o)
 .debug_line    0x00004639       0xcd C:/Freescale/CW MCU v10.6/MCU/ARM_GCC_Support/ewl/lib/armv7e-m\libc.a(__filll_mem.o)
 .debug_line    0x00004706      0x2b4 C:/Freescale/CW MCU v10.6/MCU/ARM_GCC_Support/ewl/lib/armv7e-m\libc.a(printformat_.o)
 .debug_line    0x000049ba      0x2df C:/Freescale/CW MCU v10.6/MCU/ARM_GCC_Support/ewl/lib/armv7e-m\libc.a(scanformat_.o)
 .debug_line    0x00004c99      0x1a9 C:/Freescale/CW MCU v10.6/MCU/ARM_GCC_Support/ewl/lib/armv7e-m\libc.a(ctype_aeabi.o)
 .debug_line    0x00004e42      0x11b C:/Freescale/CW MCU v10.6/MCU/ARM_GCC_Support/ewl/lib/armv7e-m\libc.a(__strtoul.o)
 .debug_line    0x00004f5d       0x7d C:/Freescale/CW MCU v10.6/MCU/ARM_GCC_Support/ewl/lib/armv7e-m\libc.a(strchr.o)
 .debug_line    0x00004fda       0x83 C:/Freescale/CW MCU v10.6/MCU/ARM_GCC_Support/ewl/lib/armv7e-m\libc.a(strlen.o)
 .debug_line    0x0000505d       0x9f C:/Freescale/CW MCU v10.6/MCU/ARM_GCC_Support/ewl/lib/armv7e-m\libc.a(memchr.o)
 .debug_line    0x000050fc       0x67 C:/Freescale/CW MCU v10.6/MCU/ARM_GCC_Support/ewl/lib/armv7e-m\librt.a(gcc_ctor_dtor.o)
 .debug_line    0x00005163      0x111 C:/Freescale/CW MCU v10.6/MCU/ARM_GCC_Support/ewl/lib/armv7e-m\librt.a(__arm_eabi_init.o)
 .debug_line    0x00005274       0xa9 C:/Freescale/CW MCU v10.6/MCU/ARM_GCC_Support/ewl/lib/armv7e-m\librt.a(ROMCopy.o)

.debug_str      0x00000000     0x1e4e
 .debug_str     0x00000000      0x17f ./Generated_Code/WAIT1.o
                                0x1ab (size before relaxing)
 .debug_str     0x0000017f       0x55 ./Generated_Code/Vectors.o
                                0x173 (size before relaxing)
 .debug_str     0x000001d4      0x3b5 ./Generated_Code/SMasterLdd1.o
                                0x4fd (size before relaxing)
 .debug_str     0x00000589      0x1cc ./Generated_Code/SM1.o
                                0x346 (size before relaxing)
 .debug_str     0x00000755      0x172 ./Generated_Code/PE_LDD.o
                                0x2d6 (size before relaxing)
 .debug_str     0x000008c7       0x2f ./Generated_Code/IRQ.o
                                0x15e (size before relaxing)
 .debug_str     0x000008f6       0xe1 ./Generated_Code/ExtIntLdd1.o
                                0x349 (size before relaxing)
 .debug_str     0x000009d7      0x609 ./Generated_Code/Cpu.o
                                0x8f4 (size before relaxing)
 .debug_str     0x00000fe0       0xba ./Generated_Code/BitIoLdd7.o
                                0x2ed (size before relaxing)
 .debug_str     0x0000109a       0xb1 ./Generated_Code/BitIoLdd6.o
                                0x2ed (size before relaxing)
 .debug_str     0x0000114b       0xb1 ./Generated_Code/BitIoLdd5.o
                                0x2ed (size before relaxing)
 .debug_str     0x000011fc       0xb1 ./Generated_Code/BitIoLdd4.o
                                0x2ed (size before relaxing)
 .debug_str     0x000012ad       0xa0 ./Generated_Code/BitIoLdd3.o
                                0x2dc (size before relaxing)
 .debug_str     0x0000134d       0xb5 ./Project_Settings/Startup_Code/__arm_start.o
                                0x199 (size before relaxing)
 .debug_str     0x00001402       0x41 ./Project_Settings/Startup_Code/__arm_end.o
                                 0xd0 (size before relaxing)
 .debug_str     0x00001443      0x12a ./Sources/nRF24L01.o
                                0x27b (size before relaxing)
 .debug_str     0x0000156d       0x22 ./Sources/ProcessorExpert.o
                                0x137 (size before relaxing)
 .debug_str     0x0000158f       0x24 ./Sources/Events.o
                                0x139 (size before relaxing)
 .debug_str     0x000015b3       0x44 ./Sources/Application.o
                                0x19b (size before relaxing)
 .debug_str     0x000015f7       0x54 C:/Freescale/CW MCU v10.6/MCU/ARM_GCC_Support/ewl/lib/armv7e-m\libc.a(exit.o)
                                0x157 (size before relaxing)
 .debug_str     0x0000164b       0x23 C:/Freescale/CW MCU v10.6/MCU/ARM_GCC_Support/ewl/lib/armv7e-m\libc.a(memset.o)
                                0x140 (size before relaxing)
 .debug_str     0x0000166e       0x2d C:/Freescale/CW MCU v10.6/MCU/ARM_GCC_Support/ewl/lib/armv7e-m\libc.a(__filll_mem.o)
                                0x152 (size before relaxing)
 .debug_str     0x0000169b      0x233 C:/Freescale/CW MCU v10.6/MCU/ARM_GCC_Support/ewl/lib/armv7e-m\libc.a(printformat_.o)
                                0x3b3 (size before relaxing)
 .debug_str     0x000018ce      0x184 C:/Freescale/CW MCU v10.6/MCU/ARM_GCC_Support/ewl/lib/armv7e-m\libc.a(scanformat_.o)
                                0x3f9 (size before relaxing)
 .debug_str     0x00001a52       0x9d C:/Freescale/CW MCU v10.6/MCU/ARM_GCC_Support/ewl/lib/armv7e-m\libc.a(ctype_aeabi.o)
                                0x1bc (size before relaxing)
 .debug_str     0x00001aef       0x5b C:/Freescale/CW MCU v10.6/MCU/ARM_GCC_Support/ewl/lib/armv7e-m\libc.a(__strtoul.o)
                                0x1fb (size before relaxing)
 .debug_str     0x00001b4a       0x1c C:/Freescale/CW MCU v10.6/MCU/ARM_GCC_Support/ewl/lib/armv7e-m\libc.a(strchr.o)
                                0x137 (size before relaxing)
 .debug_str     0x00001b66       0x1c C:/Freescale/CW MCU v10.6/MCU/ARM_GCC_Support/ewl/lib/armv7e-m\libc.a(strlen.o)
                                0x140 (size before relaxing)
 .debug_str     0x00001b82       0x1c C:/Freescale/CW MCU v10.6/MCU/ARM_GCC_Support/ewl/lib/armv7e-m\libc.a(memchr.o)
                                0x148 (size before relaxing)
 .debug_str     0x00001b9e      0x126 C:/Freescale/CW MCU v10.6/MCU/ARM_GCC_Support/ewl/lib/armv7e-m\librt.a(gcc_ctor_dtor.o)
                                0x181 (size before relaxing)
 .debug_str     0x00001cc4       0xee C:/Freescale/CW MCU v10.6/MCU/ARM_GCC_Support/ewl/lib/armv7e-m\librt.a(__arm_eabi_init.o)
                                0x1b5 (size before relaxing)
 .debug_str     0x00001db2       0x9c C:/Freescale/CW MCU v10.6/MCU/ARM_GCC_Support/ewl/lib/armv7e-m\librt.a(ROMCopy.o)
                                0x13c (size before relaxing)

.comment        0x00000000       0x79
 .comment       0x00000000       0x79 ./Generated_Code/WAIT1.o
                                 0x7a (size before relaxing)
 .comment       0x00000000       0x7a ./Generated_Code/Vectors.o
 .comment       0x00000000       0x7a ./Generated_Code/SMasterLdd1.o
 .comment       0x00000000       0x7a ./Generated_Code/SM1.o
 .comment       0x00000000       0x7a ./Generated_Code/PE_LDD.o
 .comment       0x00000000       0x7a ./Generated_Code/IRQ.o
 .comment       0x00000000       0x7a ./Generated_Code/ExtIntLdd1.o
 .comment       0x00000000       0x7a ./Generated_Code/Cpu.o
 .comment       0x00000000       0x7a ./Generated_Code/BitIoLdd7.o
 .comment       0x00000000       0x7a ./Generated_Code/BitIoLdd6.o
 .comment       0x00000000       0x7a ./Generated_Code/BitIoLdd5.o
 .comment       0x00000000       0x7a ./Generated_Code/BitIoLdd4.o
 .comment       0x00000000       0x7a ./Generated_Code/BitIoLdd3.o
 .comment       0x00000000       0x7a ./Project_Settings/Startup_Code/__arm_start.o
 .comment       0x00000000       0x7a ./Project_Settings/Startup_Code/__arm_end.o
 .comment       0x00000000       0x7a ./Sources/nRF24L01.o
 .comment       0x00000000       0x7a ./Sources/ProcessorExpert.o
 .comment       0x00000000       0x7a ./Sources/Events.o
 .comment       0x00000000       0x7a ./Sources/Application.o
 .comment       0x00000000       0x7a C:/Freescale/CW MCU v10.6/MCU/ARM_GCC_Support/ewl/lib/armv7e-m\libc.a(exit.o)
 .comment       0x00000000       0x7a C:/Freescale/CW MCU v10.6/MCU/ARM_GCC_Support/ewl/lib/armv7e-m\libc.a(memset.o)
 .comment       0x00000000       0x7a C:/Freescale/CW MCU v10.6/MCU/ARM_GCC_Support/ewl/lib/armv7e-m\libc.a(__filll_mem.o)
 .comment       0x00000000       0x7a C:/Freescale/CW MCU v10.6/MCU/ARM_GCC_Support/ewl/lib/armv7e-m\libc.a(printformat_.o)
 .comment       0x00000000       0x7a C:/Freescale/CW MCU v10.6/MCU/ARM_GCC_Support/ewl/lib/armv7e-m\libc.a(scanformat_.o)
 .comment       0x00000000       0x7a C:/Freescale/CW MCU v10.6/MCU/ARM_GCC_Support/ewl/lib/armv7e-m\libc.a(ctype_aeabi.o)
 .comment       0x00000000       0x7a C:/Freescale/CW MCU v10.6/MCU/ARM_GCC_Support/ewl/lib/armv7e-m\libc.a(__strtoul.o)
 .comment       0x00000000       0x7a C:/Freescale/CW MCU v10.6/MCU/ARM_GCC_Support/ewl/lib/armv7e-m\libc.a(strchr.o)
 .comment       0x00000000       0x7a C:/Freescale/CW MCU v10.6/MCU/ARM_GCC_Support/ewl/lib/armv7e-m\libc.a(strlen.o)
 .comment       0x00000000       0x7a C:/Freescale/CW MCU v10.6/MCU/ARM_GCC_Support/ewl/lib/armv7e-m\libc.a(memchr.o)
 .comment       0x00000000       0x7a C:/Freescale/CW MCU v10.6/MCU/ARM_GCC_Support/ewl/lib/armv7e-m\librt.a(gcc_ctor_dtor.o)
 .comment       0x00000000       0x7a C:/Freescale/CW MCU v10.6/MCU/ARM_GCC_Support/ewl/lib/armv7e-m\librt.a(__arm_eabi_init.o)
 .comment       0x00000000       0x7a C:/Freescale/CW MCU v10.6/MCU/ARM_GCC_Support/ewl/lib/armv7e-m\librt.a(ROMCopy.o)

.debug_frame    0x00000000     0x1588
 .debug_frame   0x00000000       0x90 ./Generated_Code/WAIT1.o
 .debug_frame   0x00000090       0x88 ./Generated_Code/SMasterLdd1.o
 .debug_frame   0x00000118      0x174 ./Generated_Code/SM1.o
 .debug_frame   0x0000028c       0x64 ./Generated_Code/PE_LDD.o
 .debug_frame   0x000002f0       0x30 ./Generated_Code/IRQ.o
 .debug_frame   0x00000320       0x6c ./Generated_Code/ExtIntLdd1.o
 .debug_frame   0x0000038c      0x7a0 ./Generated_Code/Cpu.o
 .debug_frame   0x00000b2c       0xb8 ./Generated_Code/BitIoLdd7.o
 .debug_frame   0x00000be4       0xb8 ./Generated_Code/BitIoLdd6.o
 .debug_frame   0x00000c9c       0xb8 ./Generated_Code/BitIoLdd5.o
 .debug_frame   0x00000d54       0xb8 ./Generated_Code/BitIoLdd4.o
 .debug_frame   0x00000e0c       0x9c ./Generated_Code/BitIoLdd3.o
 .debug_frame   0x00000ea8       0x4c ./Project_Settings/Startup_Code/__arm_start.o
 .debug_frame   0x00000ef4       0x2c ./Project_Settings/Startup_Code/__arm_end.o
 .debug_frame   0x00000f20      0x1e8 ./Sources/nRF24L01.o
 .debug_frame   0x00001108       0x2c ./Sources/ProcessorExpert.o
 .debug_frame   0x00001134       0x2c ./Sources/Events.o
 .debug_frame   0x00001160       0x4c ./Sources/Application.o
 .debug_frame   0x000011ac       0x28 C:/Freescale/CW MCU v10.6/MCU/ARM_GCC_Support/ewl/lib/armv7e-m\libc.a(exit.o)
 .debug_frame   0x000011d4       0x28 C:/Freescale/CW MCU v10.6/MCU/ARM_GCC_Support/ewl/lib/armv7e-m\libc.a(memset.o)
 .debug_frame   0x000011fc       0x2c C:/Freescale/CW MCU v10.6/MCU/ARM_GCC_Support/ewl/lib/armv7e-m\libc.a(__filll_mem.o)
 .debug_frame   0x00001228       0x64 C:/Freescale/CW MCU v10.6/MCU/ARM_GCC_Support/ewl/lib/armv7e-m\libc.a(printformat_.o)
 .debug_frame   0x0000128c       0x3c C:/Freescale/CW MCU v10.6/MCU/ARM_GCC_Support/ewl/lib/armv7e-m\libc.a(scanformat_.o)
 .debug_frame   0x000012c8       0xf0 C:/Freescale/CW MCU v10.6/MCU/ARM_GCC_Support/ewl/lib/armv7e-m\libc.a(ctype_aeabi.o)
 .debug_frame   0x000013b8       0x3c C:/Freescale/CW MCU v10.6/MCU/ARM_GCC_Support/ewl/lib/armv7e-m\libc.a(__strtoul.o)
 .debug_frame   0x000013f4       0x20 C:/Freescale/CW MCU v10.6/MCU/ARM_GCC_Support/ewl/lib/armv7e-m\libc.a(strchr.o)
 .debug_frame   0x00001414       0x20 C:/Freescale/CW MCU v10.6/MCU/ARM_GCC_Support/ewl/lib/armv7e-m\libc.a(strlen.o)
 .debug_frame   0x00001434       0x20 C:/Freescale/CW MCU v10.6/MCU/ARM_GCC_Support/ewl/lib/armv7e-m\libc.a(memchr.o)
 .debug_frame   0x00001454       0x40 C:/Freescale/CW MCU v10.6/MCU/ARM_GCC_Support/ewl/lib/armv7e-m\librt.a(gcc_ctor_dtor.o)
 .debug_frame   0x00001494       0xac C:/Freescale/CW MCU v10.6/MCU/ARM_GCC_Support/ewl/lib/armv7e-m\librt.a(__arm_eabi_init.o)
 .debug_frame   0x00001540       0x48 C:/Freescale/CW MCU v10.6/MCU/ARM_GCC_Support/ewl/lib/armv7e-m\librt.a(ROMCopy.o)
