Archive member included because of file (symbol)

C:/Freescale/CW MCU v10.6/MCU/ARM_GCC_Support/ewl/lib/armv7e-m\libc.a(printf.o)
                              ./MQXLITE/psp/cortex_m/psp_tipr.o (printf)
C:/Freescale/CW MCU v10.6/MCU/ARM_GCC_Support/ewl/lib/armv7e-m\libc.a(exit.o)
                              ./Project_Settings/Startup_Code/__arm_start.o (exit)
C:/Freescale/CW MCU v10.6/MCU/ARM_GCC_Support/ewl/lib/armv7e-m\libc.a(memset.o)
                              ./Project_Settings/Startup_Code/__arm_start.o (memset)
C:/Freescale/CW MCU v10.6/MCU/ARM_GCC_Support/ewl/lib/armv7e-m\libc.a(strncmp.o)
                              ./MQXLITE/kernel/task.o (strncmp)
C:/Freescale/CW MCU v10.6/MCU/ARM_GCC_Support/ewl/lib/armv7e-m\libc.a(__filll_mem.o)
                              C:/Freescale/CW MCU v10.6/MCU/ARM_GCC_Support/ewl/lib/armv7e-m\libc.a(memset.o) (__fill_mem)
C:/Freescale/CW MCU v10.6/MCU/ARM_GCC_Support/ewl/lib/armv7e-m\libc.a(printformat_fp.o)
                              (__pformatterFP)
C:/Freescale/CW MCU v10.6/MCU/ARM_GCC_Support/ewl/lib/armv7e-m\libc.a(scanformat_.o)
                              (__sformatter)
C:/Freescale/CW MCU v10.6/MCU/ARM_GCC_Support/ewl/lib/armv7e-m\libc.a(ctype_aeabi.o)
                              C:/Freescale/CW MCU v10.6/MCU/ARM_GCC_Support/ewl/lib/armv7e-m\libc.a(scanformat_.o) (isspace)
C:/Freescale/CW MCU v10.6/MCU/ARM_GCC_Support/ewl/lib/armv7e-m\libc.a(fwrite.o)
                              C:/Freescale/CW MCU v10.6/MCU/ARM_GCC_Support/ewl/lib/armv7e-m\libc.a(printf.o) (__FileWrite)
C:/Freescale/CW MCU v10.6/MCU/ARM_GCC_Support/ewl/lib/armv7e-m\libc.a(ansi_files.o)
                              C:/Freescale/CW MCU v10.6/MCU/ARM_GCC_Support/ewl/lib/armv7e-m\libc.a(printf.o) (__files)
C:/Freescale/CW MCU v10.6/MCU/ARM_GCC_Support/ewl/lib/armv7e-m\libc.a(__buffer_io.o)
                              C:/Freescale/CW MCU v10.6/MCU/ARM_GCC_Support/ewl/lib/armv7e-m\libc.a(fwrite.o) (__prep_buffer)
C:/Freescale/CW MCU v10.6/MCU/ARM_GCC_Support/ewl/lib/armv7e-m\libc.a(fflush.o)
                              C:/Freescale/CW MCU v10.6/MCU/ARM_GCC_Support/ewl/lib/armv7e-m\libc.a(ansi_files.o) (fflush)
C:/Freescale/CW MCU v10.6/MCU/ARM_GCC_Support/ewl/lib/armv7e-m\libc.a(__strtoul.o)
                              C:/Freescale/CW MCU v10.6/MCU/ARM_GCC_Support/ewl/lib/armv7e-m\libc.a(scanformat_.o) (__strtoul)
C:/Freescale/CW MCU v10.6/MCU/ARM_GCC_Support/ewl/lib/armv7e-m\libc.a(strchr.o)
                              C:/Freescale/CW MCU v10.6/MCU/ARM_GCC_Support/ewl/lib/armv7e-m\libc.a(printformat_fp.o) (strchr)
C:/Freescale/CW MCU v10.6/MCU/ARM_GCC_Support/ewl/lib/armv7e-m\libc.a(memcpy.o)
                              C:/Freescale/CW MCU v10.6/MCU/ARM_GCC_Support/ewl/lib/armv7e-m\libc.a(fwrite.o) (memcpy)
C:/Freescale/CW MCU v10.6/MCU/ARM_GCC_Support/ewl/lib/armv7e-m\libc.a(strcpy.o)
                              C:/Freescale/CW MCU v10.6/MCU/ARM_GCC_Support/ewl/lib/armv7e-m\libc.a(printformat_fp.o) (strcpy)
C:/Freescale/CW MCU v10.6/MCU/ARM_GCC_Support/ewl/lib/armv7e-m\libc.a(strlen.o)
                              C:/Freescale/CW MCU v10.6/MCU/ARM_GCC_Support/ewl/lib/armv7e-m\libc.a(printformat_fp.o) (strlen)
C:/Freescale/CW MCU v10.6/MCU/ARM_GCC_Support/ewl/lib/armv7e-m\libc.a(__memrchr.o)
                              C:/Freescale/CW MCU v10.6/MCU/ARM_GCC_Support/ewl/lib/armv7e-m\libc.a(fwrite.o) (__memrchr)
C:/Freescale/CW MCU v10.6/MCU/ARM_GCC_Support/ewl/lib/armv7e-m\libc.a(memchr.o)
                              C:/Freescale/CW MCU v10.6/MCU/ARM_GCC_Support/ewl/lib/armv7e-m\libc.a(printformat_fp.o) (memchr)
C:/Freescale/CW MCU v10.6/MCU/ARM_GCC_Support/ewl/lib/armv7e-m\libm.a(ansi_fp.o)
                              C:/Freescale/CW MCU v10.6/MCU/ARM_GCC_Support/ewl/lib/armv7e-m\libc.a(printformat_fp.o) (__num2dec)
C:/Freescale/CW MCU v10.6/MCU/ARM_GCC_Support/ewl/lib/armv7e-m\libm.a(w_pow.o)
                              C:/Freescale/CW MCU v10.6/MCU/ARM_GCC_Support/ewl/lib/armv7e-m\libm.a(ansi_fp.o) (pow)
C:/Freescale/CW MCU v10.6/MCU/ARM_GCC_Support/ewl/lib/armv7e-m\libm.a(e_pow.o)
                              C:/Freescale/CW MCU v10.6/MCU/ARM_GCC_Support/ewl/lib/armv7e-m\libm.a(w_pow.o) (__ieee754_pow)
C:/Freescale/CW MCU v10.6/MCU/ARM_GCC_Support/ewl/lib/armv7e-m\libm.a(scalbn.o)
                              C:/Freescale/CW MCU v10.6/MCU/ARM_GCC_Support/ewl/lib/armv7e-m\libm.a(e_pow.o) (scalbn)
C:/Freescale/CW MCU v10.6/MCU/ARM_GCC_Support/ewl/lib/armv7e-m\libm.a(w_sqrt.o)
                              C:/Freescale/CW MCU v10.6/MCU/ARM_GCC_Support/ewl/lib/armv7e-m\libm.a(e_pow.o) (sqrt)
C:/Freescale/CW MCU v10.6/MCU/ARM_GCC_Support/ewl/lib/armv7e-m\libm.a(math_api.o)
                              C:/Freescale/CW MCU v10.6/MCU/ARM_GCC_Support/ewl/lib/armv7e-m\libm.a(ansi_fp.o) (__signbitd)
C:/Freescale/CW MCU v10.6/MCU/ARM_GCC_Support/ewl/lib/armv7e-m\libm.a(float.o)
[...]
Memory Configuration

Name             Origin             Length             Attributes
m_interrupts     0x00000000         0x000000f8         xr
m_text           0x00000410         0x0001fbf0         xr
m_data           0x1fffe000         0x00002000         rw
m_data_20000000  0x20000000         0x00002000         rw
m_cfmprotrom     0x00000400         0x00000010         xr
*default*        0x00000000         0xffffffff

Linker script and memory map

LOAD ./Generated_Code/Vectors.o
LOAD ./Generated_Code/Term1.o
LOAD ./Generated_Code/SystemTimer1.o
LOAD ./Generated_Code/PE_LDD.o
LOAD ./Generated_Code/MQX1.o
LOAD ./Generated_Code/IntI2cLdd1.o
LOAD ./Generated_Code/Inhr1.o
LOAD ./Generated_Code/Cpu.o
LOAD ./Generated_Code/Accel.o
LOAD ./Generated_Code/ASerialLdd1.o
LOAD ./MQXLITE/config/task_template_list.o
LOAD ./MQXLITE/kernel/time_ticks.o
LOAD ./MQXLITE/kernel/task.o
LOAD ./MQXLITE/kernel/sched.o
LOAD ./MQXLITE/kernel/qu_test.o
LOAD ./MQXLITE/kernel/mutex.o
LOAD ./MQXLITE/kernel/mqxlite.o
LOAD ./MQXLITE/kernel/mqx_utils.o
LOAD ./MQXLITE/kernel/lwtimer.o
LOAD ./MQXLITE/kernel/lwsem.o
LOAD ./MQXLITE/kernel/lwmsgq.o
LOAD ./MQXLITE/kernel/lwmem.o
LOAD ./MQXLITE/kernel/lwlog.o
LOAD ./MQXLITE/kernel/lwevent.o
LOAD ./MQXLITE/kernel/klog.o
LOAD ./MQXLITE/kernel/int.o
LOAD ./MQXLITE/kernel/idletask.o
LOAD ./MQXLITE/psp/cortex_m/core/M4/dispatch.o
LOAD ./MQXLITE/psp/cortex_m/core/M4/boot.o
LOAD ./MQXLITE/psp/cortex_m/stack_st.o
LOAD ./MQXLITE/psp/cortex_m/stack_de.o
LOAD ./MQXLITE/psp/cortex_m/stack_bu.o
LOAD ./MQXLITE/psp/cortex_m/sc_irdyq.o
LOAD ./MQXLITE/psp/cortex_m/psp_tisu.o
LOAD ./MQXLITE/psp/cortex_m/psp_tipr.o
LOAD ./MQXLITE/psp/cortex_m/psp_tinm.o
LOAD ./MQXLITE/psp/cortex_m/psp_tiad.o
LOAD ./MQXLITE/psp/cortex_m/psp_supp.o
LOAD ./MQXLITE/psp/cortex_m/psp_iinit.o
LOAD ./MQXLITE/psp/cortex_m/mem_zero.o
LOAD ./MQXLITE/psp/cortex_m/int_xcpt.o
LOAD ./MQXLITE/psp/cortex_m/int_vtab.o
LOAD ./MQXLITE/psp/cortex_m/int_unx.o
LOAD ./MQXLITE/psp/cortex_m/int_pvta.o
LOAD ./MQXLITE/psp/cortex_m/int_kisr.o
LOAD ./MQXLITE/psp/cortex_m/int_inst.o
LOAD ./MQXLITE/psp/cortex_m/int_gkis.o
LOAD ./MQXLITE/psp/cortex_m/cortex.o
LOAD ./Project_Settings/Startup_Code/__arm_start.o
LOAD ./Project_Settings/Startup_Code/__arm_end.o
LOAD ./Sources/mqx_tasks.o
LOAD ./Sources/main.o
LOAD ./Sources/Events.o
                0x00004f38                __pformatter = __pformatterFP
                [0x00005774]                __sformatter = __sformatter
START GROUP
LOAD C:/Freescale/CW MCU v10.6/MCU/ARM_GCC_Support/ewl/lib/armv7e-m\libc.a
LOAD C:/Freescale/CW MCU v10.6/MCU/ARM_GCC_Support/ewl/lib/armv7e-m\libm.a
LOAD c:/freescale/cw mcu v10.6/cross_tools/arm-none-eabi-gcc-4_7_3/bin/../lib/gcc/arm-none-eabi/4.7.3/armv7e-m\libgcc.a
LOAD C:/Freescale/CW MCU v10.6/MCU/ARM_GCC_Support/ewl/lib/armv7e-m\librt.a
LOAD C:/Freescale/CW MCU v10.6/MCU/ARM_GCC_Support/ewl/lib/armv7e-m\libuart.a
END GROUP
                0x20000000                _estack = 0x20000000
                0x20000000                __SP_INIT = _estack
                0x00000000                __heap_size = 0x0
                0x00000400                __stack_size = 0x400

.interrupts     0x00000000       0xf8
                0x00000000                __vector_table = .
                0x00000000                . = ALIGN (0x4)
 *(.vectortable)
 .vectortable   0x00000000       0xf8 ./Generated_Code/Vectors.o
                0x00000000                __vect_table
                0x000000f8                . = ALIGN (0x4)

.cfmprotect     0x00000400       0x10
                0x00000400                . = ALIGN (0x4)
 *(.cfmconfig)
 .cfmconfig     0x00000400       0x10 ./Generated_Code/Cpu.o
                0x00000400                _cfm
                0x00000410                . = ALIGN (0x4)

.text           0x00000410     0x6778
                0x00000410                . = ALIGN (0x4)
 *(.text)
 .text          0x00000410       0x4c ./MQXLITE/psp/cortex_m/core/M4/boot.o
                0x00000410                __boot
                0x00000448                __set_MSP
 .text          0x0000045c      0x370 c:/freescale/cw mcu v10.6/cross_tools/arm-none-eabi-gcc-4_7_3/bin/../lib/gcc/arm-none-eabi/4.7.3/armv7e-m\libgcc.a(_arm_addsubdf3.o)
                0x0000045c                __aeabi_drsub
                0x00000464                __aeabi_dsub
                0x00000464                __subdf3
                0x00000468                __aeabi_dadd
                0x00000468                __adddf3
                0x000006e0                __floatunsidf
                0x000006e0                __aeabi_ui2d
                0x00000700                __floatsidf
                0x00000700                __aeabi_i2d
                0x00000724                __aeabi_f2d
                0x00000724                __extendsfdf2
                0x00000760                __floatundidf
                0x00000760                __aeabi_ul2d
                0x00000770                __floatdidf
                0x00000770                __aeabi_l2d
 .text          0x000007cc      0x424 c:/freescale/cw mcu v10.6/cross_tools/arm-none-eabi-gcc-4_7_3/bin/../lib/gcc/arm-none-eabi/4.7.3/armv7e-m\libgcc.a(_arm_muldivdf3.o)
                0x000007cc                __aeabi_dmul
                0x000007cc                __muldf3
                0x00000a20                __divdf3
                0x00000a20                __aeabi_ddiv
 .text          0x00000bf0      0x110 c:/freescale/cw mcu v10.6/cross_tools/arm-none-eabi-gcc-4_7_3/bin/../lib/gcc/arm-none-eabi/4.7.3/armv7e-m\libgcc.a(_arm_cmpdf2.o)
                0x00000bf0                __gtdf2
                0x00000bf0                __gedf2
                0x00000bf8                __ltdf2
                0x00000bf8                __ledf2
                0x00000c00                __nedf2
                0x00000c00                __eqdf2
                0x00000c00                __cmpdf2
                0x00000c7c                __aeabi_cdrcmple
                0x00000c8c                __aeabi_cdcmpeq
                0x00000c8c                __aeabi_cdcmple
                0x00000c9c                __aeabi_dcmpeq
                0x00000cb0                __aeabi_dcmplt
                0x00000cc4                __aeabi_dcmple
                0x00000cd8                __aeabi_dcmpge
                0x00000cec                __aeabi_dcmpgt
 .text          0x00000d00       0x50 c:/freescale/cw mcu v10.6/cross_tools/arm-none-eabi-gcc-4_7_3/bin/../lib/gcc/arm-none-eabi/4.7.3/armv7e-m\libgcc.a(_arm_fixdfsi.o)
                0x00000d00                __aeabi_d2iz
                0x00000d00                __fixdfsi
 .text          0x00000d50      0x21c c:/freescale/cw mcu v10.6/cross_tools/arm-none-eabi-gcc-4_7_3/bin/../lib/gcc/arm-none-eabi/4.7.3/armv7e-m\libgcc.a(_arm_addsubsf3.o)
                0x00000d50                __aeabi_frsub
                0x00000d58                __subsf3
                0x00000d58                __aeabi_fsub
                0x00000d5c                __aeabi_fadd
                0x00000d5c                __addsf3
                0x00000ebc                __aeabi_ui2f
                0x00000ebc                __floatunsisf
                0x00000ec4                __aeabi_i2f
                0x00000ec4                __floatsisf
                0x00000ee0                __aeabi_ul2f
                0x00000ee0                __floatundisf
                0x00000ef0                __aeabi_l2f
                0x00000ef0                __floatdisf
 .text          0x00000f6c      0x2a0 c:/freescale/cw mcu v10.6/cross_tools/arm-none-eabi-gcc-4_7_3/bin/../lib/gcc/arm-none-eabi/4.7.3/armv7e-m\libgcc.a(_arm_muldivsf3.o)
                0x00000f6c                __mulsf3
                0x00000f6c                __aeabi_fmul
                0x000010d4                __aeabi_fdiv
                0x000010d4                __divsf3
 .text          0x0000120c       0xec c:/freescale/cw mcu v10.6/cross_tools/arm-none-eabi-gcc-4_7_3/bin/../lib/gcc/arm-none-eabi/4.7.3/armv7e-m\libgcc.a(_arm_cmpsf2.o)
                0x0000120c                __gesf2
                0x0000120c                __gtsf2
                0x00001214                __lesf2
                0x00001214                __ltsf2
                0x0000121c                __nesf2
                0x0000121c                __eqsf2
                0x0000121c                __cmpsf2
                0x0000127c                __aeabi_cfrcmple
                0x00001284                __aeabi_cfcmpeq
                0x00001284                __aeabi_cfcmple
                0x00001294                __aeabi_fcmpeq
                0x000012a8                __aeabi_fcmplt
                0x000012bc                __aeabi_fcmple
                0x000012d0                __aeabi_fcmpge
                0x000012e4                __aeabi_fcmpgt
 .text          0x000012f8       0x40 c:/freescale/cw mcu v10.6/cross_tools/arm-none-eabi-gcc-4_7_3/bin/../lib/gcc/arm-none-eabi/4.7.3/armv7e-m\libgcc.a(_arm_fixunssfsi.o)
                0x000012f8                __fixunssfsi
                0x000012f8                __aeabi_f2uiz
 *(.text*)
 .text.Term1_SendChar
                0x00001338       0x24 ./Generated_Code/Term1.o
                0x00001338                Term1_SendChar
 .text.Term1_CRLF
                0x0000135c       0x28 ./Generated_Code/Term1.o
                0x0000135c                Term1_CRLF
 .text.FloatToStr
                0x00001384      0x220 ./Generated_Code/Term1.o
 .text.Term1_SendFloatNum
                0x000015a4       0x6c ./Generated_Code/Term1.o
                0x000015a4                Term1_SendFloatNum
 .text.SystemTimer1_Init
                0x00001610       0xac ./Generated_Code/SystemTimer1.o
                0x00001610                SystemTimer1_Init
 .text.SystemTimer1_Enable
                0x000016bc       0x30 ./Generated_Code/SystemTimer1.o
                0x000016bc                SystemTimer1_Enable
 .text.SystemTimer1_GetInputFrequency
                0x000016ec       0x1c ./Generated_Code/SystemTimer1.o
                0x000016ec                SystemTimer1_GetInputFrequency
 .text.SystemTimer1_GetPeriodTicks
                0x00001708       0x40 ./Generated_Code/SystemTimer1.o
                0x00001708                SystemTimer1_GetPeriodTicks
 .text.SystemTimer1_GetCounterValue
                0x00001748       0x20 ./Generated_Code/SystemTimer1.o
                0x00001748                SystemTimer1_GetCounterValue
 .text.SystemTimer1_Interrupt
                0x00001768       0x38 ./Generated_Code/SystemTimer1.o
                0x00001768                SystemTimer1_Interrupt
 .text.SystemTimer1_OnCounterRestart
                0x000017a0       0x14 ./Generated_Code/MQX1.o
                0x000017a0                SystemTimer1_OnCounterRestart
 .text.SystemTimer1_GetTicsPerSecond
                0x000017b4       0x2c ./Generated_Code/MQX1.o
                0x000017b4                SystemTimer1_GetTicsPerSecond
 .text.system_timer_init
                0x000017e0       0x84 ./Generated_Code/MQX1.o
                0x000017e0                system_timer_init
 .text.system_timer_start
                0x00001864       0x28 ./Generated_Code/MQX1.o
                0x00001864                system_timer_start
 .text.IntI2cLdd1_Main
                0x0000188c      0x3b8 ./Generated_Code/IntI2cLdd1.o
                0x0000188c                IntI2cLdd1_Main
 .text.IntI2cLdd1_Init
                0x00001c44      0x198 ./Generated_Code/IntI2cLdd1.o
                0x00001c44                IntI2cLdd1_Init
 .text.IntI2cLdd1_MasterSendBlock
                0x00001ddc      0x194 ./Generated_Code/IntI2cLdd1.o
                0x00001ddc                IntI2cLdd1_MasterSendBlock
 .text.IntI2cLdd1_MasterGetBlockSentStatus
                0x00001f70       0x30 ./Generated_Code/IntI2cLdd1.o
                0x00001f70                IntI2cLdd1_MasterGetBlockSentStatus
 .text.IntI2cLdd1_MasterGetSentDataNum
                0x00001fa0       0x18 ./Generated_Code/IntI2cLdd1.o
                0x00001fa0                IntI2cLdd1_MasterGetSentDataNum
 .text.IntI2cLdd1_MasterReceiveBlock
                0x00001fb8      0x190 ./Generated_Code/IntI2cLdd1.o
                0x00001fb8                IntI2cLdd1_MasterReceiveBlock
 .text.IntI2cLdd1_MasterGetBlockReceivedStatus
                0x00002148       0x3c ./Generated_Code/IntI2cLdd1.o
                0x00002148                IntI2cLdd1_MasterGetBlockReceivedStatus
 .text.IntI2cLdd1_MasterGetReceivedDataNum
                0x00002184       0x18 ./Generated_Code/IntI2cLdd1.o
                0x00002184                IntI2cLdd1_MasterGetReceivedDataNum
 .text.IntI2cLdd1_GetError
                0x0000219c       0x30 ./Generated_Code/IntI2cLdd1.o
                0x0000219c                IntI2cLdd1_GetError
 .text.IntI2cLdd1_CheckBus
                0x000021cc       0x40 ./Generated_Code/IntI2cLdd1.o
                0x000021cc                IntI2cLdd1_CheckBus
 .text.HWEnDi   0x0000220c       0x24 ./Generated_Code/Inhr1.o
 .text.Inhr1_SendChar
                0x00002230       0x84 ./Generated_Code/Inhr1.o
                0x00002230                Inhr1_SendChar
 .text.Inhr1_Init
                0x000022b4       0x2c ./Generated_Code/Inhr1.o
                0x000022b4                Inhr1_Init
 .text.ASerialLdd1_OnBreak
                0x000022e0       0x2c ./Generated_Code/Inhr1.o
                0x000022e0                ASerialLdd1_OnBreak
 .text.Cpu_INT_NMIInterrupt
                0x0000230c        0xc ./Generated_Code/Cpu.o
                0x0000230c                Cpu_INT_NMIInterrupt
 .text.Cpu_Interrupt
                0x00002318       0x18 ./Generated_Code/Cpu.o
                0x00002318                Cpu_Interrupt
 .text.__init_hardware
                0x00002330      0x268 ./Generated_Code/Cpu.o
                0x00002330                __init_hardware
 .text.PE_low_level_init
                0x00002598      0x100 ./Generated_Code/Cpu.o
                0x00002598                PE_low_level_init
 .text.Accel_SendChar
                0x00002698       0x3c ./Generated_Code/Accel.o
                0x00002698                Accel_SendChar
 .text.Accel_SendBlock
                0x000026d4      0x13c ./Generated_Code/Accel.o
                0x000026d4                Accel_SendBlock
 .text.Accel_RecvBlock
                0x00002810      0x178 ./Generated_Code/Accel.o
                0x00002810                Accel_RecvBlock
 .text.Accel_SendStop
                0x00002988       0x84 ./Generated_Code/Accel.o
                0x00002988                Accel_SendStop
 .text.Accel_Init
                0x00002a0c       0x1c ./Generated_Code/Accel.o
                0x00002a0c                Accel_Init
 .text.ASerialLdd1_Init
                0x00002a28      0x220 ./Generated_Code/ASerialLdd1.o
                0x00002a28                ASerialLdd1_Init
 .text.ASerialLdd1_ReceiveBlock
                0x00002c48       0x50 ./Generated_Code/ASerialLdd1.o
                0x00002c48                ASerialLdd1_ReceiveBlock
 .text.ASerialLdd1_SendBlock
                0x00002c98       0x60 ./Generated_Code/ASerialLdd1.o
                0x00002c98                ASerialLdd1_SendBlock
 .text.InterruptRx
                0x00002cf8       0x5c ./Generated_Code/ASerialLdd1.o
 .text.InterruptTx
                0x00002d54       0x68 ./Generated_Code/ASerialLdd1.o
 .text.ASerialLdd1_Main
                0x00002dbc       0xe8 ./Generated_Code/ASerialLdd1.o
                0x00002dbc                ASerialLdd1_Main
 .text._time_delay_internal
                0x00002ea4       0xd8 ./MQXLITE/kernel/time_ticks.o
                0x00002ea4                _time_delay_internal
 .text._time_delay_ticks
                0x00002f7c       0x84 ./MQXLITE/kernel/time_ticks.o
                0x00002f7c                _time_delay_ticks
 .text._time_notify_kernel
                0x00003000      0x19c ./MQXLITE/kernel/time_ticks.o
                0x00003000                _time_notify_kernel
 .text._time_set_hwtick_function
                0x0000319c       0x2c ./MQXLITE/kernel/time_ticks.o
                0x0000319c                _time_set_hwtick_function
 .text._time_set_hwticks_per_tick
                0x000031c8       0x24 ./MQXLITE/kernel/time_ticks.o
                0x000031c8                _time_set_hwticks_per_tick
 .text._task_destroy_internal
                0x000031ec      0x29c ./MQXLITE/kernel/task.o
                0x000031ec                _task_destroy_internal
 .text._task_destroy
                0x00003488       0x20 ./MQXLITE/kernel/task.o
                0x00003488                _task_destroy
 .text._task_get_td
                0x000034a8       0xe4 ./MQXLITE/kernel/task.o
                0x000034a8                _task_get_td
 .text._task_set_error
                0x0000358c       0x50 ./MQXLITE/kernel/task.o
                0x0000358c                _task_set_error
 .text._task_exit_function_internal
                0x000035dc       0x28 ./MQXLITE/kernel/task.o
                0x000035dc                _task_exit_function_internal
 .text._task_init_internal
                0x00003604      0x1b4 ./MQXLITE/kernel/task.o
                0x00003604                _task_init_internal
 .text._task_fill_stack_internal
                0x000037b8       0x44 ./MQXLITE/kernel/task.o
                0x000037b8                _task_fill_stack_internal
 .text._task_ready_internal
                0x000037fc       0x4c ./MQXLITE/kernel/task.o
                0x000037fc                _task_ready_internal
 .text._task_alloc_td_internal
                0x00003848      0x124 ./MQXLITE/kernel/task.o
                0x00003848                _task_alloc_td_internal
 .text._task_set_error_td_internal
                0x0000396c       0x30 ./MQXLITE/kernel/task.o
                0x0000396c                _task_set_error_td_internal
 .text._mqxlite_init
                0x0000399c      0x124 ./MQXLITE/kernel/mqxlite.o
                0x0000399c                _mqxlite_init
 .text._mqxlite
                0x00003ac0       0xd4 ./MQXLITE/kernel/mqxlite.o
                0x00003ac0                _mqxlite
 .text._mqx_exit
                0x00003b94       0x1c ./MQXLITE/kernel/mqxlite.o
                0x00003b94                _mqx_exit
 .text._mqx_set_cpu_type
                0x00003bb0       0x28 ./MQXLITE/kernel/mqx_utils.o
                0x00003bb0                _mqx_set_cpu_type
 .text._mqx_init_kernel_data_internal
                0x00003bd8      0x1dc ./MQXLITE/kernel/mqx_utils.o
                0x00003bd8                _mqx_init_kernel_data_internal
 .text._lwsem_create_internal
                0x00003db4       0xec ./MQXLITE/kernel/lwsem.o
                0x00003db4                _lwsem_create_internal
 .text._lwsem_create
                0x00003ea0       0x28 ./MQXLITE/kernel/lwsem.o
                0x00003ea0                _lwsem_create
 .text._lwsem_post
                0x00003ec8      0x184 ./MQXLITE/kernel/lwsem.o
                0x00003ec8                _lwsem_post
 .text._lwsem_wait
                0x0000404c      0x154 ./MQXLITE/kernel/lwsem.o
                0x0000404c                _lwsem_wait
 .text._int_default_isr
                0x000041a0       0x64 ./MQXLITE/kernel/int.o
                0x000041a0                _int_default_isr
 .text._int_disable
                0x00004204       0x3c ./MQXLITE/kernel/int.o
                0x00004204                _int_disable
 .text._int_enable
                0x00004240       0x54 ./MQXLITE/kernel/int.o
                0x00004240                _int_enable
 .text._int_get_isr_data
                0x00004294       0x78 ./MQXLITE/kernel/int.o
                0x00004294                _int_get_isr_data
 .text._int_install_isr
                0x0000430c       0x94 ./MQXLITE/kernel/int.o
                0x0000430c                _int_install_isr
 .text._int_init
                0x000043a0       0xb4 ./MQXLITE/kernel/int.o
                0x000043a0                _int_init
 .text._mqx_idle_task
                0x00004454       0x18 ./MQXLITE/kernel/idletask.o
                0x00004454                _mqx_idle_task
 .text._psp_destroy_stack_frame
                0x0000446c       0x14 ./MQXLITE/psp/cortex_m/stack_de.o
                0x0000446c                _psp_destroy_stack_frame
 .text._psp_build_stack_frame
                0x00004480       0xa0 ./MQXLITE/psp/cortex_m/stack_bu.o
                0x00004480                _psp_build_stack_frame
 .text._psp_set_kernel_disable_level
                0x00004520       0xc4 ./MQXLITE/psp/cortex_m/sc_irdyq.o
                0x00004520                _psp_set_kernel_disable_level
 .text._psp_init_readyqs
                0x000045e4       0xc8 ./MQXLITE/psp/cortex_m/sc_irdyq.o
                0x000045e4                _psp_init_readyqs
 .text._psp_normalize_ticks
                0x000046ac       0x5c ./MQXLITE/psp/cortex_m/psp_tinm.o
                0x000046ac                _psp_normalize_ticks
 .text._psp_int_init
                0x00004708       0x2c ./MQXLITE/psp/cortex_m/psp_iinit.o
                0x00004708                _psp_int_init
 .text._mem_zero
                0x00004734      0x228 ./MQXLITE/psp/cortex_m/mem_zero.o
                0x00004734                _mem_zero
 .text._int_set_vector_table
                0x0000495c       0x38 ./MQXLITE/psp/cortex_m/int_vtab.o
                0x0000495c                _int_set_vector_table
 .text._psp_int_install
                0x00004994       0x24 ./MQXLITE/psp/cortex_m/int_inst.o
                0x00004994                _psp_int_install
 .text.zero_fill_bss
                0x000049b8       0x2c ./Project_Settings/Startup_Code/__arm_start.o
 .text.__thumb_startup
                0x000049e4       0x30 ./Project_Settings/Startup_Code/__arm_start.o
                0x000049e4                __thumb_startup
 .text._ExitProcess
                0x00004a14        0xc ./Project_Settings/Startup_Code/__arm_end.o
                0x00004a14                _ExitProcess
 .text.Task1_task
                0x00004a20      0x1c8 ./Sources/mqx_tasks.o
                0x00004a20                Task1_task
 .text.Task2_task
                0x00004be8       0xb8 ./Sources/mqx_tasks.o
                0x00004be8                Task2_task
 .text.main     0x00004ca0       0x3c ./Sources/main.o
                0x00004ca0                main
 .text.Cpu_OnNMIINT
                0x00004cdc        0xc ./Sources/Events.o
                0x00004cdc                Cpu_OnNMIINT
 .text.exit     0x00004ce8       0x38 C:/Freescale/CW MCU v10.6/MCU/ARM_GCC_Support/ewl/lib/armv7e-m\libc.a(exit.o)
                0x00004ce8                exit
 .text.memset   0x00004d20        0xc C:/Freescale/CW MCU v10.6/MCU/ARM_GCC_Support/ewl/lib/armv7e-m\libc.a(memset.o)
                0x00004d20                memset
 .text.__fill_mem
                0x00004d2c       0x76 C:/Freescale/CW MCU v10.6/MCU/ARM_GCC_Support/ewl/lib/armv7e-m\libc.a(__filll_mem.o)
                0x00004d2c                __fill_mem
 .text.long2str.isra.0
                0x00004da2      0x196 C:/Freescale/CW MCU v10.6/MCU/ARM_GCC_Support/ewl/lib/armv7e-m\libc.a(printformat_fp.o)
 .text.__pformatterFP
                0x00004f38      0x83c C:/Freescale/CW MCU v10.6/MCU/ARM_GCC_Support/ewl/lib/armv7e-m\libc.a(printformat_fp.o)
                0x00004f38                __pformatterFP
 .text.__sformatter
                0x00005774      0x6f4 C:/Freescale/CW MCU v10.6/MCU/ARM_GCC_Support/ewl/lib/armv7e-m\libc.a(scanformat_.o)
                0x00005774                __sformatter
 .text.isalpha  0x00005e68       0x1c C:/Freescale/CW MCU v10.6/MCU/ARM_GCC_Support/ewl/lib/armv7e-m\libc.a(ctype_aeabi.o)
                0x00005e68                isalpha
 .text.isspace  0x00005e84       0x1c C:/Freescale/CW MCU v10.6/MCU/ARM_GCC_Support/ewl/lib/armv7e-m\libc.a(ctype_aeabi.o)
                0x00005e84                isspace
 .text.isupper  0x00005ea0       0x1c C:/Freescale/CW MCU v10.6/MCU/ARM_GCC_Support/ewl/lib/armv7e-m\libc.a(ctype_aeabi.o)
                0x00005ea0                isupper
 .text.toupper  0x00005ebc        0xc C:/Freescale/CW MCU v10.6/MCU/ARM_GCC_Support/ewl/lib/armv7e-m\libc.a(ctype_aeabi.o)
                0x00005ebc                toupper
 .text.__strtoul
                0x00005ec8      0x214 C:/Freescale/CW MCU v10.6/MCU/ARM_GCC_Support/ewl/lib/armv7e-m\libc.a(__strtoul.o)
                0x00005ec8                __strtoul
 .text.strchr   0x000060dc       0x1a C:/Freescale/CW MCU v10.6/MCU/ARM_GCC_Support/ewl/lib/armv7e-m\libc.a(strchr.o)
                0x000060dc                strchr
 .text.strcpy   0x000060f6        0xe C:/Freescale/CW MCU v10.6/MCU/ARM_GCC_Support/ewl/lib/armv7e-m\libc.a(strcpy.o)
                0x000060f6                strcpy
 .text.strlen   0x00006104       0x10 C:/Freescale/CW MCU v10.6/MCU/ARM_GCC_Support/ewl/lib/armv7e-m\libc.a(strlen.o)
                0x00006104                strlen
 .text.memchr   0x00006114       0x18 C:/Freescale/CW MCU v10.6/MCU/ARM_GCC_Support/ewl/lib/armv7e-m\libc.a(memchr.o)
                0x00006114                memchr
 *fill*         0x0000612c        0x4 00
 .text.__num2dec
                0x00006130      0x228 C:/Freescale/CW MCU v10.6/MCU/ARM_GCC_Support/ewl/lib/armv7e-m\libm.a(ansi_fp.o)
                0x00006130                __num2dec
 .text.__round_decimal
                0x00006358       0x98 C:/Freescale/CW MCU v10.6/MCU/ARM_GCC_Support/ewl/lib/armv7e-m\libm.a(ansi_fp.o)
                0x00006358                __round_decimal
 .text.__signbitd
                0x000063f0        0x4 C:/Freescale/CW MCU v10.6/MCU/ARM_GCC_Support/ewl/lib/armv7e-m\libm.a(math_api.o)
                0x000063f0                __signbitd
 .text.__fpclassifyd
                0x000063f4       0x38 C:/Freescale/CW MCU v10.6/MCU/ARM_GCC_Support/ewl/lib/armv7e-m\libm.a(math_api.o)
                0x000063f4                __fpclassifyd
 .text.frexp    0x0000642c       0x6c C:/Freescale/CW MCU v10.6/MCU/ARM_GCC_Support/ewl/lib/armv7e-m\libm.a(s_frexp.o)
                0x0000642c                frexp
 .text.__init_cpp
                0x00006498       0x4c C:/Freescale/CW MCU v10.6/MCU/ARM_GCC_Support/ewl/lib/armv7e-m\librt.a(gcc_ctor_dtor.o)
                0x00006498                __init_cpp
 .text.__fini_cpp
                0x000064e4       0x34 C:/Freescale/CW MCU v10.6/MCU/ARM_GCC_Support/ewl/lib/armv7e-m\librt.a(gcc_ctor_dtor.o)
                0x000064e4                __fini_cpp
 .text.__destroy_global_chain
                0x00006518       0x18 C:/Freescale/CW MCU v10.6/MCU/ARM_GCC_Support/ewl/lib/armv7e-m\librt.a(__arm_eabi_init.o)
                0x00006518                __destroy_global_chain
 .text.__init_registers
                0x00006530       0x24 C:/Freescale/CW MCU v10.6/MCU/ARM_GCC_Support/ewl/lib/armv7e-m\librt.a(__arm_eabi_init.o)
                0x00006530                __init_registers
 .text.__init_user
                0x00006554        0x4 C:/Freescale/CW MCU v10.6/MCU/ARM_GCC_Support/ewl/lib/armv7e-m\librt.a(__arm_eabi_init.o)
                0x00006554                __init_user
 .text.__copy_rom_section
                0x00006558       0x44 C:/Freescale/CW MCU v10.6/MCU/ARM_GCC_Support/ewl/lib/armv7e-m\librt.a(ROMCopy.o)
                0x00006558                __copy_rom_section
 .text.__copy_rom_sections_to_ram
                0x0000659c       0x30 C:/Freescale/CW MCU v10.6/MCU/ARM_GCC_Support/ewl/lib/armv7e-m\librt.a(ROMCopy.o)
                0x0000659c                __copy_rom_sections_to_ram
 *(.rodata)
 .rodata        0x000065cc       0x18 ./MQXLITE/config/task_template_list.o
 .rodata        0x000065e4       0xdc ./MQXLITE/kernel/mqxlite.o
 .rodata        0x000066c0       0x10 ./MQXLITE/kernel/mqx_utils.o
 *(.rodata*)
 .rodata.MQX_init_struct
                0x000066d0       0x24 ./Generated_Code/MQX1.o
                0x000066d0                MQX_init_struct
 .rodata.MQX_template_list
                0x000066f4       0x54 ./MQXLITE/config/task_template_list.o
                0x000066f4                MQX_template_list
 .rodata._mqx_version_number
                0x00006748        0x4 ./MQXLITE/kernel/mqxlite.o
                0x00006748                _mqx_version_number
 .rodata._mqx_vendor
                0x0000674c        0x4 ./MQXLITE/kernel/mqxlite.o
                0x0000674c                _mqx_vendor
 .rodata._mqx_path
                0x00006750        0x4 ./MQXLITE/kernel/mqxlite.o
                0x00006750                _mqx_path
 .rodata._mqxlite_version_number
                0x00006754        0x4 ./MQXLITE/kernel/mqxlite.o
                0x00006754                _mqxlite_version_number
 .rodata.str1.1
                0x00006758       0x14 C:/Freescale/CW MCU v10.6/MCU/ARM_GCC_Support/ewl/lib/armv7e-m\libc.a(printformat_fp.o)
                                 0x25 (size before relaxing)
 .rodata.CSWTCH.22
                0x0000676c       0x21 C:/Freescale/CW MCU v10.6/MCU/ARM_GCC_Support/ewl/lib/armv7e-m\libc.a(printformat_fp.o)
 .rodata.CSWTCH.23
                0x0000678d       0x21 C:/Freescale/CW MCU v10.6/MCU/ARM_GCC_Support/ewl/lib/armv7e-m\libc.a(printformat_fp.o)
 .rodata.__aeabi_ctype_table_C
                0x000067ae      0x101 C:/Freescale/CW MCU v10.6/MCU/ARM_GCC_Support/ewl/lib/armv7e-m\libc.a(ctype_aeabi.o)
                0x000067ae                __aeabi_ctype_table_C
 *fill*         0x000068af        0x1 00
 .rodata.digit_values
                0x000068b0       0x40 C:/Freescale/CW MCU v10.6/MCU/ARM_GCC_Support/ewl/lib/armv7e-m\libm.a(ansi_fp.o)
 .rodata.bit_values
                0x000068f0       0x48 C:/Freescale/CW MCU v10.6/MCU/ARM_GCC_Support/ewl/lib/armv7e-m\libm.a(ansi_fp.o)
 *(.glue_7)
 .glue_7        0x00000000        0x0 linker stubs
 *(.glue_7t)
 .glue_7t       0x00000000        0x0 linker stubs
 *(.eh_frame)
 *(.init)
 *(.fini)
                0x00006938                . = ALIGN (0x4)
 *(KERNEL)
 KERNEL         0x00006938      0x250 ./MQXLITE/psp/cortex_m/core/M4/dispatch.o
                0x00006938                _sched_start_internal
                0x0000693c                _sched_run_internal
                0x00006942                _sched_check_scheduler_internal
                0x00006960                _sched_execute_scheduler_internal
                0x00006964                _mqx_api_call
                0x00006968                _task_block
                0x0000696c                _svc_handler
                0x000069ee                _pend_svc
                0x00006a56                _int_kernel_isr
                0x00006ade                _psp_exception_return
                0x00006b18                _psp_save_fp_context_internal
                0x00006b1a                _mem_test_and_set
                0x00006b38                __get_PSP
                0x00006b3e                __get_MSP
                0x00006b4a                __get_PSR
                0x00006b50                __enable_interrupt
                0x00006b54                __disable_interrupt
                0x00006b58                __get_LR
                0x00006b5c                __get_PC
                0x00006b60                __get_CONTROL
                0x00000000                __VECTOR_TABLE_START = __vector_table
                0x00006b88                . = ALIGN (0x4)
 *(.rdata)
                0x00006b88                . = ALIGN (0x4)
 *(.exception)
                0x00006b88                . = ALIGN (0x4)
                0x00006b88                __exception_table_start__ = .
                0x00006b88                __exception_table_end__ = .
                0x00006b88                __sinit__ = .
                0x00006b88                _etext = .

.vfp11_veneer   0x00006b88        0x0
 .vfp11_veneer  0x00000000        0x0 linker stubs

.v4_bx          0x00006b88        0x0
 .v4_bx         0x00000000        0x0 linker stubs

.iplt           0x00006b88        0x0
 .iplt          0x00000000        0x0 ./Generated_Code/Vectors.o

.rel.dyn        0x00006b88        0x0
 .rel.iplt      0x00000000        0x0 ./Generated_Code/Vectors.o

.ARM.extab
 *(.ARM.extab* .gnu.linkonce.armextab.*)

.ARM            0x00006b88        0x0
                0x00006b88                __exidx_start = .
 *(.ARM.exidx*)
                0x00006b88                __exidx_end = .

.ctors          0x00006b88        0x0
                0x00006b88                __CTOR_LIST__ = .
 *crtbegin.o(.ctors)
 *(EXCLUDE_FILE(*crtend.o) .ctors)
 *(SORT(.ctors.*))
 *(.ctors)
                0x00006b88                __CTOR_END__ = .

.dtors          0x00006b88        0x0
                0x00006b88                __DTOR_LIST__ = .
 *crtbegin.o(.dtors)
 *(EXCLUDE_FILE(*crtend.o) .dtors)
 *(SORT(.dtors.*))
 *(.dtors)
                0x00006b88                __DTOR_END__ = .

.preinit_array  0x00006b88        0x0
                0x00006b88                PROVIDE (__preinit_array_start, .)
 *(.preinit_array*)
                0x00006b88                PROVIDE (__preinit_array_end, .)

.init_array     0x00006b88        0x0
                0x00006b88                PROVIDE (__init_array_start, .)
 *(SORT(.init_array.*))
 *(.init_array*)
                0x00006b88                PROVIDE (__init_array_end, .)

.fini_array     0x00006b88        0x0
                0x00006b88                PROVIDE (__fini_array_start, .)
 *(SORT(.fini_array.*))
 *(.fini_array*)
                0x00006b88                PROVIDE (__fini_array_end, .)
                0x00006b88                ___ROM_AT = .

.data           0x1fffe000       0x18 load address 0x00006b88
                0x1fffe000                . = ALIGN (0x4)
                0x1fffe000                _sdata = .
 *(.data)
 *(.data*)
 .data.mqx_task_stack_pointers
                0x1fffe000        0xc ./Generated_Code/MQX1.o
                0x1fffe000                mqx_task_stack_pointers
 .data._mqx_kernel_data
                0x1fffe00c        0x4 ./MQXLITE/kernel/mqxlite.o
                0x1fffe00c                _mqx_kernel_data
 .data.alpha.6955
                0x1fffe010        0x4 ./Sources/mqx_tasks.o
 .data.ctrl_reg1.6954
                0x1fffe014        0x4 ./Sources/main.o
                0x1fffe018                . = ALIGN (0x4)
                0x1fffe018                _edata = .
                0x00000018                ___data_size = (_edata - _sdata)
                0x00006ba0                ___m_data_20000000_ROMStart = (___ROM_AT + SIZEOF (.data))

.igot.plt       0x1fffe018        0x0 load address 0x00006ba0
 .igot.plt      0x00000000        0x0 ./Generated_Code/Vectors.o

.m_data_20000000
                0x20000000        0x0 load address 0x00006ba0
                0x20000000                . = ALIGN (0x4)
                0x20000000                ___m_data_20000000_RAMStart = .
 *(.m_data_20000000)
                0x20000000                ___m_data_20000000_RAMEnd = .
                0x20000000                . = ALIGN (0x4)
                0x00000000                ___m_data_20000000_ROMSize = (___m_data_20000000_RAMEnd - ___m_data_20000000_RAMStart)
                0x20000000                . = ALIGN (0x4)

.bss            0x1fffe018      0xd5c load address 0x00006ba0
                0x1fffe018                __START_BSS = .
                0x1fffe018                PROVIDE (__bss_start__, __START_BSS)
 *(.bss)
 *(.bss*)
 .bss.DeviceDataPrv__DEFAULT_RTOS_ALLOC
                0x1fffe018        0xc ./Generated_Code/SystemTimer1.o
 .bss.PE_LDD_DeviceDataList
                0x1fffe024        0xc ./Generated_Code/PE_LDD.o
                0x1fffe024                PE_LDD_DeviceDataList
 .bss.SystemTimerDeviceDataPtr
                0x1fffe030        0x4 ./Generated_Code/MQX1.o
 .bss.DeviceDataPrv__DEFAULT_RTOS_ALLOC
                0x1fffe034       0x1c ./Generated_Code/IntI2cLdd1.o
 .bss.SerFlag   0x1fffe050        0x2 ./Generated_Code/Inhr1.o
 .bss.BufferRead
                0x1fffe052        0x1 ./Generated_Code/Inhr1.o
 .bss.OutBuffer
                0x1fffe053        0x1 ./Generated_Code/Inhr1.o
 .bss.ChrTemp   0x1fffe054        0x1 ./Generated_Code/Accel.o
 *fill*         0x1fffe055        0x3 00
 .bss.DeviceDataPrv__DEFAULT_RTOS_ALLOC
                0x1fffe058       0x20 ./Generated_Code/ASerialLdd1.o
 .bss.argv      0x1fffe078        0x4 ./Project_Settings/Startup_Code/__arm_start.o
 .bss.__stdio_exit
                0x1fffe07c        0x4 C:/Freescale/CW MCU v10.6/MCU/ARM_GCC_Support/ewl/lib/armv7e-m\libc.a(exit.o)
                0x1fffe07c                __stdio_exit
 .bss.__console_exit
                0x1fffe080        0x4 C:/Freescale/CW MCU v10.6/MCU/ARM_GCC_Support/ewl/lib/armv7e-m\libc.a(exit.o)
                0x1fffe080                __console_exit
 .bss.__global_destructor_chain
                0x1fffe084        0x4 C:/Freescale/CW MCU v10.6/MCU/ARM_GCC_Support/ewl/lib/armv7e-m\librt.a(__arm_eabi_init.o)
                0x1fffe084                __global_destructor_chain
 .bss.__S_romp  0x1fffe088        0xc C:/Freescale/CW MCU v10.6/MCU/ARM_GCC_Support/ewl/lib/armv7e-m\librt.a(ROMCopy.o)
 *(COMMON)
 COMMON         0x1fffe094      0xca4 ./Generated_Code/MQX1.o
                0x1fffe094                _mqx_kernel_data_struct
                0x1fffe2bc                mqx_interrupt_stack
                0x1fffe3cc                UART_Send_task_stack
                0x1fffe648                mqx_static_ready_queue
                0x1fffe6e8                mqx_static_isr_table
                0x1fffe760                mqx_idle_task_stack
                0x1fffe8bc                Accel_Read_task_stack
 COMMON         0x1fffed38        0x4 ./Generated_Code/Inhr1.o
                0x1fffed38                ASerialLdd1_DeviceDataPtr
 COMMON         0x1fffed3c        0x8 ./Generated_Code/Accel.o
                0x1fffed3c                Accel_SndRcvTemp
                0x1fffed40                IntI2cLdd1_DeviceDataPtr
 COMMON         0x1fffed44       0x10 ./Sources/mqx_tasks.o
                0x1fffed44                cnt
                0x1fffed48                result
 COMMON         0x1fffed54       0x1e ./Sources/main.o
                0x1fffed54                i2csem
                0x1fffed70                snt
                0x1fffed74                . = ALIGN (0x4)
 *fill*         0x1fffed72        0x2 00
                0x1fffed74                __END_BSS = .
                0x1fffed74                PROVIDE (__bss_end__, __END_BSS)
                0x00006ba0                _romp_at = ((___ROM_AT + SIZEOF (.data)) + SIZEOF (.m_data_20000000))

.romp           0x1fffed74       0x24 load address 0x00006ba0
                0x00006ba0                __S_romp = _romp_at
                0x1fffed74        0x4 LONG 0x6b88 ___ROM_AT
                0x1fffed78        0x4 LONG 0x1fffe000 _sdata
                0x1fffed7c        0x4 LONG 0x18 ___data_size
                0x1fffed80        0x4 LONG 0x6ba0 ___m_data_20000000_ROMStart
                0x1fffed84        0x4 LONG 0x20000000 ___m_data_20000000_RAMStart
                0x1fffed88        0x4 LONG 0x0 ___m_data_20000000_ROMSize
                0x1fffed8c        0x4 LONG 0x0
                0x1fffed90        0x4 LONG 0x0
                0x1fffed94        0x4 LONG 0x0

._user_heap_stack
                0x1fffed98      0x400 load address 0x00006bc4
                0x1fffed98                . = ALIGN (0x4)
                0x1fffed98                PROVIDE (end, .)
                0x1fffed98                PROVIDE (_end, .)
                0x1fffed98                __heap_addr = .
                0x1fffed98                . = (. + __heap_size)
                0x1ffff198                . = (. + __stack_size)
 *fill*         0x1fffed98      0x400 00
                0x1ffff198                . = ALIGN (0x4)

.ARM.attributes
                0x00000000       0x31
 *(.ARM.attributes)
 .ARM.attributes
                0x00000000       0x33 ./Generated_Code/Vectors.o
 .ARM.attributes
                0x00000033       0x33 ./Generated_Code/Term1.o
 .ARM.attributes
                0x00000066       0x33 ./Generated_Code/SystemTimer1.o
 .ARM.attributes
                0x00000099       0x33 ./Generated_Code/PE_LDD.o
 .ARM.attributes
                0x000000cc       0x33 ./Generated_Code/MQX1.o
 .ARM.attributes
                0x000000ff       0x33 ./Generated_Code/IntI2cLdd1.o
 .ARM.attributes
                0x00000132       0x33 ./Generated_Code/Inhr1.o
 .ARM.attributes
                0x00000165       0x33 ./Generated_Code/Cpu.o
 .ARM.attributes
                0x00000198       0x33 ./Generated_Code/Accel.o
 .ARM.attributes
                0x000001cb       0x33 ./Generated_Code/ASerialLdd1.o
 .ARM.attributes
                0x000001fe       0x33 ./MQXLITE/config/task_template_list.o
 .ARM.attributes
                0x00000231       0x33 ./MQXLITE/kernel/time_ticks.o
 .ARM.attributes
                0x00000264       0x33 ./MQXLITE/kernel/task.o
 .ARM.attributes
                0x00000297       0x33 ./MQXLITE/kernel/mqxlite.o
 .ARM.attributes
                0x000002ca       0x33 ./MQXLITE/kernel/mqx_utils.o
 .ARM.attributes
                0x000002fd       0x33 ./MQXLITE/kernel/lwsem.o
 .ARM.attributes
                0x00000330       0x33 ./MQXLITE/kernel/int.o
 .ARM.attributes
                0x00000363       0x33 ./MQXLITE/kernel/idletask.o
 .ARM.attributes
                0x00000396       0x21 ./MQXLITE/psp/cortex_m/core/M4/dispatch.o
 .ARM.attributes
                0x000003b7       0x21 ./MQXLITE/psp/cortex_m/core/M4/boot.o
 .ARM.attributes
                0x000003d8       0x33 ./MQXLITE/psp/cortex_m/stack_de.o
 .ARM.attributes
                0x0000040b       0x33 ./MQXLITE/psp/cortex_m/stack_bu.o
 .ARM.attributes
                0x0000043e       0x33 ./MQXLITE/psp/cortex_m/sc_irdyq.o
 .ARM.attributes
                0x00000471       0x33 ./MQXLITE/psp/cortex_m/psp_tinm.o
 .ARM.attributes
                0x000004a4       0x33 ./MQXLITE/psp/cortex_m/psp_iinit.o
 .ARM.attributes
                0x000004d7       0x33 ./MQXLITE/psp/cortex_m/mem_zero.o
 .ARM.attributes
                0x0000050a       0x33 ./MQXLITE/psp/cortex_m/int_vtab.o
 .ARM.attributes
                0x0000053d       0x33 ./MQXLITE/psp/cortex_m/int_inst.o
 .ARM.attributes
                0x00000570       0x33 ./Project_Settings/Startup_Code/__arm_start.o
 .ARM.attributes
                0x000005a3       0x33 ./Project_Settings/Startup_Code/__arm_end.o
 .ARM.attributes
                0x000005d6       0x33 ./Sources/mqx_tasks.o
 .ARM.attributes
                0x00000609       0x33 ./Sources/main.o
 .ARM.attributes
                0x0000063c       0x33 ./Sources/Events.o
 .ARM.attributes
                0x0000066f       0x33 C:/Freescale/CW MCU v10.6/MCU/ARM_GCC_Support/ewl/lib/armv7e-m\libc.a(exit.o)
 .ARM.attributes
                0x000006a2       0x33 C:/Freescale/CW MCU v10.6/MCU/ARM_GCC_Support/ewl/lib/armv7e-m\libc.a(memset.o)
 .ARM.attributes
                0x000006d5       0x33 C:/Freescale/CW MCU v10.6/MCU/ARM_GCC_Support/ewl/lib/armv7e-m\libc.a(__filll_mem.o)
 .ARM.attributes
                0x00000708       0x33 C:/Freescale/CW MCU v10.6/MCU/ARM_GCC_Support/ewl/lib/armv7e-m\libc.a(printformat_fp.o)
 .ARM.attributes
                0x0000073b       0x33 C:/Freescale/CW MCU v10.6/MCU/ARM_GCC_Support/ewl/lib/armv7e-m\libc.a(scanformat_.o)
 .ARM.attributes
                0x0000076e       0x33 C:/Freescale/CW MCU v10.6/MCU/ARM_GCC_Support/ewl/lib/armv7e-m\libc.a(ctype_aeabi.o)
 .ARM.attributes
                0x000007a1       0x33 C:/Freescale/CW MCU v10.6/MCU/ARM_GCC_Support/ewl/lib/armv7e-m\libc.a(__strtoul.o)
 .ARM.attributes
                0x000007d4       0x33 C:/Freescale/CW MCU v10.6/MCU/ARM_GCC_Support/ewl/lib/armv7e-m\libc.a(strchr.o)
 .ARM.attributes
                0x00000807       0x33 C:/Freescale/CW MCU v10.6/MCU/ARM_GCC_Support/ewl/lib/armv7e-m\libc.a(strcpy.o)
 .ARM.attributes
                0x0000083a       0x33 C:/Freescale/CW MCU v10.6/MCU/ARM_GCC_Support/ewl/lib/armv7e-m\libc.a(strlen.o)
 .ARM.attributes
                0x0000086d       0x33 C:/Freescale/CW MCU v10.6/MCU/ARM_GCC_Support/ewl/lib/armv7e-m\libc.a(memchr.o)
 .ARM.attributes
                0x000008a0       0x33 C:/Freescale/CW MCU v10.6/MCU/ARM_GCC_Support/ewl/lib/armv7e-m\libm.a(ansi_fp.o)
 .ARM.attributes
                0x000008d3       0x33 C:/Freescale/CW MCU v10.6/MCU/ARM_GCC_Support/ewl/lib/armv7e-m\libm.a(math_api.o)
 .ARM.attributes
                0x00000906       0x33 C:/Freescale/CW MCU v10.6/MCU/ARM_GCC_Support/ewl/lib/armv7e-m\libm.a(s_frexp.o)
 .ARM.attributes
                0x00000939       0x1e c:/freescale/cw mcu v10.6/cross_tools/arm-none-eabi-gcc-4_7_3/bin/../lib/gcc/arm-none-eabi/4.7.3/armv7e-m\libgcc.a(_arm_addsubdf3.o)
 .ARM.attributes
                0x00000957       0x1e c:/freescale/cw mcu v10.6/cross_tools/arm-none-eabi-gcc-4_7_3/bin/../lib/gcc/arm-none-eabi/4.7.3/armv7e-m\libgcc.a(_arm_muldivdf3.o)
 .ARM.attributes
                0x00000975       0x1e c:/freescale/cw mcu v10.6/cross_tools/arm-none-eabi-gcc-4_7_3/bin/../lib/gcc/arm-none-eabi/4.7.3/armv7e-m\libgcc.a(_arm_cmpdf2.o)
 .ARM.attributes
                0x00000993       0x1e c:/freescale/cw mcu v10.6/cross_tools/arm-none-eabi-gcc-4_7_3/bin/../lib/gcc/arm-none-eabi/4.7.3/armv7e-m\libgcc.a(_arm_fixdfsi.o)
 .ARM.attributes
                0x000009b1       0x1e c:/freescale/cw mcu v10.6/cross_tools/arm-none-eabi-gcc-4_7_3/bin/../lib/gcc/arm-none-eabi/4.7.3/armv7e-m\libgcc.a(_arm_addsubsf3.o)
 .ARM.attributes
                0x000009cf       0x1e c:/freescale/cw mcu v10.6/cross_tools/arm-none-eabi-gcc-4_7_3/bin/../lib/gcc/arm-none-eabi/4.7.3/armv7e-m\libgcc.a(_arm_muldivsf3.o)
 .ARM.attributes
                0x000009ed       0x1e c:/freescale/cw mcu v10.6/cross_tools/arm-none-eabi-gcc-4_7_3/bin/../lib/gcc/arm-none-eabi/4.7.3/armv7e-m\libgcc.a(_arm_cmpsf2.o)
 .ARM.attributes
                0x00000a0b       0x1e c:/freescale/cw mcu v10.6/cross_tools/arm-none-eabi-gcc-4_7_3/bin/../lib/gcc/arm-none-eabi/4.7.3/armv7e-m\libgcc.a(_arm_fixunssfsi.o)
 .ARM.attributes
                0x00000a29       0x33 C:/Freescale/CW MCU v10.6/MCU/ARM_GCC_Support/ewl/lib/armv7e-m\librt.a(gcc_ctor_dtor.o)
 .ARM.attributes
                0x00000a5c       0x33 C:/Freescale/CW MCU v10.6/MCU/ARM_GCC_Support/ewl/lib/armv7e-m\librt.a(__arm_eabi_init.o)
 .ARM.attributes
                0x00000a8f       0x33 C:/Freescale/CW MCU v10.6/MCU/ARM_GCC_Support/ewl/lib/armv7e-m\librt.a(ROMCopy.o)
OUTPUT(Lab8v1.elf elf32-littlearm)

.debug_info     0x00000000    0x123d4
 .debug_info    0x00000000      0x288 ./Generated_Code/Vectors.o
 .debug_info    0x00000288      0x3fe ./Generated_Code/Term1.o
 .debug_info    0x00000686      0x6c4 ./Generated_Code/SystemTimer1.o
 .debug_info    0x00000d4a      0x3e8 ./Generated_Code/PE_LDD.o
 .debug_info    0x00001132      0xe96 ./Generated_Code/MQX1.o
 .debug_info    0x00001fc8      0x94d ./Generated_Code/IntI2cLdd1.o
 .debug_info    0x00002915      0x209 ./Generated_Code/Inhr1.o
 .debug_info    0x00002b1e      0xdbc ./Generated_Code/Cpu.o
 .debug_info    0x000038da      0x41e ./Generated_Code/Accel.o
 .debug_info    0x00003cf8      0x9fd ./Generated_Code/ASerialLdd1.o
 .debug_info    0x000046f5      0x2f3 ./MQXLITE/config/task_template_list.o
 .debug_info    0x000049e8     0x10cd ./MQXLITE/kernel/time_ticks.o
 .debug_info    0x00005ab5     0x1fe6 ./MQXLITE/kernel/task.o
 .debug_info    0x00007a9b      0xe8b ./MQXLITE/kernel/mqxlite.o
 .debug_info    0x00008926      0xc0c ./MQXLITE/kernel/mqx_utils.o
 .debug_info    0x00009532     0x10ee ./MQXLITE/kernel/lwsem.o
 .debug_info    0x0000a620      0xe6a ./MQXLITE/kernel/int.o
 .debug_info    0x0000b48a      0xa4d ./MQXLITE/kernel/idletask.o
 .debug_info    0x0000bed7       0x7f ./MQXLITE/psp/cortex_m/core/M4/dispatch.o
 .debug_info    0x0000bf56       0x7b ./MQXLITE/psp/cortex_m/core/M4/boot.o
 .debug_info    0x0000bfd1      0x41c ./MQXLITE/psp/cortex_m/stack_de.o
 .debug_info    0x0000c3ed      0x673 ./MQXLITE/psp/cortex_m/stack_bu.o
 .debug_info    0x0000ca60      0xc85 ./MQXLITE/psp/cortex_m/sc_irdyq.o
 .debug_info    0x0000d6e5      0xacf ./MQXLITE/psp/cortex_m/psp_tinm.o
 .debug_info    0x0000e1b4       0xd7 ./MQXLITE/psp/cortex_m/psp_iinit.o
 .debug_info    0x0000e28b      0x139 ./MQXLITE/psp/cortex_m/mem_zero.o
 .debug_info    0x0000e3c4      0x376 ./MQXLITE/psp/cortex_m/int_vtab.o
 .debug_info    0x0000e73a      0xa3a ./MQXLITE/psp/cortex_m/int_inst.o
 .debug_info    0x0000f174      0x12a ./Project_Settings/Startup_Code/__arm_start.o
 .debug_info    0x0000f29e       0x54 ./Project_Settings/Startup_Code/__arm_end.o
 .debug_info    0x0000f2f2      0x4a7 ./Sources/mqx_tasks.o
 .debug_info    0x0000f799      0x39e ./Sources/main.o
 .debug_info    0x0000fb37       0x92 ./Sources/Events.o
 .debug_info    0x0000fbc9       0xe8 C:/Freescale/CW MCU v10.6/MCU/ARM_GCC_Support/ewl/lib/armv7e-m\libc.a(exit.o)
 .debug_info    0x0000fcb1       0xec C:/Freescale/CW MCU v10.6/MCU/ARM_GCC_Support/ewl/lib/armv7e-m\libc.a(memset.o)
 .debug_info    0x0000fd9d      0x135 C:/Freescale/CW MCU v10.6/MCU/ARM_GCC_Support/ewl/lib/armv7e-m\libc.a(__filll_mem.o)
 .debug_info    0x0000fed2      0x769 C:/Freescale/CW MCU v10.6/MCU/ARM_GCC_Support/ewl/lib/armv7e-m\libc.a(printformat_fp.o)
 .debug_info    0x0001063b      0x565 C:/Freescale/CW MCU v10.6/MCU/ARM_GCC_Support/ewl/lib/armv7e-m\libc.a(scanformat_.o)
 .debug_info    0x00010ba0      0x306 C:/Freescale/CW MCU v10.6/MCU/ARM_GCC_Support/ewl/lib/armv7e-m\libc.a(ctype_aeabi.o)
 .debug_info    0x00010ea6      0x1d6 C:/Freescale/CW MCU v10.6/MCU/ARM_GCC_Support/ewl/lib/armv7e-m\libc.a(__strtoul.o)
 .debug_info    0x0001107c      0x108 C:/Freescale/CW MCU v10.6/MCU/ARM_GCC_Support/ewl/lib/armv7e-m\libc.a(strchr.o)
 .debug_info    0x00011184      0x108 C:/Freescale/CW MCU v10.6/MCU/ARM_GCC_Support/ewl/lib/armv7e-m\libc.a(strcpy.o)
 .debug_info    0x0001128c       0xeb C:/Freescale/CW MCU v10.6/MCU/ARM_GCC_Support/ewl/lib/armv7e-m\libc.a(strlen.o)
 .debug_info    0x00011377      0x120 C:/Freescale/CW MCU v10.6/MCU/ARM_GCC_Support/ewl/lib/armv7e-m\libc.a(memchr.o)
 .debug_info    0x00011497      0x514 C:/Freescale/CW MCU v10.6/MCU/ARM_GCC_Support/ewl/lib/armv7e-m\libm.a(ansi_fp.o)
 .debug_info    0x000119ab      0x303 C:/Freescale/CW MCU v10.6/MCU/ARM_GCC_Support/ewl/lib/armv7e-m\libm.a(math_api.o)
 .debug_info    0x00011cae      0x1a1 C:/Freescale/CW MCU v10.6/MCU/ARM_GCC_Support/ewl/lib/armv7e-m\libm.a(s_frexp.o)
 .debug_info    0x00011e4f      0x136 C:/Freescale/CW MCU v10.6/MCU/ARM_GCC_Support/ewl/lib/armv7e-m\librt.a(gcc_ctor_dtor.o)
 .debug_info    0x00011f85      0x2b5 C:/Freescale/CW MCU v10.6/MCU/ARM_GCC_Support/ewl/lib/armv7e-m\librt.a(__arm_eabi_init.o)
 .debug_info    0x0001223a      0x19a C:/Freescale/CW MCU v10.6/MCU/ARM_GCC_Support/ewl/lib/armv7e-m\librt.a(ROMCopy.o)

.debug_abbrev   0x00000000     0x3457
 .debug_abbrev  0x00000000       0xb9 ./Generated_Code/Vectors.o
 .debug_abbrev  0x000000b9      0x1ab ./Generated_Code/Term1.o
 .debug_abbrev  0x00000264      0x1be ./Generated_Code/SystemTimer1.o
 .debug_abbrev  0x00000422      0x118 ./Generated_Code/PE_LDD.o
 .debug_abbrev  0x0000053a      0x1a3 ./Generated_Code/MQX1.o
 .debug_abbrev  0x000006dd      0x168 ./Generated_Code/IntI2cLdd1.o
 .debug_abbrev  0x00000845      0x103 ./Generated_Code/Inhr1.o
 .debug_abbrev  0x00000948      0x16e ./Generated_Code/Cpu.o
 .debug_abbrev  0x00000ab6      0x14a ./Generated_Code/Accel.o
 .debug_abbrev  0x00000c00      0x1aa ./Generated_Code/ASerialLdd1.o
 .debug_abbrev  0x00000daa       0xb9 ./MQXLITE/config/task_template_list.o
 .debug_abbrev  0x00000e63      0x1ad ./MQXLITE/kernel/time_ticks.o
 .debug_abbrev  0x00001010      0x21d ./MQXLITE/kernel/task.o
 .debug_abbrev  0x0000122d      0x1c6 ./MQXLITE/kernel/mqxlite.o
 .debug_abbrev  0x000013f3      0x1a4 ./MQXLITE/kernel/mqx_utils.o
 .debug_abbrev  0x00001597      0x191 ./MQXLITE/kernel/lwsem.o
 .debug_abbrev  0x00001728      0x190 ./MQXLITE/kernel/int.o
 .debug_abbrev  0x000018b8      0x12d ./MQXLITE/kernel/idletask.o
 .debug_abbrev  0x000019e5       0x14 ./MQXLITE/psp/cortex_m/core/M4/dispatch.o
 .debug_abbrev  0x000019f9       0x14 ./MQXLITE/psp/cortex_m/core/M4/boot.o
 .debug_abbrev  0x00001a0d       0xd4 ./MQXLITE/psp/cortex_m/stack_de.o
 .debug_abbrev  0x00001ae1      0x10f ./MQXLITE/psp/cortex_m/stack_bu.o
 .debug_abbrev  0x00001bf0      0x178 ./MQXLITE/psp/cortex_m/sc_irdyq.o
 .debug_abbrev  0x00001d68      0x13e ./MQXLITE/psp/cortex_m/psp_tinm.o
 .debug_abbrev  0x00001ea6       0x6a ./MQXLITE/psp/cortex_m/psp_iinit.o
 .debug_abbrev  0x00001f10       0x78 ./MQXLITE/psp/cortex_m/mem_zero.o
 .debug_abbrev  0x00001f88       0xf7 ./MQXLITE/psp/cortex_m/int_vtab.o
 .debug_abbrev  0x0000207f      0x117 ./MQXLITE/psp/cortex_m/int_inst.o
 .debug_abbrev  0x00002196       0x92 ./Project_Settings/Startup_Code/__arm_start.o
 .debug_abbrev  0x00002228       0x4c ./Project_Settings/Startup_Code/__arm_end.o
 .debug_abbrev  0x00002274      0x132 ./Sources/mqx_tasks.o
 .debug_abbrev  0x000023a6       0xdd ./Sources/main.o
 .debug_abbrev  0x00002483       0x3d ./Sources/Events.o
 .debug_abbrev  0x000024c0       0x7a C:/Freescale/CW MCU v10.6/MCU/ARM_GCC_Support/ewl/lib/armv7e-m\libc.a(exit.o)
 .debug_abbrev  0x0000253a       0x62 C:/Freescale/CW MCU v10.6/MCU/ARM_GCC_Support/ewl/lib/armv7e-m\libc.a(memset.o)
 .debug_abbrev  0x0000259c       0x87 C:/Freescale/CW MCU v10.6/MCU/ARM_GCC_Support/ewl/lib/armv7e-m\libc.a(__filll_mem.o)
 .debug_abbrev  0x00002623      0x23e C:/Freescale/CW MCU v10.6/MCU/ARM_GCC_Support/ewl/lib/armv7e-m\libc.a(printformat_fp.o)
 .debug_abbrev  0x00002861      0x1f0 C:/Freescale/CW MCU v10.6/MCU/ARM_GCC_Support/ewl/lib/armv7e-m\libc.a(scanformat_.o)
 .debug_abbrev  0x00002a51       0x85 C:/Freescale/CW MCU v10.6/MCU/ARM_GCC_Support/ewl/lib/armv7e-m\libc.a(ctype_aeabi.o)
 .debug_abbrev  0x00002ad6       0xc2 C:/Freescale/CW MCU v10.6/MCU/ARM_GCC_Support/ewl/lib/armv7e-m\libc.a(__strtoul.o)
 .debug_abbrev  0x00002b98       0x89 C:/Freescale/CW MCU v10.6/MCU/ARM_GCC_Support/ewl/lib/armv7e-m\libc.a(strchr.o)
 .debug_abbrev  0x00002c21       0x78 C:/Freescale/CW MCU v10.6/MCU/ARM_GCC_Support/ewl/lib/armv7e-m\libc.a(strcpy.o)
 .debug_abbrev  0x00002c99       0x7a C:/Freescale/CW MCU v10.6/MCU/ARM_GCC_Support/ewl/lib/armv7e-m\libc.a(strlen.o)
 .debug_abbrev  0x00002d13       0x95 C:/Freescale/CW MCU v10.6/MCU/ARM_GCC_Support/ewl/lib/armv7e-m\libc.a(memchr.o)
 .debug_abbrev  0x00002da8      0x15d C:/Freescale/CW MCU v10.6/MCU/ARM_GCC_Support/ewl/lib/armv7e-m\libm.a(ansi_fp.o)
 .debug_abbrev  0x00002f05       0xe8 C:/Freescale/CW MCU v10.6/MCU/ARM_GCC_Support/ewl/lib/armv7e-m\libm.a(math_api.o)
 .debug_abbrev  0x00002fed       0xce C:/Freescale/CW MCU v10.6/MCU/ARM_GCC_Support/ewl/lib/armv7e-m\libm.a(s_frexp.o)
 .debug_abbrev  0x000030bb       0x99 C:/Freescale/CW MCU v10.6/MCU/ARM_GCC_Support/ewl/lib/armv7e-m\librt.a(gcc_ctor_dtor.o)
 .debug_abbrev  0x00003154      0x1cc C:/Freescale/CW MCU v10.6/MCU/ARM_GCC_Support/ewl/lib/armv7e-m\librt.a(__arm_eabi_init.o)
 .debug_abbrev  0x00003320      0x137 C:/Freescale/CW MCU v10.6/MCU/ARM_GCC_Support/ewl/lib/armv7e-m\librt.a(ROMCopy.o)

.debug_aranges  0x00000000      0xc28
 .debug_aranges
                0x00000000       0x18 ./Generated_Code/Vectors.o
 .debug_aranges
                0x00000018       0x80 ./Generated_Code/Term1.o
 .debug_aranges
                0x00000098       0x60 ./Generated_Code/SystemTimer1.o
 .debug_aranges
                0x000000f8       0x30 ./Generated_Code/PE_LDD.o
 .debug_aranges
                0x00000128       0x40 ./Generated_Code/MQX1.o
 .debug_aranges
                0x00000168       0x70 ./Generated_Code/IntI2cLdd1.o
 .debug_aranges
                0x000001d8       0x48 ./Generated_Code/Inhr1.o
 .debug_aranges
                0x00000220       0x40 ./Generated_Code/Cpu.o
 .debug_aranges
                0x00000260       0x48 ./Generated_Code/Accel.o
 .debug_aranges
                0x000002a8       0x58 ./Generated_Code/ASerialLdd1.o
 .debug_aranges
                0x00000300       0x18 ./MQXLITE/config/task_template_list.o
 .debug_aranges
                0x00000318       0xb8 ./MQXLITE/kernel/time_ticks.o
 .debug_aranges
                0x000003d0      0x160 ./MQXLITE/kernel/task.o
 .debug_aranges
                0x00000530       0x30 ./MQXLITE/kernel/mqxlite.o
 .debug_aranges
                0x00000560       0x60 ./MQXLITE/kernel/mqx_utils.o
 .debug_aranges
                0x000005c0       0x80 ./MQXLITE/kernel/lwsem.o
 .debug_aranges
                0x00000640       0x90 ./MQXLITE/kernel/int.o
 .debug_aranges
                0x000006d0       0x20 ./MQXLITE/kernel/idletask.o
 .debug_aranges
                0x000006f0       0x20 ./MQXLITE/psp/cortex_m/core/M4/dispatch.o
 .debug_aranges
                0x00000710       0x20 ./MQXLITE/psp/cortex_m/core/M4/boot.o
 .debug_aranges
                0x00000730       0x20 ./MQXLITE/psp/cortex_m/stack_de.o
 .debug_aranges
                0x00000750       0x20 ./MQXLITE/psp/cortex_m/stack_bu.o
 .debug_aranges
                0x00000770       0x28 ./MQXLITE/psp/cortex_m/sc_irdyq.o
 .debug_aranges
                0x00000798       0x20 ./MQXLITE/psp/cortex_m/psp_tinm.o
 .debug_aranges
                0x000007b8       0x20 ./MQXLITE/psp/cortex_m/psp_iinit.o
 .debug_aranges
                0x000007d8       0x20 ./MQXLITE/psp/cortex_m/mem_zero.o
 .debug_aranges
                0x000007f8       0x28 ./MQXLITE/psp/cortex_m/int_vtab.o
 .debug_aranges
                0x00000820       0x20 ./MQXLITE/psp/cortex_m/int_inst.o
 .debug_aranges
                0x00000840       0x30 ./Project_Settings/Startup_Code/__arm_start.o
 .debug_aranges
                0x00000870       0x20 ./Project_Settings/Startup_Code/__arm_end.o
 .debug_aranges
                0x00000890       0x28 ./Sources/mqx_tasks.o
 .debug_aranges
                0x000008b8       0x20 ./Sources/main.o
 .debug_aranges
                0x000008d8       0x20 ./Sources/Events.o
 .debug_aranges
                0x000008f8       0x20 C:/Freescale/CW MCU v10.6/MCU/ARM_GCC_Support/ewl/lib/armv7e-m\libc.a(exit.o)
 .debug_aranges
                0x00000918       0x20 C:/Freescale/CW MCU v10.6/MCU/ARM_GCC_Support/ewl/lib/armv7e-m\libc.a(memset.o)
 .debug_aranges
                0x00000938       0x20 C:/Freescale/CW MCU v10.6/MCU/ARM_GCC_Support/ewl/lib/armv7e-m\libc.a(__filll_mem.o)
 .debug_aranges
                0x00000958       0x28 C:/Freescale/CW MCU v10.6/MCU/ARM_GCC_Support/ewl/lib/armv7e-m\libc.a(printformat_fp.o)
 .debug_aranges
                0x00000980       0x20 C:/Freescale/CW MCU v10.6/MCU/ARM_GCC_Support/ewl/lib/armv7e-m\libc.a(scanformat_.o)
 .debug_aranges
                0x000009a0       0x88 C:/Freescale/CW MCU v10.6/MCU/ARM_GCC_Support/ewl/lib/armv7e-m\libc.a(ctype_aeabi.o)
 .debug_aranges
                0x00000a28       0x20 C:/Freescale/CW MCU v10.6/MCU/ARM_GCC_Support/ewl/lib/armv7e-m\libc.a(__strtoul.o)
 .debug_aranges
                0x00000a48       0x20 C:/Freescale/CW MCU v10.6/MCU/ARM_GCC_Support/ewl/lib/armv7e-m\libc.a(strchr.o)
 .debug_aranges
                0x00000a68       0x20 C:/Freescale/CW MCU v10.6/MCU/ARM_GCC_Support/ewl/lib/armv7e-m\libc.a(strcpy.o)
 .debug_aranges
                0x00000a88       0x20 C:/Freescale/CW MCU v10.6/MCU/ARM_GCC_Support/ewl/lib/armv7e-m\libc.a(strlen.o)
 .debug_aranges
                0x00000aa8       0x20 C:/Freescale/CW MCU v10.6/MCU/ARM_GCC_Support/ewl/lib/armv7e-m\libc.a(memchr.o)
 .debug_aranges
                0x00000ac8       0x30 C:/Freescale/CW MCU v10.6/MCU/ARM_GCC_Support/ewl/lib/armv7e-m\libm.a(ansi_fp.o)
 .debug_aranges
                0x00000af8       0x60 C:/Freescale/CW MCU v10.6/MCU/ARM_GCC_Support/ewl/lib/armv7e-m\libm.a(math_api.o)
 .debug_aranges
                0x00000b58       0x20 C:/Freescale/CW MCU v10.6/MCU/ARM_GCC_Support/ewl/lib/armv7e-m\libm.a(s_frexp.o)
 .debug_aranges
                0x00000b78       0x28 C:/Freescale/CW MCU v10.6/MCU/ARM_GCC_Support/ewl/lib/armv7e-m\librt.a(gcc_ctor_dtor.o)
 .debug_aranges
                0x00000ba0       0x58 C:/Freescale/CW MCU v10.6/MCU/ARM_GCC_Support/ewl/lib/armv7e-m\librt.a(__arm_eabi_init.o)
 .debug_aranges
                0x00000bf8       0x30 C:/Freescale/CW MCU v10.6/MCU/ARM_GCC_Support/ewl/lib/armv7e-m\librt.a(ROMCopy.o)

.debug_macinfo  0x00000000   0x8f2b1c
 .debug_macinfo
                0x00000000    0x4eb1f ./Generated_Code/Vectors.o
 .debug_macinfo
                0x0004eb1f    0x44bd8 ./Generated_Code/Term1.o
 .debug_macinfo
                0x000936f7    0x4e5f9 ./Generated_Code/SystemTimer1.o
 .debug_macinfo
                0x000e1cf0    0x4eaa4 ./Generated_Code/PE_LDD.o
 .debug_macinfo
                0x00130794    0x4ebb9 ./Generated_Code/MQX1.o
 .debug_macinfo
                0x0017f34d    0x540dd ./Generated_Code/IntI2cLdd1.o
 .debug_macinfo
                0x001d342a    0x44bff ./Generated_Code/Inhr1.o
 .debug_macinfo
                0x00218029    0x4eae1 ./Generated_Code/Cpu.o
 .debug_macinfo
                0x00266b0a    0x48390 ./Generated_Code/Accel.o
 .debug_macinfo
                0x002aee9a    0x5b124 ./Generated_Code/ASerialLdd1.o
 .debug_macinfo
                0x00309fbe    0x4eb30 ./MQXLITE/config/task_template_list.o
 .debug_macinfo
                0x00358aee    0x4f633 ./MQXLITE/kernel/time_ticks.o
 .debug_macinfo
                0x003a8121    0x4f6d8 ./MQXLITE/kernel/task.o
 .debug_macinfo
                0x003f77f9    0x4f66d ./MQXLITE/kernel/mqxlite.o
 .debug_macinfo
                0x00446e66    0x4f66d ./MQXLITE/kernel/mqx_utils.o
 .debug_macinfo
                0x004964d3    0x4f5e1 ./MQXLITE/kernel/lwsem.o
 .debug_macinfo
                0x004e5ab4    0x4f5e1 ./MQXLITE/kernel/int.o
 .debug_macinfo
                0x00535095    0x4f5e1 ./MQXLITE/kernel/idletask.o
 .debug_macinfo
                0x00584676    0x4f5e1 ./MQXLITE/psp/cortex_m/stack_de.o
 .debug_macinfo
                0x005d3c57    0x4f5e1 ./MQXLITE/psp/cortex_m/stack_bu.o
 .debug_macinfo
                0x00623238    0x4f5e1 ./MQXLITE/psp/cortex_m/sc_irdyq.o
 .debug_macinfo
                0x00672819    0x4f5e1 ./MQXLITE/psp/cortex_m/psp_tinm.o
 .debug_macinfo
                0x006c1dfa    0x4f5e1 ./MQXLITE/psp/cortex_m/psp_iinit.o
 .debug_macinfo
                0x007113db    0x4f5e1 ./MQXLITE/psp/cortex_m/mem_zero.o
 .debug_macinfo
                0x007609bc    0x4f5e1 ./MQXLITE/psp/cortex_m/int_vtab.o
 .debug_macinfo
                0x007aff9d    0x4f5e1 ./MQXLITE/psp/cortex_m/int_inst.o
 .debug_macinfo
                0x007ff57e     0x3f3e ./Project_Settings/Startup_Code/__arm_start.o
 .debug_macinfo
                0x008034bc     0x3527 ./Project_Settings/Startup_Code/__arm_end.o
 .debug_macinfo
                0x008069e3    0x4eb13 ./Sources/mqx_tasks.o
 .debug_macinfo
                0x008554f6    0x4eb13 ./Sources/main.o
 .debug_macinfo
                0x008a4009    0x4eb13 ./Sources/Events.o

.debug_line     0x00000000     0xb91f
 .debug_line    0x00000000      0x565 ./Generated_Code/Vectors.o
 .debug_line    0x00000565      0x3b2 ./Generated_Code/Term1.o
 .debug_line    0x00000917      0x512 ./Generated_Code/SystemTimer1.o
 .debug_line    0x00000e29      0x4de ./Generated_Code/PE_LDD.o
 .debug_line    0x00001307      0x581 ./Generated_Code/MQX1.o
 .debug_line    0x00001888      0x5b8 ./Generated_Code/IntI2cLdd1.o
 .debug_line    0x00001e40      0x299 ./Generated_Code/Inhr1.o
 .debug_line    0x000020d9      0x5fb ./Generated_Code/Cpu.o
 .debug_line    0x000026d4      0x32f ./Generated_Code/Accel.o
 .debug_line    0x00002a03      0x531 ./Generated_Code/ASerialLdd1.o
 .debug_line    0x00002f34      0x4e8 ./MQXLITE/config/task_template_list.o
 .debug_line    0x0000341c      0x79b ./MQXLITE/kernel/time_ticks.o
 .debug_line    0x00003bb7      0xa93 ./MQXLITE/kernel/task.o
 .debug_line    0x0000464a      0x5e0 ./MQXLITE/kernel/mqxlite.o
 .debug_line    0x00004c2a      0x62a ./MQXLITE/kernel/mqx_utils.o
 .debug_line    0x00005254      0x730 ./MQXLITE/kernel/lwsem.o
 .debug_line    0x00005984      0x6bb ./MQXLITE/kernel/int.o
 .debug_line    0x0000603f      0x540 ./MQXLITE/kernel/idletask.o
 .debug_line    0x0000657f      0x17a ./MQXLITE/psp/cortex_m/core/M4/dispatch.o
 .debug_line    0x000066f9       0x71 ./MQXLITE/psp/cortex_m/core/M4/boot.o
 .debug_line    0x0000676a      0x543 ./MQXLITE/psp/cortex_m/stack_de.o
 .debug_line    0x00006cad      0x555 ./MQXLITE/psp/cortex_m/stack_bu.o
 .debug_line    0x00007202      0x584 ./MQXLITE/psp/cortex_m/sc_irdyq.o
 .debug_line    0x00007786      0x549 ./MQXLITE/psp/cortex_m/psp_tinm.o
 .debug_line    0x00007ccf      0x548 ./MQXLITE/psp/cortex_m/psp_iinit.o
 .debug_line    0x00008217      0x586 ./MQXLITE/psp/cortex_m/mem_zero.o
 .debug_line    0x0000879d      0x55a ./MQXLITE/psp/cortex_m/int_vtab.o
 .debug_line    0x00008cf7      0x547 ./MQXLITE/psp/cortex_m/int_inst.o
 .debug_line    0x0000923e      0x297 ./Project_Settings/Startup_Code/__arm_start.o
 .debug_line    0x000094d5      0x266 ./Project_Settings/Startup_Code/__arm_end.o
 .debug_line    0x0000973b      0x4fa ./Sources/mqx_tasks.o
 .debug_line    0x00009c35      0x4b0 ./Sources/main.o
 .debug_line    0x0000a0e5      0x4ab ./Sources/Events.o
 .debug_line    0x0000a590       0x94 C:/Freescale/CW MCU v10.6/MCU/ARM_GCC_Support/ewl/lib/armv7e-m\libc.a(exit.o)
 .debug_line    0x0000a624       0x8f C:/Freescale/CW MCU v10.6/MCU/ARM_GCC_Support/ewl/lib/armv7e-m\libc.a(memset.o)
 .debug_line    0x0000a6b3       0xcd C:/Freescale/CW MCU v10.6/MCU/ARM_GCC_Support/ewl/lib/armv7e-m\libc.a(__filll_mem.o)
 .debug_line    0x0000a780      0x3aa C:/Freescale/CW MCU v10.6/MCU/ARM_GCC_Support/ewl/lib/armv7e-m\libc.a(printformat_fp.o)
 .debug_line    0x0000ab2a      0x2df C:/Freescale/CW MCU v10.6/MCU/ARM_GCC_Support/ewl/lib/armv7e-m\libc.a(scanformat_.o)
 .debug_line    0x0000ae09      0x1a9 C:/Freescale/CW MCU v10.6/MCU/ARM_GCC_Support/ewl/lib/armv7e-m\libc.a(ctype_aeabi.o)
 .debug_line    0x0000afb2      0x11b C:/Freescale/CW MCU v10.6/MCU/ARM_GCC_Support/ewl/lib/armv7e-m\libc.a(__strtoul.o)
 .debug_line    0x0000b0cd       0x7d C:/Freescale/CW MCU v10.6/MCU/ARM_GCC_Support/ewl/lib/armv7e-m\libc.a(strchr.o)
 .debug_line    0x0000b14a       0x7d C:/Freescale/CW MCU v10.6/MCU/ARM_GCC_Support/ewl/lib/armv7e-m\libc.a(strcpy.o)
 .debug_line    0x0000b1c7       0x83 C:/Freescale/CW MCU v10.6/MCU/ARM_GCC_Support/ewl/lib/armv7e-m\libc.a(strlen.o)
 .debug_line    0x0000b24a       0x9f C:/Freescale/CW MCU v10.6/MCU/ARM_GCC_Support/ewl/lib/armv7e-m\libc.a(memchr.o)
 .debug_line    0x0000b2e9      0x1ee C:/Freescale/CW MCU v10.6/MCU/ARM_GCC_Support/ewl/lib/armv7e-m\libm.a(ansi_fp.o)
 .debug_line    0x0000b4d7      0x16c C:/Freescale/CW MCU v10.6/MCU/ARM_GCC_Support/ewl/lib/armv7e-m\libm.a(math_api.o)
 .debug_line    0x0000b643       0xbb C:/Freescale/CW MCU v10.6/MCU/ARM_GCC_Support/ewl/lib/armv7e-m\libm.a(s_frexp.o)
 .debug_line    0x0000b6fe       0x67 C:/Freescale/CW MCU v10.6/MCU/ARM_GCC_Support/ewl/lib/armv7e-m\librt.a(gcc_ctor_dtor.o)
 .debug_line    0x0000b765      0x111 C:/Freescale/CW MCU v10.6/MCU/ARM_GCC_Support/ewl/lib/armv7e-m\librt.a(__arm_eabi_init.o)
 .debug_line    0x0000b876       0xa9 C:/Freescale/CW MCU v10.6/MCU/ARM_GCC_Support/ewl/lib/armv7e-m\librt.a(ROMCopy.o)

.debug_str      0x00000000     0x3c9a
 .debug_str     0x00000000      0x433 ./Generated_Code/Vectors.o
                                0x466 (size before relaxing)
 .debug_str     0x00000433      0x12b ./Generated_Code/Term1.o
                                0x258 (size before relaxing)
 .debug_str     0x0000055e      0x2ed ./Generated_Code/SystemTimer1.o
                                0x71d (size before relaxing)
 .debug_str     0x0000084b      0x173 ./Generated_Code/PE_LDD.o
                                0x5d9 (size before relaxing)
 .debug_str     0x000009be      0xa2d ./Generated_Code/MQX1.o
                                0xf2f (size before relaxing)
 .debug_str     0x000013eb      0x407 ./Generated_Code/IntI2cLdd1.o
                                0x61b (size before relaxing)
 .debug_str     0x000017f2       0xd8 ./Generated_Code/Inhr1.o
                                0x23a (size before relaxing)
 .debug_str     0x000018ca      0x208 ./Generated_Code/Cpu.o
                                0x9a6 (size before relaxing)
 .debug_str     0x00001ad2       0xc3 ./Generated_Code/Accel.o
                                0x317 (size before relaxing)
 .debug_str     0x00001b95      0x22d ./Generated_Code/ASerialLdd1.o
                                0x527 (size before relaxing)
 .debug_str     0x00001dc2       0x27 ./MQXLITE/config/task_template_list.o
                                0x505 (size before relaxing)
 .debug_str     0x00001de9      0x2be ./MQXLITE/kernel/time_ticks.o
                                0xcc9 (size before relaxing)
 .debug_str     0x000020a7      0x6d5 ./MQXLITE/kernel/task.o
                               0x147c (size before relaxing)
 .debug_str     0x0000277c      0x132 ./MQXLITE/kernel/mqxlite.o
                                0xeaf (size before relaxing)
 .debug_str     0x000028ae      0x147 ./MQXLITE/kernel/mqx_utils.o
                                0xb54 (size before relaxing)
 .debug_str     0x000029f5      0x145 ./MQXLITE/kernel/lwsem.o
                                0xbd3 (size before relaxing)
 .debug_str     0x00002b3a      0x1c0 ./MQXLITE/kernel/int.o
                                0xc2b (size before relaxing)
 .debug_str     0x00002cfa       0x2c ./MQXLITE/kernel/idletask.o
                                0x9f1 (size before relaxing)
 .debug_str     0x00002d26       0x3c ./MQXLITE/psp/cortex_m/stack_de.o
                                0x403 (size before relaxing)
 .debug_str     0x00002d62       0x59 ./MQXLITE/psp/cortex_m/stack_bu.o
                                0x562 (size before relaxing)
 .debug_str     0x00002dbb       0x6a ./MQXLITE/psp/cortex_m/sc_irdyq.o
                                0xb2d (size before relaxing)
 .debug_str     0x00002e25       0x38 ./MQXLITE/psp/cortex_m/psp_tinm.o
                                0xa37 (size before relaxing)
 .debug_str     0x00002e5d       0x32 ./MQXLITE/psp/cortex_m/psp_iinit.o
                                0x193 (size before relaxing)
 .debug_str     0x00002e8f       0x83 ./MQXLITE/psp/cortex_m/mem_zero.o
                                0x1b9 (size before relaxing)
 .debug_str     0x00002f12      0x148 ./MQXLITE/psp/cortex_m/int_vtab.o
                                0x2ac (size before relaxing)
 .debug_str     0x0000305a       0x34 ./MQXLITE/psp/cortex_m/int_inst.o
                                0x9ef (size before relaxing)
 .debug_str     0x0000308e       0x85 ./Project_Settings/Startup_Code/__arm_start.o
                                0x195 (size before relaxing)
 .debug_str     0x00003113       0x41 ./Project_Settings/Startup_Code/__arm_end.o
                                 0xcc (size before relaxing)
 .debug_str     0x00003154       0x71 ./Sources/mqx_tasks.o
                                0x541 (size before relaxing)
 .debug_str     0x000031c5       0x29 ./Sources/main.o
                                0x4d9 (size before relaxing)
 .debug_str     0x000031ee       0x21 ./Sources/Events.o
                                0x131 (size before relaxing)
 .debug_str     0x0000320f       0x54 C:/Freescale/CW MCU v10.6/MCU/ARM_GCC_Support/ewl/lib/armv7e-m\libc.a(exit.o)
                                0x157 (size before relaxing)
 .debug_str     0x00003263       0x23 C:/Freescale/CW MCU v10.6/MCU/ARM_GCC_Support/ewl/lib/armv7e-m\libc.a(memset.o)
                                0x140 (size before relaxing)
 .debug_str     0x00003286       0x2d C:/Freescale/CW MCU v10.6/MCU/ARM_GCC_Support/ewl/lib/armv7e-m\libc.a(__filll_mem.o)
                                0x152 (size before relaxing)
 .debug_str     0x000032b3      0x2b2 C:/Freescale/CW MCU v10.6/MCU/ARM_GCC_Support/ewl/lib/armv7e-m\libc.a(printformat_fp.o)
                                0x463 (size before relaxing)
 .debug_str     0x00003565      0x184 C:/Freescale/CW MCU v10.6/MCU/ARM_GCC_Support/ewl/lib/armv7e-m\libc.a(scanformat_.o)
                                0x3f9 (size before relaxing)
 .debug_str     0x000036e9       0x9d C:/Freescale/CW MCU v10.6/MCU/ARM_GCC_Support/ewl/lib/armv7e-m\libc.a(ctype_aeabi.o)
                                0x1bc (size before relaxing)
 .debug_str     0x00003786       0x55 C:/Freescale/CW MCU v10.6/MCU/ARM_GCC_Support/ewl/lib/armv7e-m\libc.a(__strtoul.o)
                                0x1fb (size before relaxing)
 .debug_str     0x000037db       0x1c C:/Freescale/CW MCU v10.6/MCU/ARM_GCC_Support/ewl/lib/armv7e-m\libc.a(strchr.o)
                                0x137 (size before relaxing)
 .debug_str     0x000037f7       0x1c C:/Freescale/CW MCU v10.6/MCU/ARM_GCC_Support/ewl/lib/armv7e-m\libc.a(strcpy.o)
                                0x142 (size before relaxing)
 .debug_str     0x00003813       0x1c C:/Freescale/CW MCU v10.6/MCU/ARM_GCC_Support/ewl/lib/armv7e-m\libc.a(strlen.o)
                                0x140 (size before relaxing)
 .debug_str     0x0000382f       0x1c C:/Freescale/CW MCU v10.6/MCU/ARM_GCC_Support/ewl/lib/armv7e-m\libc.a(memchr.o)
                                0x148 (size before relaxing)
 .debug_str     0x0000384b       0x98 C:/Freescale/CW MCU v10.6/MCU/ARM_GCC_Support/ewl/lib/armv7e-m\libm.a(ansi_fp.o)
                                0x219 (size before relaxing)
 .debug_str     0x000038e3       0xee C:/Freescale/CW MCU v10.6/MCU/ARM_GCC_Support/ewl/lib/armv7e-m\libm.a(math_api.o)
                                0x228 (size before relaxing)
 .debug_str     0x000039d1       0x24 C:/Freescale/CW MCU v10.6/MCU/ARM_GCC_Support/ewl/lib/armv7e-m\libm.a(s_frexp.o)
                                0x15d (size before relaxing)
 .debug_str     0x000039f5      0x126 C:/Freescale/CW MCU v10.6/MCU/ARM_GCC_Support/ewl/lib/armv7e-m\librt.a(gcc_ctor_dtor.o)
                                0x181 (size before relaxing)
 .debug_str     0x00003b1b       0xe9 C:/Freescale/CW MCU v10.6/MCU/ARM_GCC_Support/ewl/lib/armv7e-m\librt.a(__arm_eabi_init.o)
                                0x1b5 (size before relaxing)
 .debug_str     0x00003c04       0x96 C:/Freescale/CW MCU v10.6/MCU/ARM_GCC_Support/ewl/lib/armv7e-m\librt.a(ROMCopy.o)
                                0x13c (size before relaxing)

.comment        0x00000000       0x79
 .comment       0x00000000       0x79 ./Generated_Code/Vectors.o
                                 0x7a (size before relaxing)
 .comment       0x00000000       0x7a ./Generated_Code/Term1.o
 .comment       0x00000000       0x7a ./Generated_Code/SystemTimer1.o
 .comment       0x00000000       0x7a ./Generated_Code/PE_LDD.o
 .comment       0x00000000       0x7a ./Generated_Code/MQX1.o
 .comment       0x00000000       0x7a ./Generated_Code/IntI2cLdd1.o
 .comment       0x00000000       0x7a ./Generated_Code/Inhr1.o
 .comment       0x00000000       0x7a ./Generated_Code/Cpu.o
 .comment       0x00000000       0x7a ./Generated_Code/Accel.o
 .comment       0x00000000       0x7a ./Generated_Code/ASerialLdd1.o
 .comment       0x00000000       0x7a ./MQXLITE/config/task_template_list.o
 .comment       0x00000000       0x7a ./MQXLITE/kernel/time_ticks.o
 .comment       0x00000000       0x7a ./MQXLITE/kernel/task.o
 .comment       0x00000000       0x7a ./MQXLITE/kernel/mqxlite.o
 .comment       0x00000000       0x7a ./MQXLITE/kernel/mqx_utils.o
 .comment       0x00000000       0x7a ./MQXLITE/kernel/lwsem.o
 .comment       0x00000000       0x7a ./MQXLITE/kernel/int.o
 .comment       0x00000000       0x7a ./MQXLITE/kernel/idletask.o
 .comment       0x00000000       0x7a ./MQXLITE/psp/cortex_m/stack_de.o
 .comment       0x00000000       0x7a ./MQXLITE/psp/cortex_m/stack_bu.o
 .comment       0x00000000       0x7a ./MQXLITE/psp/cortex_m/sc_irdyq.o
 .comment       0x00000000       0x7a ./MQXLITE/psp/cortex_m/psp_tinm.o
 .comment       0x00000000       0x7a ./MQXLITE/psp/cortex_m/psp_iinit.o
 .comment       0x00000000       0x7a ./MQXLITE/psp/cortex_m/mem_zero.o
 .comment       0x00000000       0x7a ./MQXLITE/psp/cortex_m/int_vtab.o
 .comment       0x00000000       0x7a ./MQXLITE/psp/cortex_m/int_inst.o
 .comment       0x00000000       0x7a ./Project_Settings/Startup_Code/__arm_start.o
 .comment       0x00000000       0x7a ./Project_Settings/Startup_Code/__arm_end.o
 .comment       0x00000000       0x7a ./Sources/mqx_tasks.o
 .comment       0x00000000       0x7a ./Sources/main.o
 .comment       0x00000000       0x7a ./Sources/Events.o
 .comment       0x00000000       0x7a C:/Freescale/CW MCU v10.6/MCU/ARM_GCC_Support/ewl/lib/armv7e-m\libc.a(exit.o)
 .comment       0x00000000       0x7a C:/Freescale/CW MCU v10.6/MCU/ARM_GCC_Support/ewl/lib/armv7e-m\libc.a(memset.o)
 .comment       0x00000000       0x7a C:/Freescale/CW MCU v10.6/MCU/ARM_GCC_Support/ewl/lib/armv7e-m\libc.a(__filll_mem.o)
 .comment       0x00000000       0x7a C:/Freescale/CW MCU v10.6/MCU/ARM_GCC_Support/ewl/lib/armv7e-m\libc.a(printformat_fp.o)
 .comment       0x00000000       0x7a C:/Freescale/CW MCU v10.6/MCU/ARM_GCC_Support/ewl/lib/armv7e-m\libc.a(scanformat_.o)
 .comment       0x00000000       0x7a C:/Freescale/CW MCU v10.6/MCU/ARM_GCC_Support/ewl/lib/armv7e-m\libc.a(ctype_aeabi.o)
 .comment       0x00000000       0x7a C:/Freescale/CW MCU v10.6/MCU/ARM_GCC_Support/ewl/lib/armv7e-m\libc.a(__strtoul.o)
 .comment       0x00000000       0x7a C:/Freescale/CW MCU v10.6/MCU/ARM_GCC_Support/ewl/lib/armv7e-m\libc.a(strchr.o)
 .comment       0x00000000       0x7a C:/Freescale/CW MCU v10.6/MCU/ARM_GCC_Support/ewl/lib/armv7e-m\libc.a(strcpy.o)
 .comment       0x00000000       0x7a C:/Freescale/CW MCU v10.6/MCU/ARM_GCC_Support/ewl/lib/armv7e-m\libc.a(strlen.o)
 .comment       0x00000000       0x7a C:/Freescale/CW MCU v10.6/MCU/ARM_GCC_Support/ewl/lib/armv7e-m\libc.a(memchr.o)
 .comment       0x00000000       0x7a C:/Freescale/CW MCU v10.6/MCU/ARM_GCC_Support/ewl/lib/armv7e-m\libm.a(ansi_fp.o)
 .comment       0x00000000       0x7a C:/Freescale/CW MCU v10.6/MCU/ARM_GCC_Support/ewl/lib/armv7e-m\libm.a(math_api.o)
 .comment       0x00000000       0x7a C:/Freescale/CW MCU v10.6/MCU/ARM_GCC_Support/ewl/lib/armv7e-m\libm.a(s_frexp.o)
 .comment       0x00000000       0x7a C:/Freescale/CW MCU v10.6/MCU/ARM_GCC_Support/ewl/lib/armv7e-m\librt.a(gcc_ctor_dtor.o)
 .comment       0x00000000       0x7a C:/Freescale/CW MCU v10.6/MCU/ARM_GCC_Support/ewl/lib/armv7e-m\librt.a(__arm_eabi_init.o)
 .comment       0x00000000       0x7a C:/Freescale/CW MCU v10.6/MCU/ARM_GCC_Support/ewl/lib/armv7e-m\librt.a(ROMCopy.o)

.debug_loc      0x00000000     0x51ac
 .debug_loc     0x00000000      0x2a8 ./Generated_Code/Term1.o
 .debug_loc     0x000002a8      0x1f8 ./Generated_Code/SystemTimer1.o
 .debug_loc     0x000004a0       0x9c ./Generated_Code/PE_LDD.o
 .debug_loc     0x0000053c      0x118 ./Generated_Code/MQX1.o
 .debug_loc     0x00000654      0x268 ./Generated_Code/IntI2cLdd1.o
 .debug_loc     0x000008bc      0x12c ./Generated_Code/Inhr1.o
 .debug_loc     0x000009e8       0xe8 ./Generated_Code/Cpu.o
 .debug_loc     0x00000ad0      0x144 ./Generated_Code/Accel.o
 .debug_loc     0x00000c14      0x1c0 ./Generated_Code/ASerialLdd1.o
 .debug_loc     0x00000dd4      0x40c ./MQXLITE/kernel/time_ticks.o
 .debug_loc     0x000011e0      0x8c6 ./MQXLITE/kernel/task.o
 .debug_loc     0x00001aa6       0xa8 ./MQXLITE/kernel/mqxlite.o
 .debug_loc     0x00001b4e      0x1ec ./MQXLITE/kernel/mqx_utils.o
 .debug_loc     0x00001d3a      0x2d8 ./MQXLITE/kernel/lwsem.o
 .debug_loc     0x00002012      0x348 ./MQXLITE/kernel/int.o
 .debug_loc     0x0000235a       0x38 ./MQXLITE/kernel/idletask.o
 .debug_loc     0x00002392       0x38 ./MQXLITE/psp/cortex_m/stack_de.o
 .debug_loc     0x000023ca       0x38 ./MQXLITE/psp/cortex_m/stack_bu.o
 .debug_loc     0x00002402       0x70 ./MQXLITE/psp/cortex_m/sc_irdyq.o
 .debug_loc     0x00002472       0x38 ./MQXLITE/psp/cortex_m/psp_tinm.o
 .debug_loc     0x000024aa       0x38 ./MQXLITE/psp/cortex_m/psp_iinit.o
 .debug_loc     0x000024e2       0x38 ./MQXLITE/psp/cortex_m/mem_zero.o
 .debug_loc     0x0000251a       0x64 ./MQXLITE/psp/cortex_m/int_vtab.o
 .debug_loc     0x0000257e       0x38 ./MQXLITE/psp/cortex_m/int_inst.o
 .debug_loc     0x000025b6       0x2c ./Project_Settings/Startup_Code/__arm_start.o
 .debug_loc     0x000025e2       0x38 ./Project_Settings/Startup_Code/__arm_end.o
 .debug_loc     0x0000261a       0x72 ./Sources/mqx_tasks.o
 .debug_loc     0x0000268c       0x2c ./Sources/main.o
 .debug_loc     0x000026b8       0x2c ./Sources/Events.o
 .debug_loc     0x000026e4       0x3e C:/Freescale/CW MCU v10.6/MCU/ARM_GCC_Support/ewl/lib/armv7e-m\libc.a(exit.o)
 .debug_loc     0x00002722       0x64 C:/Freescale/CW MCU v10.6/MCU/ARM_GCC_Support/ewl/lib/armv7e-m\libc.a(memset.o)
 .debug_loc     0x00002786      0x12c C:/Freescale/CW MCU v10.6/MCU/ARM_GCC_Support/ewl/lib/armv7e-m\libc.a(__filll_mem.o)
 .debug_loc     0x000028b2     0x1063 C:/Freescale/CW MCU v10.6/MCU/ARM_GCC_Support/ewl/lib/armv7e-m\libc.a(printformat_fp.o)
 .debug_loc     0x00003915      0x8b6 C:/Freescale/CW MCU v10.6/MCU/ARM_GCC_Support/ewl/lib/armv7e-m\libc.a(scanformat_.o)
 .debug_loc     0x000041cb      0x18e C:/Freescale/CW MCU v10.6/MCU/ARM_GCC_Support/ewl/lib/armv7e-m\libc.a(ctype_aeabi.o)
 .debug_loc     0x00004359      0x2bb C:/Freescale/CW MCU v10.6/MCU/ARM_GCC_Support/ewl/lib/armv7e-m\libc.a(__strtoul.o)
 .debug_loc     0x00004614       0x7c C:/Freescale/CW MCU v10.6/MCU/ARM_GCC_Support/ewl/lib/armv7e-m\libc.a(strchr.o)
 .debug_loc     0x00004690       0x26 C:/Freescale/CW MCU v10.6/MCU/ARM_GCC_Support/ewl/lib/armv7e-m\libc.a(strlen.o)
 .debug_loc     0x000046b6       0x62 C:/Freescale/CW MCU v10.6/MCU/ARM_GCC_Support/ewl/lib/armv7e-m\libc.a(memchr.o)
 .debug_loc     0x00004718      0x4c2 C:/Freescale/CW MCU v10.6/MCU/ARM_GCC_Support/ewl/lib/armv7e-m\libm.a(ansi_fp.o)
 .debug_loc     0x00004bda      0x282 C:/Freescale/CW MCU v10.6/MCU/ARM_GCC_Support/ewl/lib/armv7e-m\libm.a(math_api.o)
 .debug_loc     0x00004e5c       0xb6 C:/Freescale/CW MCU v10.6/MCU/ARM_GCC_Support/ewl/lib/armv7e-m\libm.a(s_frexp.o)
 .debug_loc     0x00004f12       0x9d C:/Freescale/CW MCU v10.6/MCU/ARM_GCC_Support/ewl/lib/armv7e-m\librt.a(gcc_ctor_dtor.o)
 .debug_loc     0x00004faf      0x144 C:/Freescale/CW MCU v10.6/MCU/ARM_GCC_Support/ewl/lib/armv7e-m\librt.a(__arm_eabi_init.o)
 .debug_loc     0x000050f3       0xb9 C:/Freescale/CW MCU v10.6/MCU/ARM_GCC_Support/ewl/lib/armv7e-m\librt.a(ROMCopy.o)

.debug_frame    0x00000000     0x1d64
 .debug_frame   0x00000000      0x19c ./Generated_Code/Term1.o
 .debug_frame   0x0000019c      0x11c ./Generated_Code/SystemTimer1.o
 .debug_frame   0x000002b8       0x64 ./Generated_Code/PE_LDD.o
 .debug_frame   0x0000031c       0xb0 ./Generated_Code/MQX1.o
 .debug_frame   0x000003cc      0x148 ./Generated_Code/IntI2cLdd1.o
 .debug_frame   0x00000514       0xc0 ./Generated_Code/Inhr1.o
 .debug_frame   0x000005d4       0x9c ./Generated_Code/Cpu.o
 .debug_frame   0x00000670       0xcc ./Generated_Code/Accel.o
 .debug_frame   0x0000073c      0x100 ./Generated_Code/ASerialLdd1.o
 .debug_frame   0x0000083c      0x2a0 ./MQXLITE/kernel/time_ticks.o
 .debug_frame   0x00000adc      0x50c ./MQXLITE/kernel/task.o
 .debug_frame   0x00000fe8       0x74 ./MQXLITE/kernel/mqxlite.o
 .debug_frame   0x0000105c      0x110 ./MQXLITE/kernel/mqx_utils.o
 .debug_frame   0x0000116c      0x1b0 ./MQXLITE/kernel/lwsem.o
 .debug_frame   0x0000131c      0x1d8 ./MQXLITE/kernel/int.o
 .debug_frame   0x000014f4       0x2c ./MQXLITE/kernel/idletask.o
 .debug_frame   0x00001520       0x2c ./MQXLITE/psp/cortex_m/stack_de.o
 .debug_frame   0x0000154c       0x30 ./MQXLITE/psp/cortex_m/stack_bu.o
 .debug_frame   0x0000157c       0x48 ./MQXLITE/psp/cortex_m/sc_irdyq.o
 .debug_frame   0x000015c4       0x30 ./MQXLITE/psp/cortex_m/psp_tinm.o
 .debug_frame   0x000015f4       0x30 ./MQXLITE/psp/cortex_m/psp_iinit.o
 .debug_frame   0x00001624       0x30 ./MQXLITE/psp/cortex_m/mem_zero.o
 .debug_frame   0x00001654       0x44 ./MQXLITE/psp/cortex_m/int_vtab.o
 .debug_frame   0x00001698       0x30 ./MQXLITE/psp/cortex_m/int_inst.o
 .debug_frame   0x000016c8       0x4c ./Project_Settings/Startup_Code/__arm_start.o
 .debug_frame   0x00001714       0x2c ./Project_Settings/Startup_Code/__arm_end.o
 .debug_frame   0x00001740       0x54 ./Sources/mqx_tasks.o
 .debug_frame   0x00001794       0x2c ./Sources/main.o
 .debug_frame   0x000017c0       0x28 ./Sources/Events.o
 .debug_frame   0x000017e8       0x28 C:/Freescale/CW MCU v10.6/MCU/ARM_GCC_Support/ewl/lib/armv7e-m\libc.a(exit.o)
 .debug_frame   0x00001810       0x28 C:/Freescale/CW MCU v10.6/MCU/ARM_GCC_Support/ewl/lib/armv7e-m\libc.a(memset.o)
 .debug_frame   0x00001838       0x2c C:/Freescale/CW MCU v10.6/MCU/ARM_GCC_Support/ewl/lib/armv7e-m\libc.a(__filll_mem.o)
 .debug_frame   0x00001864       0x64 C:/Freescale/CW MCU v10.6/MCU/ARM_GCC_Support/ewl/lib/armv7e-m\libc.a(printformat_fp.o)
 .debug_frame   0x000018c8       0x3c C:/Freescale/CW MCU v10.6/MCU/ARM_GCC_Support/ewl/lib/armv7e-m\libc.a(scanformat_.o)
 .debug_frame   0x00001904       0xf0 C:/Freescale/CW MCU v10.6/MCU/ARM_GCC_Support/ewl/lib/armv7e-m\libc.a(ctype_aeabi.o)
 .debug_frame   0x000019f4       0x3c C:/Freescale/CW MCU v10.6/MCU/ARM_GCC_Support/ewl/lib/armv7e-m\libc.a(__strtoul.o)
 .debug_frame   0x00001a30       0x20 C:/Freescale/CW MCU v10.6/MCU/ARM_GCC_Support/ewl/lib/armv7e-m\libc.a(strchr.o)
 .debug_frame   0x00001a50       0x20 C:/Freescale/CW MCU v10.6/MCU/ARM_GCC_Support/ewl/lib/armv7e-m\libc.a(strcpy.o)
 .debug_frame   0x00001a70       0x20 C:/Freescale/CW MCU v10.6/MCU/ARM_GCC_Support/ewl/lib/armv7e-m\libc.a(strlen.o)
 .debug_frame   0x00001a90       0x20 C:/Freescale/CW MCU v10.6/MCU/ARM_GCC_Support/ewl/lib/armv7e-m\libc.a(memchr.o)
 .debug_frame   0x00001ab0       0x7c C:/Freescale/CW MCU v10.6/MCU/ARM_GCC_Support/ewl/lib/armv7e-m\libm.a(ansi_fp.o)
 .debug_frame   0x00001b2c       0xd4 C:/Freescale/CW MCU v10.6/MCU/ARM_GCC_Support/ewl/lib/armv7e-m\libm.a(math_api.o)
 .debug_frame   0x00001c00       0x30 C:/Freescale/CW MCU v10.6/MCU/ARM_GCC_Support/ewl/lib/armv7e-m\libm.a(s_frexp.o)
 .debug_frame   0x00001c30       0x40 C:/Freescale/CW MCU v10.6/MCU/ARM_GCC_Support/ewl/lib/armv7e-m\librt.a(gcc_ctor_dtor.o)
 .debug_frame   0x00001c70       0xac C:/Freescale/CW MCU v10.6/MCU/ARM_GCC_Support/ewl/lib/armv7e-m\librt.a(__arm_eabi_init.o)
 .debug_frame   0x00001d1c       0x48 C:/Freescale/CW MCU v10.6/MCU/ARM_GCC_Support/ewl/lib/armv7e-m\librt.a(ROMCopy.o)
