Archive member included because of file (symbol)

C:/Freescale/CW MCU v10.6/MCU/ARM_GCC_Support/ewl/lib/armv7e-m\libc.a(printf.o)
                              ./MQXLITE/psp/cortex_m/psp_tipr.o (printf)
C:/Freescale/CW MCU v10.6/MCU/ARM_GCC_Support/ewl/lib/armv7e-m\libc.a(exit.o)
                              ./Project_Settings/Startup_Code/__arm_start.o (exit)
C:/Freescale/CW MCU v10.6/MCU/ARM_GCC_Support/ewl/lib/armv7e-m\libc.a(memset.o)
                              ./Project_Settings/Startup_Code/__arm_start.o (memset)
C:/Freescale/CW MCU v10.6/MCU/ARM_GCC_Support/ewl/lib/armv7e-m\libc.a(strncmp.o)
                              ./MQXLITE/kernel/task.o (strncmp)
C:/Freescale/CW MCU v10.6/MCU/ARM_GCC_Support/ewl/lib/armv7e-m\libc.a(printformat_.o)
                              (__pformatter_)
C:/Freescale/CW MCU v10.6/MCU/ARM_GCC_Support/ewl/lib/armv7e-m\libc.a(scanformat_.o)
                              (__sformatter)
C:/Freescale/CW MCU v10.6/MCU/ARM_GCC_Support/ewl/lib/armv7e-m\libc.a(ctype_aeabi.o)
                              C:/Freescale/CW MCU v10.6/MCU/ARM_GCC_Support/ewl/lib/armv7e-m\libc.a(scanformat_.o) (isspace)
C:/Freescale/CW MCU v10.6/MCU/ARM_GCC_Support/ewl/lib/armv7e-m\libc.a(ansi_files.o)
                              C:/Freescale/CW MCU v10.6/MCU/ARM_GCC_Support/ewl/lib/armv7e-m\libc.a(printf.o) (__files)
C:/Freescale/CW MCU v10.6/MCU/ARM_GCC_Support/ewl/lib/armv7e-m\libc.a(fflush.o)
                              C:/Freescale/CW MCU v10.6/MCU/ARM_GCC_Support/ewl/lib/armv7e-m\libc.a(ansi_files.o) (fflush)
C:/Freescale/CW MCU v10.6/MCU/ARM_GCC_Support/ewl/lib/armv7e-m\libc.a(fwrite.o)
                              C:/Freescale/CW MCU v10.6/MCU/ARM_GCC_Support/ewl/lib/armv7e-m\libc.a(printf.o) (__FileWrite)
C:/Freescale/CW MCU v10.6/MCU/ARM_GCC_Support/ewl/lib/armv7e-m\libc.a(__strtoul.o)
                              C:/Freescale/CW MCU v10.6/MCU/ARM_GCC_Support/ewl/lib/armv7e-m\libc.a(scanformat_.o) (__strtoul)
C:/Freescale/CW MCU v10.6/MCU/ARM_GCC_Support/ewl/lib/armv7e-m\libc.a(__filll_mem.o)
                              C:/Freescale/CW MCU v10.6/MCU/ARM_GCC_Support/ewl/lib/armv7e-m\libc.a(memset.o) (__fill_mem)
C:/Freescale/CW MCU v10.6/MCU/ARM_GCC_Support/ewl/lib/armv7e-m\libc.a(__memrchr.o)
                              C:/Freescale/CW MCU v10.6/MCU/ARM_GCC_Support/ewl/lib/armv7e-m\libc.a(fwrite.o) (__memrchr)
C:/Freescale/CW MCU v10.6/MCU/ARM_GCC_Support/ewl/lib/armv7e-m\libc.a(memchr.o)
                              C:/Freescale/CW MCU v10.6/MCU/ARM_GCC_Support/ewl/lib/armv7e-m\libc.a(printformat_.o) (memchr)
C:/Freescale/CW MCU v10.6/MCU/ARM_GCC_Support/ewl/lib/armv7e-m\libc.a(memcpy.o)
                              C:/Freescale/CW MCU v10.6/MCU/ARM_GCC_Support/ewl/lib/armv7e-m\libc.a(fwrite.o) (memcpy)
C:/Freescale/CW MCU v10.6/MCU/ARM_GCC_Support/ewl/lib/armv7e-m\libc.a(strchr.o)
                              C:/Freescale/CW MCU v10.6/MCU/ARM_GCC_Support/ewl/lib/armv7e-m\libc.a(printformat_.o) (strchr)
C:/Freescale/CW MCU v10.6/MCU/ARM_GCC_Support/ewl/lib/armv7e-m\libc.a(strlen.o)
                              C:/Freescale/CW MCU v10.6/MCU/ARM_GCC_Support/ewl/lib/armv7e-m\libc.a(printformat_.o) (strlen)
C:/Freescale/CW MCU v10.6/MCU/ARM_GCC_Support/ewl/lib/armv7e-m\libc.a(__buffer_io.o)
                              C:/Freescale/CW MCU v10.6/MCU/ARM_GCC_Support/ewl/lib/armv7e-m\libc.a(fwrite.o) (__prep_buffer)
c:/freescale/cw mcu v10.6/cross_tools/arm-none-eabi-gcc-4_7_3/bin/../lib/gcc/arm-none-eabi/4.7.3/armv7e-m\libgcc.a(_arm_addsubsf3.o)
                              ./Generated_Code/Term1.o (__aeabi_fsub)
c:/freescale/cw mcu v10.6/cross_tools/arm-none-eabi-gcc-4_7_3/bin/../lib/gcc/arm-none-eabi/4.7.3/armv7e-m\libgcc.a(_arm_muldivsf3.o)
                              ./Generated_Code/Term1.o (__aeabi_fmul)
c:/freescale/cw mcu v10.6/cross_tools/arm-none-eabi-gcc-4_7_3/bin/../lib/gcc/arm-none-eabi/4.7.3/armv7e-m\libgcc.a(_arm_cmpsf2.o)
                              ./Generated_Code/Term1.o (__aeabi_fcmplt)
c:/freescale/cw mcu v10.6/cross_tools/arm-none-eabi-gcc-4_7_3/bin/../lib/gcc/arm-none-eabi/4.7.3/armv7e-m\libgcc.a(_arm_fixunssfsi.o)
                              ./Generated_Code/Term1.o (__aeabi_f2uiz)
C:/Freescale/CW MCU v10.6/MCU/ARM_GCC_Support/ewl/lib/armv7e-m\librt.a(gcc_ctor_dtor.o)
                              ./Project_Settings/Startup_Code/__arm_start.o (__init_cpp)
C:/Freescale/CW MCU v10.6/MCU/ARM_GCC_Support/ewl/lib/armv7e-m\librt.a(ROMCopy.o)
                              ./Project_Settings/Startup_Code/__arm_start.o (__copy_rom_sections_to_ram)
C:/Freescale/CW MCU v10.6/MCU/ARM_GCC_Support/ewl/lib/armv7e-m\librt.a(__arm_eabi_init.o)
                              C:/Freescale/CW MCU v10.6/MCU/ARM_GCC_Support/ewl/lib/armv7e-m\libc.a(exit.o) (__destroy_global_chain)
C:/Freescale/CW MCU v10.6/MCU/ARM_GCC_Support/ewl/lib/armv7e-m\libuart.a(uart_console_io.o)
[...]
Memory Configuration

Name             Origin             Length             Attributes
m_interrupts     0x00000000         0x000000f8         xr
m_text           0x00000410         0x0001fbf0         xr
m_data           0x1fffe000         0x00002000         rw
m_data_20000000  0x20000000         0x00002000         rw
m_cfmprotrom     0x00000400         0x00000010         xr
*default*        0x00000000         0xffffffff

Linker script and memory map

LOAD ./Generated_Code/Vectors.o
LOAD ./Generated_Code/Term1.o
LOAD ./Generated_Code/SystemTimer1.o
LOAD ./Generated_Code/PE_LDD.o
LOAD ./Generated_Code/MQX1.o
LOAD ./Generated_Code/Light_Sense.o
LOAD ./Generated_Code/IntI2cLdd1.o
LOAD ./Generated_Code/Inhr1.o
LOAD ./Generated_Code/Cpu.o
LOAD ./Generated_Code/AdcLdd1.o
LOAD ./Generated_Code/Accel.o
LOAD ./Generated_Code/ASerialLdd1.o
LOAD ./MQXLITE/config/task_template_list.o
LOAD ./MQXLITE/kernel/time_ticks.o
LOAD ./MQXLITE/kernel/task.o
LOAD ./MQXLITE/kernel/sched.o
LOAD ./MQXLITE/kernel/qu_test.o
LOAD ./MQXLITE/kernel/mutex.o
LOAD ./MQXLITE/kernel/mqxlite.o
LOAD ./MQXLITE/kernel/mqx_utils.o
LOAD ./MQXLITE/kernel/lwtimer.o
LOAD ./MQXLITE/kernel/lwsem.o
LOAD ./MQXLITE/kernel/lwmsgq.o
LOAD ./MQXLITE/kernel/lwmem.o
LOAD ./MQXLITE/kernel/lwlog.o
LOAD ./MQXLITE/kernel/lwevent.o
LOAD ./MQXLITE/kernel/klog.o
LOAD ./MQXLITE/kernel/int.o
LOAD ./MQXLITE/kernel/idletask.o
LOAD ./MQXLITE/psp/cortex_m/core/M4/dispatch.o
LOAD ./MQXLITE/psp/cortex_m/core/M4/boot.o
LOAD ./MQXLITE/psp/cortex_m/stack_st.o
LOAD ./MQXLITE/psp/cortex_m/stack_de.o
LOAD ./MQXLITE/psp/cortex_m/stack_bu.o
LOAD ./MQXLITE/psp/cortex_m/sc_irdyq.o
LOAD ./MQXLITE/psp/cortex_m/psp_tisu.o
LOAD ./MQXLITE/psp/cortex_m/psp_tipr.o
LOAD ./MQXLITE/psp/cortex_m/psp_tinm.o
LOAD ./MQXLITE/psp/cortex_m/psp_tiad.o
LOAD ./MQXLITE/psp/cortex_m/psp_supp.o
LOAD ./MQXLITE/psp/cortex_m/psp_iinit.o
LOAD ./MQXLITE/psp/cortex_m/mem_zero.o
LOAD ./MQXLITE/psp/cortex_m/int_xcpt.o
LOAD ./MQXLITE/psp/cortex_m/int_vtab.o
LOAD ./MQXLITE/psp/cortex_m/int_unx.o
LOAD ./MQXLITE/psp/cortex_m/int_pvta.o
LOAD ./MQXLITE/psp/cortex_m/int_kisr.o
LOAD ./MQXLITE/psp/cortex_m/int_inst.o
LOAD ./MQXLITE/psp/cortex_m/int_gkis.o
LOAD ./MQXLITE/psp/cortex_m/cortex.o
LOAD ./Project_Settings/Startup_Code/__arm_start.o
LOAD ./Project_Settings/Startup_Code/__arm_end.o
LOAD ./Sources/mqx_tasks.o
LOAD ./Sources/main.o
LOAD ./Sources/Events.o
                0x000045d4                __pformatter = __pformatter_
                [0x000049cc]                __sformatter = __sformatter
START GROUP
LOAD C:/Freescale/CW MCU v10.6/MCU/ARM_GCC_Support/ewl/lib/armv7e-m\libc.a
LOAD C:/Freescale/CW MCU v10.6/MCU/ARM_GCC_Support/ewl/lib/armv7e-m\libm.a
LOAD c:/freescale/cw mcu v10.6/cross_tools/arm-none-eabi-gcc-4_7_3/bin/../lib/gcc/arm-none-eabi/4.7.3/armv7e-m\libgcc.a
LOAD C:/Freescale/CW MCU v10.6/MCU/ARM_GCC_Support/ewl/lib/armv7e-m\librt.a
LOAD C:/Freescale/CW MCU v10.6/MCU/ARM_GCC_Support/ewl/lib/armv7e-m\libuart.a
END GROUP
                0x20000000                _estack = 0x20000000
                0x20000000                __SP_INIT = _estack
                0x00000000                __heap_size = 0x0
                0x00000400                __stack_size = 0x400

.interrupts     0x00000000       0xf8
                0x00000000                __vector_table = .
                0x00000000                . = ALIGN (0x4)
 *(.vectortable)
 .vectortable   0x00000000       0xf8 ./Generated_Code/Vectors.o
                0x00000000                __vect_table
                0x000000f8                . = ALIGN (0x4)

.cfmprotect     0x00000400       0x10
                0x00000400                . = ALIGN (0x4)
 *(.cfmconfig)
 .cfmconfig     0x00000400       0x10 ./Generated_Code/Cpu.o
                0x00000400                _cfm
                0x00000410                . = ALIGN (0x4)

.text           0x00000410     0x5680
                0x00000410                . = ALIGN (0x4)
 *(.text)
 .text          0x00000410       0x4c ./MQXLITE/psp/cortex_m/core/M4/boot.o
                0x00000410                __boot
                0x00000448                __set_MSP
 *(.text*)
 .text.SendESCPrefix
                0x0000045c       0x28 ./Generated_Code/Term1.o
 .text.Term1_SendStr
                0x00000484       0x38 ./Generated_Code/Term1.o
                0x00000484                Term1_SendStr
 .text.LongToStr
                0x000004bc      0x128 ./Generated_Code/Term1.o
 .text.Term1_SendNum
                0x000005e4       0x58 ./Generated_Code/Term1.o
                0x000005e4                Term1_SendNum
 .text.Term1_Cls
                0x0000063c       0x2c ./Generated_Code/Term1.o
                0x0000063c                Term1_Cls
 .text.Term1_MoveTo
                0x00000668       0x4c ./Generated_Code/Term1.o
                0x00000668                Term1_MoveTo
 .text.SystemTimer1_Init
                0x000006b4       0xac ./Generated_Code/SystemTimer1.o
                0x000006b4                SystemTimer1_Init
 .text.SystemTimer1_Enable
                0x00000760       0x30 ./Generated_Code/SystemTimer1.o
                0x00000760                SystemTimer1_Enable
 .text.SystemTimer1_GetInputFrequency
                0x00000790       0x1c ./Generated_Code/SystemTimer1.o
                0x00000790                SystemTimer1_GetInputFrequency
 .text.SystemTimer1_GetPeriodTicks
                0x000007ac       0x40 ./Generated_Code/SystemTimer1.o
                0x000007ac                SystemTimer1_GetPeriodTicks
 .text.SystemTimer1_GetCounterValue
                0x000007ec       0x20 ./Generated_Code/SystemTimer1.o
                0x000007ec                SystemTimer1_GetCounterValue
 .text.SystemTimer1_Interrupt
                0x0000080c       0x38 ./Generated_Code/SystemTimer1.o
                0x0000080c                SystemTimer1_Interrupt
 .text.SystemTimer1_OnCounterRestart
                0x00000844       0x14 ./Generated_Code/MQX1.o
                0x00000844                SystemTimer1_OnCounterRestart
 .text.SystemTimer1_GetTicsPerSecond
                0x00000858       0x2c ./Generated_Code/MQX1.o
                0x00000858                SystemTimer1_GetTicsPerSecond
 .text.system_timer_init
                0x00000884       0x84 ./Generated_Code/MQX1.o
                0x00000884                system_timer_init
 .text.system_timer_start
                0x00000908       0x28 ./Generated_Code/MQX1.o
                0x00000908                system_timer_start
 .text.Light_Sense_HWEnDi
                0x00000930       0x60 ./Generated_Code/Light_Sense.o
                0x00000930                Light_Sense_HWEnDi
 .text.Light_Sense_Measure
                0x00000990       0x58 ./Generated_Code/Light_Sense.o
                0x00000990                Light_Sense_Measure
 .text.Light_Sense_GetValue16
                0x000009e8       0x40 ./Generated_Code/Light_Sense.o
                0x000009e8                Light_Sense_GetValue16
 .text.Light_Sense_Calibrate
                0x00000a28       0xac ./Generated_Code/Light_Sense.o
                0x00000a28                Light_Sense_Calibrate
 .text.AdcLdd1_OnMeasurementComplete
                0x00000ad4       0x7c ./Generated_Code/Light_Sense.o
                0x00000ad4                AdcLdd1_OnMeasurementComplete
 .text.Light_Sense_Init
                0x00000b50       0x38 ./Generated_Code/Light_Sense.o
                0x00000b50                Light_Sense_Init
 .text.IntI2cLdd1_Main
                0x00000b88      0x3b8 ./Generated_Code/IntI2cLdd1.o
                0x00000b88                IntI2cLdd1_Main
 .text.IntI2cLdd1_Init
                0x00000f40      0x198 ./Generated_Code/IntI2cLdd1.o
                0x00000f40                IntI2cLdd1_Init
 .text.IntI2cLdd1_MasterSendBlock
                0x000010d8      0x194 ./Generated_Code/IntI2cLdd1.o
                0x000010d8                IntI2cLdd1_MasterSendBlock
 .text.IntI2cLdd1_MasterGetBlockSentStatus
                0x0000126c       0x30 ./Generated_Code/IntI2cLdd1.o
                0x0000126c                IntI2cLdd1_MasterGetBlockSentStatus
 .text.IntI2cLdd1_MasterGetSentDataNum
                0x0000129c       0x18 ./Generated_Code/IntI2cLdd1.o
                0x0000129c                IntI2cLdd1_MasterGetSentDataNum
 .text.IntI2cLdd1_MasterReceiveBlock
                0x000012b4      0x190 ./Generated_Code/IntI2cLdd1.o
                0x000012b4                IntI2cLdd1_MasterReceiveBlock
 .text.IntI2cLdd1_MasterGetBlockReceivedStatus
                0x00001444       0x3c ./Generated_Code/IntI2cLdd1.o
                0x00001444                IntI2cLdd1_MasterGetBlockReceivedStatus
 .text.IntI2cLdd1_MasterGetReceivedDataNum
                0x00001480       0x18 ./Generated_Code/IntI2cLdd1.o
                0x00001480                IntI2cLdd1_MasterGetReceivedDataNum
 .text.IntI2cLdd1_GetError
                0x00001498       0x30 ./Generated_Code/IntI2cLdd1.o
                0x00001498                IntI2cLdd1_GetError
 .text.IntI2cLdd1_CheckBus
                0x000014c8       0x40 ./Generated_Code/IntI2cLdd1.o
                0x000014c8                IntI2cLdd1_CheckBus
 .text.HWEnDi   0x00001508       0x24 ./Generated_Code/Inhr1.o
 .text.Inhr1_SendChar
                0x0000152c       0x84 ./Generated_Code/Inhr1.o
                0x0000152c                Inhr1_SendChar
 .text.Inhr1_Init
                0x000015b0       0x2c ./Generated_Code/Inhr1.o
                0x000015b0                Inhr1_Init
 .text.ASerialLdd1_OnBreak
                0x000015dc       0x2c ./Generated_Code/Inhr1.o
                0x000015dc                ASerialLdd1_OnBreak
 .text.Cpu_INT_NMIInterrupt
                0x00001608        0xc ./Generated_Code/Cpu.o
                0x00001608                Cpu_INT_NMIInterrupt
 .text.Cpu_Interrupt
                0x00001614       0x18 ./Generated_Code/Cpu.o
                0x00001614                Cpu_Interrupt
 .text.__init_hardware
                0x0000162c      0x268 ./Generated_Code/Cpu.o
                0x0000162c                __init_hardware
 .text.PE_low_level_init
                0x00001894      0x104 ./Generated_Code/Cpu.o
                0x00001894                PE_low_level_init
 .text.AdcLdd1_Init
                0x00001998       0xf8 ./Generated_Code/AdcLdd1.o
                0x00001998                AdcLdd1_Init
 .text.AdcLdd1_StartSingleMeasurement
                0x00001a90       0x70 ./Generated_Code/AdcLdd1.o
                0x00001a90                AdcLdd1_StartSingleMeasurement
 .text.AdcLdd1_CreateSampleGroup
                0x00001b00       0x7c ./Generated_Code/AdcLdd1.o
                0x00001b00                AdcLdd1_CreateSampleGroup
 .text.AdcLdd1_GetMeasuredValues
                0x00001b7c       0x58 ./Generated_Code/AdcLdd1.o
                0x00001b7c                AdcLdd1_GetMeasuredValues
 .text.AdcLdd1_GetMeasurementCompleteStatus
                0x00001bd4       0x3c ./Generated_Code/AdcLdd1.o
                0x00001bd4                AdcLdd1_GetMeasurementCompleteStatus
 .text.AdcLdd1_StartCalibration
                0x00001c10       0x70 ./Generated_Code/AdcLdd1.o
                0x00001c10                AdcLdd1_StartCalibration
 .text.AdcLdd1_GetCalibrationResultStatus
                0x00001c80      0x118 ./Generated_Code/AdcLdd1.o
                0x00001c80                AdcLdd1_GetCalibrationResultStatus
 .text.AdcLdd1_MeasurementCompleteInterrupt
                0x00001d98       0x30 ./Generated_Code/AdcLdd1.o
                0x00001d98                AdcLdd1_MeasurementCompleteInterrupt
 .text.Accel_SendChar
                0x00001dc8       0x3c ./Generated_Code/Accel.o
                0x00001dc8                Accel_SendChar
 .text.Accel_SendBlock
                0x00001e04      0x13c ./Generated_Code/Accel.o
                0x00001e04                Accel_SendBlock
 .text.Accel_RecvBlock
                0x00001f40      0x178 ./Generated_Code/Accel.o
                0x00001f40                Accel_RecvBlock
 .text.Accel_SendStop
                0x000020b8       0x84 ./Generated_Code/Accel.o
                0x000020b8                Accel_SendStop
 .text.Accel_Init
                0x0000213c       0x1c ./Generated_Code/Accel.o
                0x0000213c                Accel_Init
 .text.ASerialLdd1_Init
                0x00002158      0x22c ./Generated_Code/ASerialLdd1.o
                0x00002158                ASerialLdd1_Init
 .text.ASerialLdd1_ReceiveBlock
                0x00002384       0x50 ./Generated_Code/ASerialLdd1.o
                0x00002384                ASerialLdd1_ReceiveBlock
 .text.ASerialLdd1_SendBlock
                0x000023d4       0x60 ./Generated_Code/ASerialLdd1.o
                0x000023d4                ASerialLdd1_SendBlock
 .text.InterruptRx
                0x00002434       0x5c ./Generated_Code/ASerialLdd1.o
 .text.InterruptTx
                0x00002490       0x68 ./Generated_Code/ASerialLdd1.o
 .text.ASerialLdd1_Main
                0x000024f8       0xe8 ./Generated_Code/ASerialLdd1.o
                0x000024f8                ASerialLdd1_Main
 .text._time_delay_internal
                0x000025e0       0xd8 ./MQXLITE/kernel/time_ticks.o
                0x000025e0                _time_delay_internal
 .text._time_delay_ticks
                0x000026b8       0x84 ./MQXLITE/kernel/time_ticks.o
                0x000026b8                _time_delay_ticks
 .text._time_notify_kernel
                0x0000273c      0x19c ./MQXLITE/kernel/time_ticks.o
                0x0000273c                _time_notify_kernel
 .text._time_set_hwtick_function
                0x000028d8       0x2c ./MQXLITE/kernel/time_ticks.o
                0x000028d8                _time_set_hwtick_function
 .text._time_set_hwticks_per_tick
                0x00002904       0x24 ./MQXLITE/kernel/time_ticks.o
                0x00002904                _time_set_hwticks_per_tick
 .text._task_destroy_internal
                0x00002928      0x29c ./MQXLITE/kernel/task.o
                0x00002928                _task_destroy_internal
 .text._task_destroy
                0x00002bc4       0x20 ./MQXLITE/kernel/task.o
                0x00002bc4                _task_destroy
 .text._task_get_td
                0x00002be4       0xe4 ./MQXLITE/kernel/task.o
                0x00002be4                _task_get_td
 .text._task_set_error
                0x00002cc8       0x50 ./MQXLITE/kernel/task.o
                0x00002cc8                _task_set_error
 .text._task_exit_function_internal
                0x00002d18       0x28 ./MQXLITE/kernel/task.o
                0x00002d18                _task_exit_function_internal
 .text._task_init_internal
                0x00002d40      0x1b4 ./MQXLITE/kernel/task.o
                0x00002d40                _task_init_internal
 .text._task_fill_stack_internal
                0x00002ef4       0x44 ./MQXLITE/kernel/task.o
                0x00002ef4                _task_fill_stack_internal
 .text._task_ready_internal
                0x00002f38       0x4c ./MQXLITE/kernel/task.o
                0x00002f38                _task_ready_internal
 .text._task_alloc_td_internal
                0x00002f84      0x124 ./MQXLITE/kernel/task.o
                0x00002f84                _task_alloc_td_internal
 .text._task_set_error_td_internal
                0x000030a8       0x30 ./MQXLITE/kernel/task.o
                0x000030a8                _task_set_error_td_internal
 .text._mqxlite_init
                0x000030d8      0x124 ./MQXLITE/kernel/mqxlite.o
                0x000030d8                _mqxlite_init
 .text._mqxlite
                0x000031fc       0xd4 ./MQXLITE/kernel/mqxlite.o
                0x000031fc                _mqxlite
 .text._mqx_exit
                0x000032d0       0x1c ./MQXLITE/kernel/mqxlite.o
                0x000032d0                _mqx_exit
 .text._mqx_set_cpu_type
                0x000032ec       0x28 ./MQXLITE/kernel/mqx_utils.o
                0x000032ec                _mqx_set_cpu_type
 .text._mqx_init_kernel_data_internal
                0x00003314      0x1dc ./MQXLITE/kernel/mqx_utils.o
                0x00003314                _mqx_init_kernel_data_internal
 .text._lwsem_create_internal
                0x000034f0       0xec ./MQXLITE/kernel/lwsem.o
                0x000034f0                _lwsem_create_internal
 .text._lwsem_create
                0x000035dc       0x28 ./MQXLITE/kernel/lwsem.o
                0x000035dc                _lwsem_create
 .text._lwsem_post
                0x00003604      0x184 ./MQXLITE/kernel/lwsem.o
                0x00003604                _lwsem_post
 .text._lwsem_wait
                0x00003788      0x154 ./MQXLITE/kernel/lwsem.o
                0x00003788                _lwsem_wait
 .text._int_default_isr
                0x000038dc       0x64 ./MQXLITE/kernel/int.o
                0x000038dc                _int_default_isr
 .text._int_disable
                0x00003940       0x3c ./MQXLITE/kernel/int.o
                0x00003940                _int_disable
 .text._int_enable
                0x0000397c       0x54 ./MQXLITE/kernel/int.o
                0x0000397c                _int_enable
 .text._int_get_isr_data
                0x000039d0       0x78 ./MQXLITE/kernel/int.o
                0x000039d0                _int_get_isr_data
 .text._int_install_isr
                0x00003a48       0x94 ./MQXLITE/kernel/int.o
                0x00003a48                _int_install_isr
 .text._int_init
                0x00003adc       0xb4 ./MQXLITE/kernel/int.o
                0x00003adc                _int_init
 .text._mqx_idle_task
                0x00003b90       0x18 ./MQXLITE/kernel/idletask.o
                0x00003b90                _mqx_idle_task
 .text._psp_destroy_stack_frame
                0x00003ba8       0x14 ./MQXLITE/psp/cortex_m/stack_de.o
                0x00003ba8                _psp_destroy_stack_frame
 .text._psp_build_stack_frame
                0x00003bbc       0xa0 ./MQXLITE/psp/cortex_m/stack_bu.o
                0x00003bbc                _psp_build_stack_frame
 .text._psp_set_kernel_disable_level
                0x00003c5c       0xc4 ./MQXLITE/psp/cortex_m/sc_irdyq.o
                0x00003c5c                _psp_set_kernel_disable_level
 .text._psp_init_readyqs
                0x00003d20       0xc8 ./MQXLITE/psp/cortex_m/sc_irdyq.o
                0x00003d20                _psp_init_readyqs
 .text._psp_normalize_ticks
                0x00003de8       0x5c ./MQXLITE/psp/cortex_m/psp_tinm.o
                0x00003de8                _psp_normalize_ticks
 .text._psp_int_init
                0x00003e44       0x2c ./MQXLITE/psp/cortex_m/psp_iinit.o
                0x00003e44                _psp_int_init
 .text._mem_zero
                0x00003e70      0x228 ./MQXLITE/psp/cortex_m/mem_zero.o
                0x00003e70                _mem_zero
 .text._int_set_vector_table
                0x00004098       0x38 ./MQXLITE/psp/cortex_m/int_vtab.o
                0x00004098                _int_set_vector_table
 .text._psp_int_install
                0x000040d0       0x24 ./MQXLITE/psp/cortex_m/int_inst.o
                0x000040d0                _psp_int_install
 .text.zero_fill_bss
                0x000040f4       0x2c ./Project_Settings/Startup_Code/__arm_start.o
 .text.__thumb_startup
                0x00004120       0x30 ./Project_Settings/Startup_Code/__arm_start.o
                0x00004120                __thumb_startup
 .text._ExitProcess
                0x00004150        0xc ./Project_Settings/Startup_Code/__arm_end.o
                0x00004150                _ExitProcess
 .text.Task1_task
                0x0000415c       0x48 ./Sources/mqx_tasks.o
                0x0000415c                Task1_task
 .text.Task2_task
                0x000041a4       0xb8 ./Sources/mqx_tasks.o
                0x000041a4                Task2_task
 .text.Task3_task
                0x0000425c       0xe8 ./Sources/mqx_tasks.o
                0x0000425c                Task3_task
 .text.main     0x00004344       0x90 ./Sources/main.o
                0x00004344                main
 .text.Cpu_OnNMIINT
                0x000043d4        0xc ./Sources/Events.o
                0x000043d4                Cpu_OnNMIINT
 .text.Light_Sense_OnEnd
                0x000043e0        0xc ./Sources/Events.o
                0x000043e0                Light_Sense_OnEnd
 .text.Light_Sense_OnCalibrationEnd
                0x000043ec        0xc ./Sources/Events.o
                0x000043ec                Light_Sense_OnCalibrationEnd
 .text.exit     0x000043f8       0x38 C:/Freescale/CW MCU v10.6/MCU/ARM_GCC_Support/ewl/lib/armv7e-m\libc.a(exit.o)
                0x000043f8                exit
 .text.memset   0x00004430        0xc C:/Freescale/CW MCU v10.6/MCU/ARM_GCC_Support/ewl/lib/armv7e-m\libc.a(memset.o)
                0x00004430                memset
 .text.long2str.isra.0
                0x0000443c      0x196 C:/Freescale/CW MCU v10.6/MCU/ARM_GCC_Support/ewl/lib/armv7e-m\libc.a(printformat_.o)
 *fill*         0x000045d2        0x2 00
 .text.__pformatter_
                0x000045d4      0x3f8 C:/Freescale/CW MCU v10.6/MCU/ARM_GCC_Support/ewl/lib/armv7e-m\libc.a(printformat_.o)
                0x000045d4                __pformatter_
 .text.__sformatter
                0x000049cc      0x6f4 C:/Freescale/CW MCU v10.6/MCU/ARM_GCC_Support/ewl/lib/armv7e-m\libc.a(scanformat_.o)
                0x000049cc                __sformatter
 .text.isalpha  0x000050c0       0x1c C:/Freescale/CW MCU v10.6/MCU/ARM_GCC_Support/ewl/lib/armv7e-m\libc.a(ctype_aeabi.o)
                0x000050c0                isalpha
 .text.isspace  0x000050dc       0x1c C:/Freescale/CW MCU v10.6/MCU/ARM_GCC_Support/ewl/lib/armv7e-m\libc.a(ctype_aeabi.o)
                0x000050dc                isspace
 .text.toupper  0x000050f8        0xc C:/Freescale/CW MCU v10.6/MCU/ARM_GCC_Support/ewl/lib/armv7e-m\libc.a(ctype_aeabi.o)
                0x000050f8                toupper
 .text.__strtoul
                0x00005104      0x214 C:/Freescale/CW MCU v10.6/MCU/ARM_GCC_Support/ewl/lib/armv7e-m\libc.a(__strtoul.o)
                0x00005104                __strtoul
 .text.__fill_mem
                0x00005318       0x76 C:/Freescale/CW MCU v10.6/MCU/ARM_GCC_Support/ewl/lib/armv7e-m\libc.a(__filll_mem.o)
                0x00005318                __fill_mem
 .text.memchr   0x0000538e       0x18 C:/Freescale/CW MCU v10.6/MCU/ARM_GCC_Support/ewl/lib/armv7e-m\libc.a(memchr.o)
                0x0000538e                memchr
 .text.strchr   0x000053a6       0x1a C:/Freescale/CW MCU v10.6/MCU/ARM_GCC_Support/ewl/lib/armv7e-m\libc.a(strchr.o)
                0x000053a6                strchr
 .text.strlen   0x000053c0       0x10 C:/Freescale/CW MCU v10.6/MCU/ARM_GCC_Support/ewl/lib/armv7e-m\libc.a(strlen.o)
                0x000053c0                strlen
 .text.__init_cpp
                0x000053d0       0x4c C:/Freescale/CW MCU v10.6/MCU/ARM_GCC_Support/ewl/lib/armv7e-m\librt.a(gcc_ctor_dtor.o)
                0x000053d0                __init_cpp
 .text.__fini_cpp
                0x0000541c       0x34 C:/Freescale/CW MCU v10.6/MCU/ARM_GCC_Support/ewl/lib/armv7e-m\librt.a(gcc_ctor_dtor.o)
                0x0000541c                __fini_cpp
 .text.__copy_rom_section
                0x00005450       0x44 C:/Freescale/CW MCU v10.6/MCU/ARM_GCC_Support/ewl/lib/armv7e-m\librt.a(ROMCopy.o)
                0x00005450                __copy_rom_section
 .text.__copy_rom_sections_to_ram
                0x00005494       0x30 C:/Freescale/CW MCU v10.6/MCU/ARM_GCC_Support/ewl/lib/armv7e-m\librt.a(ROMCopy.o)
                0x00005494                __copy_rom_sections_to_ram
 .text.__destroy_global_chain
                0x000054c4       0x18 C:/Freescale/CW MCU v10.6/MCU/ARM_GCC_Support/ewl/lib/armv7e-m\librt.a(__arm_eabi_init.o)
                0x000054c4                __destroy_global_chain
 .text.__init_registers
                0x000054dc       0x24 C:/Freescale/CW MCU v10.6/MCU/ARM_GCC_Support/ewl/lib/armv7e-m\librt.a(__arm_eabi_init.o)
                0x000054dc                __init_registers
 .text.__init_user
                0x00005500        0x4 C:/Freescale/CW MCU v10.6/MCU/ARM_GCC_Support/ewl/lib/armv7e-m\librt.a(__arm_eabi_init.o)
                0x00005500                __init_user
 *(.rodata)
 .rodata        0x00005504       0x24 ./MQXLITE/config/task_template_list.o
 .rodata        0x00005528       0xdc ./MQXLITE/kernel/mqxlite.o
 .rodata        0x00005604       0x10 ./MQXLITE/kernel/mqx_utils.o
 .rodata        0x00005614       0x70 ./Sources/mqx_tasks.o
 .rodata        0x00005684        0x8 ./Sources/main.o
 *(.rodata*)
 .rodata.MQX_init_struct
                0x0000568c       0x24 ./Generated_Code/MQX1.o
                0x0000568c                MQX_init_struct
 .rodata.ChannelToPin
                0x000056b0        0x4 ./Generated_Code/AdcLdd1.o
 .rodata.MQX_template_list
                0x000056b4       0x70 ./MQXLITE/config/task_template_list.o
                0x000056b4                MQX_template_list
 .rodata._mqx_version_number
                0x00005724        0x4 ./MQXLITE/kernel/mqxlite.o
                0x00005724                _mqx_version_number
 .rodata._mqx_vendor
                0x00005728        0x4 ./MQXLITE/kernel/mqxlite.o
                0x00005728                _mqx_vendor
 .rodata._mqx_path
                0x0000572c        0x4 ./MQXLITE/kernel/mqxlite.o
                0x0000572c                _mqx_path
 .rodata._mqxlite_version_number
                0x00005730        0x4 ./MQXLITE/kernel/mqxlite.o
                0x00005730                _mqxlite_version_number
 .rodata.str1.1
                0x00005734        0x1 C:/Freescale/CW MCU v10.6/MCU/ARM_GCC_Support/ewl/lib/armv7e-m\libc.a(printformat_.o)
 .rodata.CSWTCH.20
                0x00005735        0x5 C:/Freescale/CW MCU v10.6/MCU/ARM_GCC_Support/ewl/lib/armv7e-m\libc.a(printformat_.o)
 .rodata.CSWTCH.21
                0x0000573a        0x5 C:/Freescale/CW MCU v10.6/MCU/ARM_GCC_Support/ewl/lib/armv7e-m\libc.a(printformat_.o)
 .rodata.__aeabi_ctype_table_C
                0x0000573f      0x101 C:/Freescale/CW MCU v10.6/MCU/ARM_GCC_Support/ewl/lib/armv7e-m\libc.a(ctype_aeabi.o)
                0x0000573f                __aeabi_ctype_table_C
 *(.glue_7)
 .glue_7        0x00000000        0x0 linker stubs
 *(.glue_7t)
 .glue_7t       0x00000000        0x0 linker stubs
 *(.eh_frame)
 *(.init)
 *(.fini)
                0x00005840                . = ALIGN (0x4)
 *(KERNEL)
 KERNEL         0x00005840      0x250 ./MQXLITE/psp/cortex_m/core/M4/dispatch.o
                0x00005840                _sched_start_internal
                0x00005844                _sched_run_internal
                0x0000584a                _sched_check_scheduler_internal
                0x00005868                _sched_execute_scheduler_internal
                0x0000586c                _mqx_api_call
                0x00005870                _task_block
                0x00005874                _svc_handler
                0x000058f6                _pend_svc
                0x0000595e                _int_kernel_isr
                0x000059e6                _psp_exception_return
                0x00005a20                _psp_save_fp_context_internal
                0x00005a22                _mem_test_and_set
                0x00005a40                __get_PSP
                0x00005a46                __get_MSP
                0x00005a52                __get_PSR
                0x00005a58                __enable_interrupt
                0x00005a5c                __disable_interrupt
                0x00005a60                __get_LR
                0x00005a64                __get_PC
                0x00005a68                __get_CONTROL
                0x00000000                __VECTOR_TABLE_START = __vector_table
                0x00005a90                . = ALIGN (0x4)
 *(.rdata)
                0x00005a90                . = ALIGN (0x4)
 *(.exception)
                0x00005a90                . = ALIGN (0x4)
                0x00005a90                __exception_table_start__ = .
                0x00005a90                __exception_table_end__ = .
                0x00005a90                __sinit__ = .
                0x00005a90                _etext = .

.vfp11_veneer   0x00005a90        0x0
 .vfp11_veneer  0x00000000        0x0 linker stubs

.v4_bx          0x00005a90        0x0
 .v4_bx         0x00000000        0x0 linker stubs

.iplt           0x00005a90        0x0
 .iplt          0x00000000        0x0 ./Generated_Code/Vectors.o

.rel.dyn        0x00005a90        0x0
 .rel.iplt      0x00000000        0x0 ./Generated_Code/Vectors.o

.ARM.extab
 *(.ARM.extab* .gnu.linkonce.armextab.*)

.ARM            0x00005a90        0x0
                0x00005a90                __exidx_start = .
 *(.ARM.exidx*)
                0x00005a90                __exidx_end = .

.ctors          0x00005a90        0x0
                0x00005a90                __CTOR_LIST__ = .
 *crtbegin.o(.ctors)
 *(EXCLUDE_FILE(*crtend.o) .ctors)
 *(SORT(.ctors.*))
 *(.ctors)
                0x00005a90                __CTOR_END__ = .

.dtors          0x00005a90        0x0
                0x00005a90                __DTOR_LIST__ = .
 *crtbegin.o(.dtors)
 *(EXCLUDE_FILE(*crtend.o) .dtors)
 *(SORT(.dtors.*))
 *(.dtors)
                0x00005a90                __DTOR_END__ = .

.preinit_array  0x00005a90        0x0
                0x00005a90                PROVIDE (__preinit_array_start, .)
 *(.preinit_array*)
                0x00005a90                PROVIDE (__preinit_array_end, .)

.init_array     0x00005a90        0x0
                0x00005a90                PROVIDE (__init_array_start, .)
 *(SORT(.init_array.*))
 *(.init_array*)
                0x00005a90                PROVIDE (__init_array_end, .)

.fini_array     0x00005a90        0x0
                0x00005a90                PROVIDE (__fini_array_start, .)
 *(SORT(.fini_array.*))
 *(.fini_array*)
                0x00005a90                PROVIDE (__fini_array_end, .)
                0x00005a90                ___ROM_AT = .

.data           0x1fffe000       0x24 load address 0x00005a90
                0x1fffe000                . = ALIGN (0x4)
                0x1fffe000                _sdata = .
 *(.data)
 *(.data*)
 .data.mqx_task_stack_pointers
                0x1fffe000       0x10 ./Generated_Code/MQX1.o
                0x1fffe000                mqx_task_stack_pointers
 .data._mqx_kernel_data
                0x1fffe010        0x4 ./MQXLITE/kernel/mqxlite.o
                0x1fffe010                _mqx_kernel_data
 .data.st1.7014
                0x1fffe014        0x4 ./Sources/mqx_tasks.o
 .data.st2.7015
                0x1fffe018        0x4 ./Sources/mqx_tasks.o
 .data.st3.7016
                0x1fffe01c        0x4 ./Sources/mqx_tasks.o
 .data.st4.7017
                0x1fffe020        0x4 ./Sources/mqx_tasks.o
                0x1fffe024                . = ALIGN (0x4)
                0x1fffe024                _edata = .
                0x00000024                ___data_size = (_edata - _sdata)
                0x00005ab4                ___m_data_20000000_ROMStart = (___ROM_AT + SIZEOF (.data))

.igot.plt       0x1fffe024        0x0 load address 0x00005ab4
 .igot.plt      0x00000000        0x0 ./Generated_Code/Vectors.o

.m_data_20000000
                0x20000000        0x0 load address 0x00005ab4
                0x20000000                . = ALIGN (0x4)
                0x20000000                ___m_data_20000000_RAMStart = .
 *(.m_data_20000000)
                0x20000000                ___m_data_20000000_RAMEnd = .
                0x20000000                . = ALIGN (0x4)
                0x00000000                ___m_data_20000000_ROMSize = (___m_data_20000000_RAMEnd - ___m_data_20000000_RAMStart)
                0x20000000                . = ALIGN (0x4)

.bss            0x1fffe024      0xee0 load address 0x00005ab4
                0x1fffe024                __START_BSS = .
                0x1fffe024                PROVIDE (__bss_start__, __START_BSS)
 *(.bss)
 *(.bss*)
 .bss.DeviceDataPrv__DEFAULT_RTOS_ALLOC
                0x1fffe024        0xc ./Generated_Code/SystemTimer1.o
 .bss.PE_LDD_DeviceDataList
                0x1fffe030       0x10 ./Generated_Code/PE_LDD.o
                0x1fffe030                PE_LDD_DeviceDataList
 .bss.SystemTimerDeviceDataPtr
                0x1fffe040        0x4 ./Generated_Code/MQX1.o
 .bss.ModeFlg   0x1fffe044        0x1 ./Generated_Code/Light_Sense.o
 *fill*         0x1fffe045        0x3 00
 .bss.SampleGroup
                0x1fffe048        0x4 ./Generated_Code/Light_Sense.o
 .bss.OutFlg    0x1fffe04c        0x1 ./Generated_Code/Light_Sense.o
 *fill*         0x1fffe04d        0x3 00
 .bss.DeviceDataPrv__DEFAULT_RTOS_ALLOC
                0x1fffe050       0x1c ./Generated_Code/IntI2cLdd1.o
 .bss.SerFlag   0x1fffe06c        0x2 ./Generated_Code/Inhr1.o
 .bss.BufferRead
                0x1fffe06e        0x1 ./Generated_Code/Inhr1.o
 .bss.OutBuffer
                0x1fffe06f        0x1 ./Generated_Code/Inhr1.o
 .bss.DeviceDataPrv__DEFAULT_RTOS_ALLOC
                0x1fffe070       0x10 ./Generated_Code/AdcLdd1.o
 .bss.ChrTemp   0x1fffe080        0x1 ./Generated_Code/Accel.o
 *fill*         0x1fffe081        0x3 00
 .bss.DeviceDataPrv__DEFAULT_RTOS_ALLOC
                0x1fffe084       0x20 ./Generated_Code/ASerialLdd1.o
 .bss.argv      0x1fffe0a4        0x4 ./Project_Settings/Startup_Code/__arm_start.o
 .bss.__stdio_exit
                0x1fffe0a8        0x4 C:/Freescale/CW MCU v10.6/MCU/ARM_GCC_Support/ewl/lib/armv7e-m\libc.a(exit.o)
                0x1fffe0a8                __stdio_exit
 .bss.__console_exit
                0x1fffe0ac        0x4 C:/Freescale/CW MCU v10.6/MCU/ARM_GCC_Support/ewl/lib/armv7e-m\libc.a(exit.o)
                0x1fffe0ac                __console_exit
 .bss.__S_romp  0x1fffe0b0        0xc C:/Freescale/CW MCU v10.6/MCU/ARM_GCC_Support/ewl/lib/armv7e-m\librt.a(ROMCopy.o)
 .bss.__global_destructor_chain
                0x1fffe0bc        0x4 C:/Freescale/CW MCU v10.6/MCU/ARM_GCC_Support/ewl/lib/armv7e-m\librt.a(__arm_eabi_init.o)
                0x1fffe0bc                __global_destructor_chain
 *(COMMON)
 COMMON         0x1fffe0c0      0xdc8 ./Generated_Code/MQX1.o
                0x1fffe0c0                _mqx_kernel_data_struct
                0x1fffe2e8                Light_Read_task_stack
                0x1fffe564                mqx_interrupt_stack
                0x1fffe674                Print_Term_task_stack
                0x1fffe8f0                mqx_static_ready_queue
                0x1fffe990                mqx_static_isr_table
                0x1fffeab0                mqx_idle_task_stack
                0x1fffec0c                Accel_Read_task_stack
 COMMON         0x1fffee88        0x6 ./Generated_Code/Light_Sense.o
                0x1fffee88                AdcLdd1_DeviceDataPtr
                0x1fffee8c                Light_Sense_OutV
 *fill*         0x1fffee8e        0x2 00
 COMMON         0x1fffee90        0x4 ./Generated_Code/Inhr1.o
                0x1fffee90                ASerialLdd1_DeviceDataPtr
 COMMON         0x1fffee94        0x8 ./Generated_Code/Accel.o
                0x1fffee94                Accel_SndRcvTemp
                0x1fffee98                IntI2cLdd1_DeviceDataPtr
 COMMON         0x1fffee9c        0xe ./Sources/mqx_tasks.o
                0x1fffee9c                vec
                0x1fffeea2                xw
                0x1fffeea4                zw
                0x1fffeea6                bw
                0x1fffeea8                yw
 *fill*         0x1fffeeaa        0x2 00
 COMMON         0x1fffeeac       0x56 ./Sources/main.o
                0x1fffeeac                i2csem
                0x1fffeec8                adcsem
                0x1fffeee4                uartsem
                0x1fffef00                snt
                0x1fffef04                . = ALIGN (0x4)
 *fill*         0x1fffef02        0x2 00
                0x1fffef04                __END_BSS = .
                0x1fffef04                PROVIDE (__bss_end__, __END_BSS)
                0x00005ab4                _romp_at = ((___ROM_AT + SIZEOF (.data)) + SIZEOF (.m_data_20000000))

.romp           0x1fffef04       0x24 load address 0x00005ab4
                0x00005ab4                __S_romp = _romp_at
                0x1fffef04        0x4 LONG 0x5a90 ___ROM_AT
                0x1fffef08        0x4 LONG 0x1fffe000 _sdata
                0x1fffef0c        0x4 LONG 0x24 ___data_size
                0x1fffef10        0x4 LONG 0x5ab4 ___m_data_20000000_ROMStart
                0x1fffef14        0x4 LONG 0x20000000 ___m_data_20000000_RAMStart
                0x1fffef18        0x4 LONG 0x0 ___m_data_20000000_ROMSize
                0x1fffef1c        0x4 LONG 0x0
                0x1fffef20        0x4 LONG 0x0
                0x1fffef24        0x4 LONG 0x0

._user_heap_stack
                0x1fffef28      0x400 load address 0x00005ad8
                0x1fffef28                . = ALIGN (0x4)
                0x1fffef28                PROVIDE (end, .)
                0x1fffef28                PROVIDE (_end, .)
                0x1fffef28                __heap_addr = .
                0x1fffef28                . = (. + __heap_size)
                0x1ffff328                . = (. + __stack_size)
 *fill*         0x1fffef28      0x400 00
                0x1ffff328                . = ALIGN (0x4)

.ARM.attributes
                0x00000000       0x31
 *(.ARM.attributes)
 .ARM.attributes
                0x00000000       0x33 ./Generated_Code/Vectors.o
 .ARM.attributes
                0x00000033       0x33 ./Generated_Code/Term1.o
 .ARM.attributes
                0x00000066       0x33 ./Generated_Code/SystemTimer1.o
 .ARM.attributes
                0x00000099       0x33 ./Generated_Code/PE_LDD.o
 .ARM.attributes
                0x000000cc       0x33 ./Generated_Code/MQX1.o
 .ARM.attributes
                0x000000ff       0x33 ./Generated_Code/Light_Sense.o
 .ARM.attributes
                0x00000132       0x33 ./Generated_Code/IntI2cLdd1.o
 .ARM.attributes
                0x00000165       0x33 ./Generated_Code/Inhr1.o
 .ARM.attributes
                0x00000198       0x33 ./Generated_Code/Cpu.o
 .ARM.attributes
                0x000001cb       0x33 ./Generated_Code/AdcLdd1.o
 .ARM.attributes
                0x000001fe       0x33 ./Generated_Code/Accel.o
 .ARM.attributes
                0x00000231       0x33 ./Generated_Code/ASerialLdd1.o
 .ARM.attributes
                0x00000264       0x33 ./MQXLITE/config/task_template_list.o
 .ARM.attributes
                0x00000297       0x33 ./MQXLITE/kernel/time_ticks.o
 .ARM.attributes
                0x000002ca       0x33 ./MQXLITE/kernel/task.o
 .ARM.attributes
                0x000002fd       0x33 ./MQXLITE/kernel/mqxlite.o
 .ARM.attributes
                0x00000330       0x33 ./MQXLITE/kernel/mqx_utils.o
 .ARM.attributes
                0x00000363       0x33 ./MQXLITE/kernel/lwsem.o
 .ARM.attributes
                0x00000396       0x33 ./MQXLITE/kernel/int.o
 .ARM.attributes
                0x000003c9       0x33 ./MQXLITE/kernel/idletask.o
 .ARM.attributes
                0x000003fc       0x21 ./MQXLITE/psp/cortex_m/core/M4/dispatch.o
 .ARM.attributes
                0x0000041d       0x21 ./MQXLITE/psp/cortex_m/core/M4/boot.o
 .ARM.attributes
                0x0000043e       0x33 ./MQXLITE/psp/cortex_m/stack_de.o
 .ARM.attributes
                0x00000471       0x33 ./MQXLITE/psp/cortex_m/stack_bu.o
 .ARM.attributes
                0x000004a4       0x33 ./MQXLITE/psp/cortex_m/sc_irdyq.o
 .ARM.attributes
                0x000004d7       0x33 ./MQXLITE/psp/cortex_m/psp_tinm.o
 .ARM.attributes
                0x0000050a       0x33 ./MQXLITE/psp/cortex_m/psp_iinit.o
 .ARM.attributes
                0x0000053d       0x33 ./MQXLITE/psp/cortex_m/mem_zero.o
 .ARM.attributes
                0x00000570       0x33 ./MQXLITE/psp/cortex_m/int_vtab.o
 .ARM.attributes
                0x000005a3       0x33 ./MQXLITE/psp/cortex_m/int_inst.o
 .ARM.attributes
                0x000005d6       0x33 ./Project_Settings/Startup_Code/__arm_start.o
 .ARM.attributes
                0x00000609       0x33 ./Project_Settings/Startup_Code/__arm_end.o
 .ARM.attributes
                0x0000063c       0x33 ./Sources/mqx_tasks.o
 .ARM.attributes
                0x0000066f       0x33 ./Sources/main.o
 .ARM.attributes
                0x000006a2       0x33 ./Sources/Events.o
 .ARM.attributes
                0x000006d5       0x33 C:/Freescale/CW MCU v10.6/MCU/ARM_GCC_Support/ewl/lib/armv7e-m\libc.a(exit.o)
 .ARM.attributes
                0x00000708       0x33 C:/Freescale/CW MCU v10.6/MCU/ARM_GCC_Support/ewl/lib/armv7e-m\libc.a(memset.o)
 .ARM.attributes
                0x0000073b       0x33 C:/Freescale/CW MCU v10.6/MCU/ARM_GCC_Support/ewl/lib/armv7e-m\libc.a(printformat_.o)
 .ARM.attributes
                0x0000076e       0x33 C:/Freescale/CW MCU v10.6/MCU/ARM_GCC_Support/ewl/lib/armv7e-m\libc.a(scanformat_.o)
 .ARM.attributes
                0x000007a1       0x33 C:/Freescale/CW MCU v10.6/MCU/ARM_GCC_Support/ewl/lib/armv7e-m\libc.a(ctype_aeabi.o)
 .ARM.attributes
                0x000007d4       0x33 C:/Freescale/CW MCU v10.6/MCU/ARM_GCC_Support/ewl/lib/armv7e-m\libc.a(__strtoul.o)
 .ARM.attributes
                0x00000807       0x33 C:/Freescale/CW MCU v10.6/MCU/ARM_GCC_Support/ewl/lib/armv7e-m\libc.a(__filll_mem.o)
 .ARM.attributes
                0x0000083a       0x33 C:/Freescale/CW MCU v10.6/MCU/ARM_GCC_Support/ewl/lib/armv7e-m\libc.a(memchr.o)
 .ARM.attributes
                0x0000086d       0x33 C:/Freescale/CW MCU v10.6/MCU/ARM_GCC_Support/ewl/lib/armv7e-m\libc.a(strchr.o)
 .ARM.attributes
                0x000008a0       0x33 C:/Freescale/CW MCU v10.6/MCU/ARM_GCC_Support/ewl/lib/armv7e-m\libc.a(strlen.o)
 .ARM.attributes
                0x000008d3       0x33 C:/Freescale/CW MCU v10.6/MCU/ARM_GCC_Support/ewl/lib/armv7e-m\librt.a(gcc_ctor_dtor.o)
 .ARM.attributes
                0x00000906       0x33 C:/Freescale/CW MCU v10.6/MCU/ARM_GCC_Support/ewl/lib/armv7e-m\librt.a(ROMCopy.o)
 .ARM.attributes
                0x00000939       0x33 C:/Freescale/CW MCU v10.6/MCU/ARM_GCC_Support/ewl/lib/armv7e-m\librt.a(__arm_eabi_init.o)
OUTPUT(Lab8v1.elf elf32-littlearm)

.debug_info     0x00000000    0x1248c
 .debug_info    0x00000000      0x288 ./Generated_Code/Vectors.o
 .debug_info    0x00000288      0x3fe ./Generated_Code/Term1.o
 .debug_info    0x00000686      0x6c5 ./Generated_Code/SystemTimer1.o
 .debug_info    0x00000d4b      0x3e8 ./Generated_Code/PE_LDD.o
 .debug_info    0x00001133      0xe97 ./Generated_Code/MQX1.o
 .debug_info    0x00001fca      0x3d9 ./Generated_Code/Light_Sense.o
 .debug_info    0x000023a3      0x94d ./Generated_Code/IntI2cLdd1.o
 .debug_info    0x00002cf0      0x209 ./Generated_Code/Inhr1.o
 .debug_info    0x00002ef9      0xdbc ./Generated_Code/Cpu.o
 .debug_info    0x00003cb5      0x93e ./Generated_Code/AdcLdd1.o
 .debug_info    0x000045f3      0x41e ./Generated_Code/Accel.o
 .debug_info    0x00004a11      0x9fd ./Generated_Code/ASerialLdd1.o
 .debug_info    0x0000540e      0x2f3 ./MQXLITE/config/task_template_list.o
 .debug_info    0x00005701     0x10cd ./MQXLITE/kernel/time_ticks.o
 .debug_info    0x000067ce     0x1fe6 ./MQXLITE/kernel/task.o
 .debug_info    0x000087b4      0xe8b ./MQXLITE/kernel/mqxlite.o
 .debug_info    0x0000963f      0xc0c ./MQXLITE/kernel/mqx_utils.o
 .debug_info    0x0000a24b     0x10ee ./MQXLITE/kernel/lwsem.o
 .debug_info    0x0000b339      0xe6a ./MQXLITE/kernel/int.o
 .debug_info    0x0000c1a3      0xa4d ./MQXLITE/kernel/idletask.o
 .debug_info    0x0000cbf0       0x81 ./MQXLITE/psp/cortex_m/core/M4/dispatch.o
 .debug_info    0x0000cc71       0x7d ./MQXLITE/psp/cortex_m/core/M4/boot.o
 .debug_info    0x0000ccee      0x41c ./MQXLITE/psp/cortex_m/stack_de.o
 .debug_info    0x0000d10a      0x673 ./MQXLITE/psp/cortex_m/stack_bu.o
 .debug_info    0x0000d77d      0xc85 ./MQXLITE/psp/cortex_m/sc_irdyq.o
 .debug_info    0x0000e402      0xacf ./MQXLITE/psp/cortex_m/psp_tinm.o
 .debug_info    0x0000eed1       0xd7 ./MQXLITE/psp/cortex_m/psp_iinit.o
 .debug_info    0x0000efa8      0x139 ./MQXLITE/psp/cortex_m/mem_zero.o
 .debug_info    0x0000f0e1      0x376 ./MQXLITE/psp/cortex_m/int_vtab.o
 .debug_info    0x0000f457      0xa3a ./MQXLITE/psp/cortex_m/int_inst.o
 .debug_info    0x0000fe91      0x12a ./Project_Settings/Startup_Code/__arm_start.o
 .debug_info    0x0000ffbb       0x54 ./Project_Settings/Startup_Code/__arm_end.o
 .debug_info    0x0001000f      0x515 ./Sources/mqx_tasks.o
 .debug_info    0x00010524      0x3bc ./Sources/main.o
 .debug_info    0x000108e0       0xbc ./Sources/Events.o
 .debug_info    0x0001099c       0xe8 C:/Freescale/CW MCU v10.6/MCU/ARM_GCC_Support/ewl/lib/armv7e-m\libc.a(exit.o)
 .debug_info    0x00010a84       0xec C:/Freescale/CW MCU v10.6/MCU/ARM_GCC_Support/ewl/lib/armv7e-m\libc.a(memset.o)
 .debug_info    0x00010b70      0x50e C:/Freescale/CW MCU v10.6/MCU/ARM_GCC_Support/ewl/lib/armv7e-m\libc.a(printformat_.o)
 .debug_info    0x0001107e      0x565 C:/Freescale/CW MCU v10.6/MCU/ARM_GCC_Support/ewl/lib/armv7e-m\libc.a(scanformat_.o)
 .debug_info    0x000115e3      0x306 C:/Freescale/CW MCU v10.6/MCU/ARM_GCC_Support/ewl/lib/armv7e-m\libc.a(ctype_aeabi.o)
 .debug_info    0x000118e9      0x1d6 C:/Freescale/CW MCU v10.6/MCU/ARM_GCC_Support/ewl/lib/armv7e-m\libc.a(__strtoul.o)
 .debug_info    0x00011abf      0x135 C:/Freescale/CW MCU v10.6/MCU/ARM_GCC_Support/ewl/lib/armv7e-m\libc.a(__filll_mem.o)
 .debug_info    0x00011bf4      0x120 C:/Freescale/CW MCU v10.6/MCU/ARM_GCC_Support/ewl/lib/armv7e-m\libc.a(memchr.o)
 .debug_info    0x00011d14      0x108 C:/Freescale/CW MCU v10.6/MCU/ARM_GCC_Support/ewl/lib/armv7e-m\libc.a(strchr.o)
 .debug_info    0x00011e1c       0xeb C:/Freescale/CW MCU v10.6/MCU/ARM_GCC_Support/ewl/lib/armv7e-m\libc.a(strlen.o)
 .debug_info    0x00011f07      0x136 C:/Freescale/CW MCU v10.6/MCU/ARM_GCC_Support/ewl/lib/armv7e-m\librt.a(gcc_ctor_dtor.o)
 .debug_info    0x0001203d      0x19a C:/Freescale/CW MCU v10.6/MCU/ARM_GCC_Support/ewl/lib/armv7e-m\librt.a(ROMCopy.o)
 .debug_info    0x000121d7      0x2b5 C:/Freescale/CW MCU v10.6/MCU/ARM_GCC_Support/ewl/lib/armv7e-m\librt.a(__arm_eabi_init.o)

.debug_abbrev   0x00000000     0x334c
 .debug_abbrev  0x00000000       0xb9 ./Generated_Code/Vectors.o
 .debug_abbrev  0x000000b9      0x1ab ./Generated_Code/Term1.o
 .debug_abbrev  0x00000264      0x1be ./Generated_Code/SystemTimer1.o
 .debug_abbrev  0x00000422      0x118 ./Generated_Code/PE_LDD.o
 .debug_abbrev  0x0000053a      0x1a3 ./Generated_Code/MQX1.o
 .debug_abbrev  0x000006dd      0x140 ./Generated_Code/Light_Sense.o
 .debug_abbrev  0x0000081d      0x168 ./Generated_Code/IntI2cLdd1.o
 .debug_abbrev  0x00000985      0x103 ./Generated_Code/Inhr1.o
 .debug_abbrev  0x00000a88      0x16e ./Generated_Code/Cpu.o
 .debug_abbrev  0x00000bf6      0x1a5 ./Generated_Code/AdcLdd1.o
 .debug_abbrev  0x00000d9b      0x14a ./Generated_Code/Accel.o
 .debug_abbrev  0x00000ee5      0x1aa ./Generated_Code/ASerialLdd1.o
 .debug_abbrev  0x0000108f       0xb9 ./MQXLITE/config/task_template_list.o
 .debug_abbrev  0x00001148      0x1ad ./MQXLITE/kernel/time_ticks.o
 .debug_abbrev  0x000012f5      0x21d ./MQXLITE/kernel/task.o
 .debug_abbrev  0x00001512      0x1c6 ./MQXLITE/kernel/mqxlite.o
 .debug_abbrev  0x000016d8      0x1a4 ./MQXLITE/kernel/mqx_utils.o
 .debug_abbrev  0x0000187c      0x191 ./MQXLITE/kernel/lwsem.o
 .debug_abbrev  0x00001a0d      0x190 ./MQXLITE/kernel/int.o
 .debug_abbrev  0x00001b9d      0x12d ./MQXLITE/kernel/idletask.o
 .debug_abbrev  0x00001cca       0x14 ./MQXLITE/psp/cortex_m/core/M4/dispatch.o
 .debug_abbrev  0x00001cde       0x14 ./MQXLITE/psp/cortex_m/core/M4/boot.o
 .debug_abbrev  0x00001cf2       0xd4 ./MQXLITE/psp/cortex_m/stack_de.o
 .debug_abbrev  0x00001dc6      0x10f ./MQXLITE/psp/cortex_m/stack_bu.o
 .debug_abbrev  0x00001ed5      0x178 ./MQXLITE/psp/cortex_m/sc_irdyq.o
 .debug_abbrev  0x0000204d      0x13e ./MQXLITE/psp/cortex_m/psp_tinm.o
 .debug_abbrev  0x0000218b       0x6a ./MQXLITE/psp/cortex_m/psp_iinit.o
 .debug_abbrev  0x000021f5       0x78 ./MQXLITE/psp/cortex_m/mem_zero.o
 .debug_abbrev  0x0000226d       0xf7 ./MQXLITE/psp/cortex_m/int_vtab.o
 .debug_abbrev  0x00002364      0x117 ./MQXLITE/psp/cortex_m/int_inst.o
 .debug_abbrev  0x0000247b       0x92 ./Project_Settings/Startup_Code/__arm_start.o
 .debug_abbrev  0x0000250d       0x4c ./Project_Settings/Startup_Code/__arm_end.o
 .debug_abbrev  0x00002559      0x10b ./Sources/mqx_tasks.o
 .debug_abbrev  0x00002664       0xdd ./Sources/main.o
 .debug_abbrev  0x00002741       0x3d ./Sources/Events.o
 .debug_abbrev  0x0000277e       0x7a C:/Freescale/CW MCU v10.6/MCU/ARM_GCC_Support/ewl/lib/armv7e-m\libc.a(exit.o)
 .debug_abbrev  0x000027f8       0x62 C:/Freescale/CW MCU v10.6/MCU/ARM_GCC_Support/ewl/lib/armv7e-m\libc.a(memset.o)
 .debug_abbrev  0x0000285a      0x200 C:/Freescale/CW MCU v10.6/MCU/ARM_GCC_Support/ewl/lib/armv7e-m\libc.a(printformat_.o)
 .debug_abbrev  0x00002a5a      0x1f0 C:/Freescale/CW MCU v10.6/MCU/ARM_GCC_Support/ewl/lib/armv7e-m\libc.a(scanformat_.o)
 .debug_abbrev  0x00002c4a       0x85 C:/Freescale/CW MCU v10.6/MCU/ARM_GCC_Support/ewl/lib/armv7e-m\libc.a(ctype_aeabi.o)
 .debug_abbrev  0x00002ccf       0xc2 C:/Freescale/CW MCU v10.6/MCU/ARM_GCC_Support/ewl/lib/armv7e-m\libc.a(__strtoul.o)
 .debug_abbrev  0x00002d91       0x87 C:/Freescale/CW MCU v10.6/MCU/ARM_GCC_Support/ewl/lib/armv7e-m\libc.a(__filll_mem.o)
 .debug_abbrev  0x00002e18       0x95 C:/Freescale/CW MCU v10.6/MCU/ARM_GCC_Support/ewl/lib/armv7e-m\libc.a(memchr.o)
 .debug_abbrev  0x00002ead       0x89 C:/Freescale/CW MCU v10.6/MCU/ARM_GCC_Support/ewl/lib/armv7e-m\libc.a(strchr.o)
 .debug_abbrev  0x00002f36       0x7a C:/Freescale/CW MCU v10.6/MCU/ARM_GCC_Support/ewl/lib/armv7e-m\libc.a(strlen.o)
 .debug_abbrev  0x00002fb0       0x99 C:/Freescale/CW MCU v10.6/MCU/ARM_GCC_Support/ewl/lib/armv7e-m\librt.a(gcc_ctor_dtor.o)
 .debug_abbrev  0x00003049      0x137 C:/Freescale/CW MCU v10.6/MCU/ARM_GCC_Support/ewl/lib/armv7e-m\librt.a(ROMCopy.o)
 .debug_abbrev  0x00003180      0x1cc C:/Freescale/CW MCU v10.6/MCU/ARM_GCC_Support/ewl/lib/armv7e-m\librt.a(__arm_eabi_init.o)

.debug_aranges  0x00000000      0xc18
 .debug_aranges
                0x00000000       0x18 ./Generated_Code/Vectors.o
 .debug_aranges
                0x00000018       0x80 ./Generated_Code/Term1.o
 .debug_aranges
                0x00000098       0x60 ./Generated_Code/SystemTimer1.o
 .debug_aranges
                0x000000f8       0x30 ./Generated_Code/PE_LDD.o
 .debug_aranges
                0x00000128       0x40 ./Generated_Code/MQX1.o
 .debug_aranges
                0x00000168       0x48 ./Generated_Code/Light_Sense.o
 .debug_aranges
                0x000001b0       0x70 ./Generated_Code/IntI2cLdd1.o
 .debug_aranges
                0x00000220       0x48 ./Generated_Code/Inhr1.o
 .debug_aranges
                0x00000268       0x40 ./Generated_Code/Cpu.o
 .debug_aranges
                0x000002a8       0x60 ./Generated_Code/AdcLdd1.o
 .debug_aranges
                0x00000308       0x48 ./Generated_Code/Accel.o
 .debug_aranges
                0x00000350       0x58 ./Generated_Code/ASerialLdd1.o
 .debug_aranges
                0x000003a8       0x18 ./MQXLITE/config/task_template_list.o
 .debug_aranges
                0x000003c0       0xb8 ./MQXLITE/kernel/time_ticks.o
 .debug_aranges
                0x00000478      0x160 ./MQXLITE/kernel/task.o
 .debug_aranges
                0x000005d8       0x30 ./MQXLITE/kernel/mqxlite.o
 .debug_aranges
                0x00000608       0x60 ./MQXLITE/kernel/mqx_utils.o
 .debug_aranges
                0x00000668       0x80 ./MQXLITE/kernel/lwsem.o
 .debug_aranges
                0x000006e8       0x90 ./MQXLITE/kernel/int.o
 .debug_aranges
                0x00000778       0x20 ./MQXLITE/kernel/idletask.o
 .debug_aranges
                0x00000798       0x20 ./MQXLITE/psp/cortex_m/core/M4/dispatch.o
 .debug_aranges
                0x000007b8       0x20 ./MQXLITE/psp/cortex_m/core/M4/boot.o
 .debug_aranges
                0x000007d8       0x20 ./MQXLITE/psp/cortex_m/stack_de.o
 .debug_aranges
                0x000007f8       0x20 ./MQXLITE/psp/cortex_m/stack_bu.o
 .debug_aranges
                0x00000818       0x28 ./MQXLITE/psp/cortex_m/sc_irdyq.o
 .debug_aranges
                0x00000840       0x20 ./MQXLITE/psp/cortex_m/psp_tinm.o
 .debug_aranges
                0x00000860       0x20 ./MQXLITE/psp/cortex_m/psp_iinit.o
 .debug_aranges
                0x00000880       0x20 ./MQXLITE/psp/cortex_m/mem_zero.o
 .debug_aranges
                0x000008a0       0x28 ./MQXLITE/psp/cortex_m/int_vtab.o
 .debug_aranges
                0x000008c8       0x20 ./MQXLITE/psp/cortex_m/int_inst.o
 .debug_aranges
                0x000008e8       0x30 ./Project_Settings/Startup_Code/__arm_start.o
 .debug_aranges
                0x00000918       0x20 ./Project_Settings/Startup_Code/__arm_end.o
 .debug_aranges
                0x00000938       0x30 ./Sources/mqx_tasks.o
 .debug_aranges
                0x00000968       0x20 ./Sources/main.o
 .debug_aranges
                0x00000988       0x30 ./Sources/Events.o
 .debug_aranges
                0x000009b8       0x20 C:/Freescale/CW MCU v10.6/MCU/ARM_GCC_Support/ewl/lib/armv7e-m\libc.a(exit.o)
 .debug_aranges
                0x000009d8       0x20 C:/Freescale/CW MCU v10.6/MCU/ARM_GCC_Support/ewl/lib/armv7e-m\libc.a(memset.o)
 .debug_aranges
                0x000009f8       0x28 C:/Freescale/CW MCU v10.6/MCU/ARM_GCC_Support/ewl/lib/armv7e-m\libc.a(printformat_.o)
 .debug_aranges
                0x00000a20       0x20 C:/Freescale/CW MCU v10.6/MCU/ARM_GCC_Support/ewl/lib/armv7e-m\libc.a(scanformat_.o)
 .debug_aranges
                0x00000a40       0x88 C:/Freescale/CW MCU v10.6/MCU/ARM_GCC_Support/ewl/lib/armv7e-m\libc.a(ctype_aeabi.o)
 .debug_aranges
                0x00000ac8       0x20 C:/Freescale/CW MCU v10.6/MCU/ARM_GCC_Support/ewl/lib/armv7e-m\libc.a(__strtoul.o)
 .debug_aranges
                0x00000ae8       0x20 C:/Freescale/CW MCU v10.6/MCU/ARM_GCC_Support/ewl/lib/armv7e-m\libc.a(__filll_mem.o)
 .debug_aranges
                0x00000b08       0x20 C:/Freescale/CW MCU v10.6/MCU/ARM_GCC_Support/ewl/lib/armv7e-m\libc.a(memchr.o)
 .debug_aranges
                0x00000b28       0x20 C:/Freescale/CW MCU v10.6/MCU/ARM_GCC_Support/ewl/lib/armv7e-m\libc.a(strchr.o)
 .debug_aranges
                0x00000b48       0x20 C:/Freescale/CW MCU v10.6/MCU/ARM_GCC_Support/ewl/lib/armv7e-m\libc.a(strlen.o)
 .debug_aranges
                0x00000b68       0x28 C:/Freescale/CW MCU v10.6/MCU/ARM_GCC_Support/ewl/lib/armv7e-m\librt.a(gcc_ctor_dtor.o)
 .debug_aranges
                0x00000b90       0x30 C:/Freescale/CW MCU v10.6/MCU/ARM_GCC_Support/ewl/lib/armv7e-m\librt.a(ROMCopy.o)
 .debug_aranges
                0x00000bc0       0x58 C:/Freescale/CW MCU v10.6/MCU/ARM_GCC_Support/ewl/lib/armv7e-m\librt.a(__arm_eabi_init.o)

.debug_macinfo  0x00000000   0xa0cac9
 .debug_macinfo
                0x00000000    0x53baf ./Generated_Code/Vectors.o
 .debug_macinfo
                0x00053baf    0x44bfd ./Generated_Code/Term1.o
 .debug_macinfo
                0x000987ac    0x4e683 ./Generated_Code/SystemTimer1.o
 .debug_macinfo
                0x000e6e2f    0x53b2c ./Generated_Code/PE_LDD.o
 .debug_macinfo
                0x0013a95b    0x53c45 ./Generated_Code/MQX1.o
 .debug_macinfo
                0x0018e5a0    0x53bdd ./Generated_Code/Light_Sense.o
 .debug_macinfo
                0x001e217d    0x54103 ./Generated_Code/IntI2cLdd1.o
 .debug_macinfo
                0x00236280    0x44c24 ./Generated_Code/Inhr1.o
 .debug_macinfo
                0x0027aea4    0x53b71 ./Generated_Code/Cpu.o
 .debug_macinfo
                0x002cea15    0x5262f ./Generated_Code/AdcLdd1.o
 .debug_macinfo
                0x00321044    0x483b5 ./Generated_Code/Accel.o
 .debug_macinfo
                0x003693f9    0x5b14a ./Generated_Code/ASerialLdd1.o
 .debug_macinfo
                0x003c4543    0x53bbc ./MQXLITE/config/task_template_list.o
 .debug_macinfo
                0x004180ff    0x546bb ./MQXLITE/kernel/time_ticks.o
 .debug_macinfo
                0x0046c7ba    0x54760 ./MQXLITE/kernel/task.o
 .debug_macinfo
                0x004c0f1a    0x546f5 ./MQXLITE/kernel/mqxlite.o
 .debug_macinfo
                0x0051560f    0x546f5 ./MQXLITE/kernel/mqx_utils.o
 .debug_macinfo
                0x00569d04    0x54669 ./MQXLITE/kernel/lwsem.o
 .debug_macinfo
                0x005be36d    0x54669 ./MQXLITE/kernel/int.o
 .debug_macinfo
                0x006129d6    0x54669 ./MQXLITE/kernel/idletask.o
 .debug_macinfo
                0x0066703f    0x54669 ./MQXLITE/psp/cortex_m/stack_de.o
 .debug_macinfo
                0x006bb6a8    0x54669 ./MQXLITE/psp/cortex_m/stack_bu.o
 .debug_macinfo
                0x0070fd11    0x54669 ./MQXLITE/psp/cortex_m/sc_irdyq.o
 .debug_macinfo
                0x0076437a    0x54669 ./MQXLITE/psp/cortex_m/psp_tinm.o
 .debug_macinfo
                0x007b89e3    0x54669 ./MQXLITE/psp/cortex_m/psp_iinit.o
 .debug_macinfo
                0x0080d04c    0x54669 ./MQXLITE/psp/cortex_m/mem_zero.o
 .debug_macinfo
                0x008616b5    0x54669 ./MQXLITE/psp/cortex_m/int_vtab.o
 .debug_macinfo
                0x008b5d1e    0x54669 ./MQXLITE/psp/cortex_m/int_inst.o
 .debug_macinfo
                0x0090a387     0x3f3e ./Project_Settings/Startup_Code/__arm_start.o
 .debug_macinfo
                0x0090e2c5     0x3527 ./Project_Settings/Startup_Code/__arm_end.o
 .debug_macinfo
                0x009117ec    0x53b9f ./Sources/mqx_tasks.o
 .debug_macinfo
                0x0096538b    0x53b9f ./Sources/main.o
 .debug_macinfo
                0x009b8f2a    0x53b9f ./Sources/Events.o

.debug_line     0x00000000     0xc397
 .debug_line    0x00000000      0x5b8 ./Generated_Code/Vectors.o
 .debug_line    0x000005b8      0x3b2 ./Generated_Code/Term1.o
 .debug_line    0x0000096a      0x51a ./Generated_Code/SystemTimer1.o
 .debug_line    0x00000e84      0x513 ./Generated_Code/PE_LDD.o
 .debug_line    0x00001397      0x5b6 ./Generated_Code/MQX1.o
 .debug_line    0x0000194d      0x5a0 ./Generated_Code/Light_Sense.o
 .debug_line    0x00001eed      0x5c0 ./Generated_Code/IntI2cLdd1.o
 .debug_line    0x000024ad      0x299 ./Generated_Code/Inhr1.o
 .debug_line    0x00002746      0x64f ./Generated_Code/Cpu.o
 .debug_line    0x00002d95      0x52e ./Generated_Code/AdcLdd1.o
 .debug_line    0x000032c3      0x32f ./Generated_Code/Accel.o
 .debug_line    0x000035f2      0x539 ./Generated_Code/ASerialLdd1.o
 .debug_line    0x00003b2b      0x51d ./MQXLITE/config/task_template_list.o
 .debug_line    0x00004048      0x7d0 ./MQXLITE/kernel/time_ticks.o
 .debug_line    0x00004818      0xac8 ./MQXLITE/kernel/task.o
 .debug_line    0x000052e0      0x615 ./MQXLITE/kernel/mqxlite.o
 .debug_line    0x000058f5      0x65f ./MQXLITE/kernel/mqx_utils.o
 .debug_line    0x00005f54      0x765 ./MQXLITE/kernel/lwsem.o
 .debug_line    0x000066b9      0x6f0 ./MQXLITE/kernel/int.o
 .debug_line    0x00006da9      0x575 ./MQXLITE/kernel/idletask.o
 .debug_line    0x0000731e      0x17a ./MQXLITE/psp/cortex_m/core/M4/dispatch.o
 .debug_line    0x00007498       0x71 ./MQXLITE/psp/cortex_m/core/M4/boot.o
 .debug_line    0x00007509      0x578 ./MQXLITE/psp/cortex_m/stack_de.o
 .debug_line    0x00007a81      0x58a ./MQXLITE/psp/cortex_m/stack_bu.o
 .debug_line    0x0000800b      0x5b9 ./MQXLITE/psp/cortex_m/sc_irdyq.o
 .debug_line    0x000085c4      0x57e ./MQXLITE/psp/cortex_m/psp_tinm.o
 .debug_line    0x00008b42      0x57d ./MQXLITE/psp/cortex_m/psp_iinit.o
 .debug_line    0x000090bf      0x5bb ./MQXLITE/psp/cortex_m/mem_zero.o
 .debug_line    0x0000967a      0x58f ./MQXLITE/psp/cortex_m/int_vtab.o
 .debug_line    0x00009c09      0x57c ./MQXLITE/psp/cortex_m/int_inst.o
 .debug_line    0x0000a185      0x299 ./Project_Settings/Startup_Code/__arm_start.o
 .debug_line    0x0000a41e      0x266 ./Project_Settings/Startup_Code/__arm_end.o
 .debug_line    0x0000a684      0x525 ./Sources/mqx_tasks.o
 .debug_line    0x0000aba9      0x4e7 ./Sources/main.o
 .debug_line    0x0000b090      0x500 ./Sources/Events.o
 .debug_line    0x0000b590       0x94 C:/Freescale/CW MCU v10.6/MCU/ARM_GCC_Support/ewl/lib/armv7e-m\libc.a(exit.o)
 .debug_line    0x0000b624       0x8f C:/Freescale/CW MCU v10.6/MCU/ARM_GCC_Support/ewl/lib/armv7e-m\libc.a(memset.o)
 .debug_line    0x0000b6b3      0x2b4 C:/Freescale/CW MCU v10.6/MCU/ARM_GCC_Support/ewl/lib/armv7e-m\libc.a(printformat_.o)
 .debug_line    0x0000b967      0x2df C:/Freescale/CW MCU v10.6/MCU/ARM_GCC_Support/ewl/lib/armv7e-m\libc.a(scanformat_.o)
 .debug_line    0x0000bc46      0x1a9 C:/Freescale/CW MCU v10.6/MCU/ARM_GCC_Support/ewl/lib/armv7e-m\libc.a(ctype_aeabi.o)
 .debug_line    0x0000bdef      0x11b C:/Freescale/CW MCU v10.6/MCU/ARM_GCC_Support/ewl/lib/armv7e-m\libc.a(__strtoul.o)
 .debug_line    0x0000bf0a       0xcd C:/Freescale/CW MCU v10.6/MCU/ARM_GCC_Support/ewl/lib/armv7e-m\libc.a(__filll_mem.o)
 .debug_line    0x0000bfd7       0x9f C:/Freescale/CW MCU v10.6/MCU/ARM_GCC_Support/ewl/lib/armv7e-m\libc.a(memchr.o)
 .debug_line    0x0000c076       0x7d C:/Freescale/CW MCU v10.6/MCU/ARM_GCC_Support/ewl/lib/armv7e-m\libc.a(strchr.o)
 .debug_line    0x0000c0f3       0x83 C:/Freescale/CW MCU v10.6/MCU/ARM_GCC_Support/ewl/lib/armv7e-m\libc.a(strlen.o)
 .debug_line    0x0000c176       0x67 C:/Freescale/CW MCU v10.6/MCU/ARM_GCC_Support/ewl/lib/armv7e-m\librt.a(gcc_ctor_dtor.o)
 .debug_line    0x0000c1dd       0xa9 C:/Freescale/CW MCU v10.6/MCU/ARM_GCC_Support/ewl/lib/armv7e-m\librt.a(ROMCopy.o)
 .debug_line    0x0000c286      0x111 C:/Freescale/CW MCU v10.6/MCU/ARM_GCC_Support/ewl/lib/armv7e-m\librt.a(__arm_eabi_init.o)

.debug_str      0x00000000     0x3db1
 .debug_str     0x00000000      0x435 ./Generated_Code/Vectors.o
                                0x468 (size before relaxing)
 .debug_str     0x00000435      0x12b ./Generated_Code/Term1.o
                                0x25a (size before relaxing)
 .debug_str     0x00000560      0x2ed ./Generated_Code/SystemTimer1.o
                                0x71f (size before relaxing)
 .debug_str     0x0000084d      0x17a ./Generated_Code/PE_LDD.o
                                0x5db (size before relaxing)
 .debug_str     0x000009c7      0xa44 ./Generated_Code/MQX1.o
                                0xf48 (size before relaxing)
 .debug_str     0x0000140b      0x111 ./Generated_Code/Light_Sense.o
                                0x57a (size before relaxing)
 .debug_str     0x0000151c      0x3fd ./Generated_Code/IntI2cLdd1.o
                                0x61d (size before relaxing)
 .debug_str     0x00001919       0xc5 ./Generated_Code/Inhr1.o
                                0x23c (size before relaxing)
 .debug_str     0x000019de      0x208 ./Generated_Code/Cpu.o
                                0x9a8 (size before relaxing)
 .debug_str     0x00001be6      0x225 ./Generated_Code/AdcLdd1.o
                                0x5a5 (size before relaxing)
 .debug_str     0x00001e0b       0xc3 ./Generated_Code/Accel.o
                                0x319 (size before relaxing)
 .debug_str     0x00001ece      0x22d ./Generated_Code/ASerialLdd1.o
                                0x529 (size before relaxing)
 .debug_str     0x000020fb       0x27 ./MQXLITE/config/task_template_list.o
                                0x507 (size before relaxing)
 .debug_str     0x00002122      0x2be ./MQXLITE/kernel/time_ticks.o
                                0xccb (size before relaxing)
 .debug_str     0x000023e0      0x6d5 ./MQXLITE/kernel/task.o
                               0x147e (size before relaxing)
 .debug_str     0x00002ab5      0x132 ./MQXLITE/kernel/mqxlite.o
                                0xeb1 (size before relaxing)
 .debug_str     0x00002be7      0x147 ./MQXLITE/kernel/mqx_utils.o
                                0xb56 (size before relaxing)
 .debug_str     0x00002d2e      0x145 ./MQXLITE/kernel/lwsem.o
                                0xbd5 (size before relaxing)
 .debug_str     0x00002e73      0x1c0 ./MQXLITE/kernel/int.o
                                0xc2d (size before relaxing)
 .debug_str     0x00003033       0x2c ./MQXLITE/kernel/idletask.o
                                0x9f3 (size before relaxing)
 .debug_str     0x0000305f       0x3c ./MQXLITE/psp/cortex_m/stack_de.o
                                0x405 (size before relaxing)
 .debug_str     0x0000309b       0x59 ./MQXLITE/psp/cortex_m/stack_bu.o
                                0x564 (size before relaxing)
 .debug_str     0x000030f4       0x6a ./MQXLITE/psp/cortex_m/sc_irdyq.o
                                0xb2f (size before relaxing)
 .debug_str     0x0000315e       0x38 ./MQXLITE/psp/cortex_m/psp_tinm.o
                                0xa39 (size before relaxing)
 .debug_str     0x00003196       0x32 ./MQXLITE/psp/cortex_m/psp_iinit.o
                                0x195 (size before relaxing)
 .debug_str     0x000031c8       0x83 ./MQXLITE/psp/cortex_m/mem_zero.o
                                0x1bb (size before relaxing)
 .debug_str     0x0000324b      0x148 ./MQXLITE/psp/cortex_m/int_vtab.o
                                0x2ae (size before relaxing)
 .debug_str     0x00003393       0x34 ./MQXLITE/psp/cortex_m/int_inst.o
                                0x9f1 (size before relaxing)
 .debug_str     0x000033c7       0x85 ./Project_Settings/Startup_Code/__arm_start.o
                                0x197 (size before relaxing)
 .debug_str     0x0000344c       0x41 ./Project_Settings/Startup_Code/__arm_end.o
                                 0xce (size before relaxing)
 .debug_str     0x0000348d       0x5c ./Sources/mqx_tasks.o
                                0x52f (size before relaxing)
 .debug_str     0x000034e9       0x32 ./Sources/main.o
                                0x4eb (size before relaxing)
 .debug_str     0x0000351b       0x50 ./Sources/Events.o
                                0x162 (size before relaxing)
 .debug_str     0x0000356b       0x54 C:/Freescale/CW MCU v10.6/MCU/ARM_GCC_Support/ewl/lib/armv7e-m\libc.a(exit.o)
                                0x157 (size before relaxing)
 .debug_str     0x000035bf       0x23 C:/Freescale/CW MCU v10.6/MCU/ARM_GCC_Support/ewl/lib/armv7e-m\libc.a(memset.o)
                                0x140 (size before relaxing)
 .debug_str     0x000035e2      0x23b C:/Freescale/CW MCU v10.6/MCU/ARM_GCC_Support/ewl/lib/armv7e-m\libc.a(printformat_.o)
                                0x3b3 (size before relaxing)
 .debug_str     0x0000381d      0x184 C:/Freescale/CW MCU v10.6/MCU/ARM_GCC_Support/ewl/lib/armv7e-m\libc.a(scanformat_.o)
                                0x3f9 (size before relaxing)
 .debug_str     0x000039a1       0x9d C:/Freescale/CW MCU v10.6/MCU/ARM_GCC_Support/ewl/lib/armv7e-m\libc.a(ctype_aeabi.o)
                                0x1bc (size before relaxing)
 .debug_str     0x00003a3e       0x55 C:/Freescale/CW MCU v10.6/MCU/ARM_GCC_Support/ewl/lib/armv7e-m\libc.a(__strtoul.o)
                                0x1fb (size before relaxing)
 .debug_str     0x00003a93       0x25 C:/Freescale/CW MCU v10.6/MCU/ARM_GCC_Support/ewl/lib/armv7e-m\libc.a(__filll_mem.o)
                                0x152 (size before relaxing)
 .debug_str     0x00003ab8       0x1c C:/Freescale/CW MCU v10.6/MCU/ARM_GCC_Support/ewl/lib/armv7e-m\libc.a(memchr.o)
                                0x148 (size before relaxing)
 .debug_str     0x00003ad4       0x1c C:/Freescale/CW MCU v10.6/MCU/ARM_GCC_Support/ewl/lib/armv7e-m\libc.a(strchr.o)
                                0x137 (size before relaxing)
 .debug_str     0x00003af0       0x1c C:/Freescale/CW MCU v10.6/MCU/ARM_GCC_Support/ewl/lib/armv7e-m\libc.a(strlen.o)
                                0x140 (size before relaxing)
 .debug_str     0x00003b0c      0x126 C:/Freescale/CW MCU v10.6/MCU/ARM_GCC_Support/ewl/lib/armv7e-m\librt.a(gcc_ctor_dtor.o)
                                0x181 (size before relaxing)
 .debug_str     0x00003c32       0x96 C:/Freescale/CW MCU v10.6/MCU/ARM_GCC_Support/ewl/lib/armv7e-m\librt.a(ROMCopy.o)
                                0x13c (size before relaxing)
 .debug_str     0x00003cc8       0xe9 C:/Freescale/CW MCU v10.6/MCU/ARM_GCC_Support/ewl/lib/armv7e-m\librt.a(__arm_eabi_init.o)
                                0x1b5 (size before relaxing)

.comment        0x00000000       0x79
 .comment       0x00000000       0x79 ./Generated_Code/Vectors.o
                                 0x7a (size before relaxing)
 .comment       0x00000000       0x7a ./Generated_Code/Term1.o
 .comment       0x00000000       0x7a ./Generated_Code/SystemTimer1.o
 .comment       0x00000000       0x7a ./Generated_Code/PE_LDD.o
 .comment       0x00000000       0x7a ./Generated_Code/MQX1.o
 .comment       0x00000000       0x7a ./Generated_Code/Light_Sense.o
 .comment       0x00000000       0x7a ./Generated_Code/IntI2cLdd1.o
 .comment       0x00000000       0x7a ./Generated_Code/Inhr1.o
 .comment       0x00000000       0x7a ./Generated_Code/Cpu.o
 .comment       0x00000000       0x7a ./Generated_Code/AdcLdd1.o
 .comment       0x00000000       0x7a ./Generated_Code/Accel.o
 .comment       0x00000000       0x7a ./Generated_Code/ASerialLdd1.o
 .comment       0x00000000       0x7a ./MQXLITE/config/task_template_list.o
 .comment       0x00000000       0x7a ./MQXLITE/kernel/time_ticks.o
 .comment       0x00000000       0x7a ./MQXLITE/kernel/task.o
 .comment       0x00000000       0x7a ./MQXLITE/kernel/mqxlite.o
 .comment       0x00000000       0x7a ./MQXLITE/kernel/mqx_utils.o
 .comment       0x00000000       0x7a ./MQXLITE/kernel/lwsem.o
 .comment       0x00000000       0x7a ./MQXLITE/kernel/int.o
 .comment       0x00000000       0x7a ./MQXLITE/kernel/idletask.o
 .comment       0x00000000       0x7a ./MQXLITE/psp/cortex_m/stack_de.o
 .comment       0x00000000       0x7a ./MQXLITE/psp/cortex_m/stack_bu.o
 .comment       0x00000000       0x7a ./MQXLITE/psp/cortex_m/sc_irdyq.o
 .comment       0x00000000       0x7a ./MQXLITE/psp/cortex_m/psp_tinm.o
 .comment       0x00000000       0x7a ./MQXLITE/psp/cortex_m/psp_iinit.o
 .comment       0x00000000       0x7a ./MQXLITE/psp/cortex_m/mem_zero.o
 .comment       0x00000000       0x7a ./MQXLITE/psp/cortex_m/int_vtab.o
 .comment       0x00000000       0x7a ./MQXLITE/psp/cortex_m/int_inst.o
 .comment       0x00000000       0x7a ./Project_Settings/Startup_Code/__arm_start.o
 .comment       0x00000000       0x7a ./Project_Settings/Startup_Code/__arm_end.o
 .comment       0x00000000       0x7a ./Sources/mqx_tasks.o
 .comment       0x00000000       0x7a ./Sources/main.o
 .comment       0x00000000       0x7a ./Sources/Events.o
 .comment       0x00000000       0x7a C:/Freescale/CW MCU v10.6/MCU/ARM_GCC_Support/ewl/lib/armv7e-m\libc.a(exit.o)
 .comment       0x00000000       0x7a C:/Freescale/CW MCU v10.6/MCU/ARM_GCC_Support/ewl/lib/armv7e-m\libc.a(memset.o)
 .comment       0x00000000       0x7a C:/Freescale/CW MCU v10.6/MCU/ARM_GCC_Support/ewl/lib/armv7e-m\libc.a(printformat_.o)
 .comment       0x00000000       0x7a C:/Freescale/CW MCU v10.6/MCU/ARM_GCC_Support/ewl/lib/armv7e-m\libc.a(scanformat_.o)
 .comment       0x00000000       0x7a C:/Freescale/CW MCU v10.6/MCU/ARM_GCC_Support/ewl/lib/armv7e-m\libc.a(ctype_aeabi.o)
 .comment       0x00000000       0x7a C:/Freescale/CW MCU v10.6/MCU/ARM_GCC_Support/ewl/lib/armv7e-m\libc.a(__strtoul.o)
 .comment       0x00000000       0x7a C:/Freescale/CW MCU v10.6/MCU/ARM_GCC_Support/ewl/lib/armv7e-m\libc.a(__filll_mem.o)
 .comment       0x00000000       0x7a C:/Freescale/CW MCU v10.6/MCU/ARM_GCC_Support/ewl/lib/armv7e-m\libc.a(memchr.o)
 .comment       0x00000000       0x7a C:/Freescale/CW MCU v10.6/MCU/ARM_GCC_Support/ewl/lib/armv7e-m\libc.a(strchr.o)
 .comment       0x00000000       0x7a C:/Freescale/CW MCU v10.6/MCU/ARM_GCC_Support/ewl/lib/armv7e-m\libc.a(strlen.o)
 .comment       0x00000000       0x7a C:/Freescale/CW MCU v10.6/MCU/ARM_GCC_Support/ewl/lib/armv7e-m\librt.a(gcc_ctor_dtor.o)
 .comment       0x00000000       0x7a C:/Freescale/CW MCU v10.6/MCU/ARM_GCC_Support/ewl/lib/armv7e-m\librt.a(ROMCopy.o)
 .comment       0x00000000       0x7a C:/Freescale/CW MCU v10.6/MCU/ARM_GCC_Support/ewl/lib/armv7e-m\librt.a(__arm_eabi_init.o)

.debug_loc      0x00000000     0x48f5
 .debug_loc     0x00000000      0x2a8 ./Generated_Code/Term1.o
 .debug_loc     0x000002a8      0x1f8 ./Generated_Code/SystemTimer1.o
 .debug_loc     0x000004a0       0x9c ./Generated_Code/PE_LDD.o
 .debug_loc     0x0000053c      0x118 ./Generated_Code/MQX1.o
 .debug_loc     0x00000654      0x138 ./Generated_Code/Light_Sense.o
 .debug_loc     0x0000078c      0x268 ./Generated_Code/IntI2cLdd1.o
 .debug_loc     0x000009f4      0x12c ./Generated_Code/Inhr1.o
 .debug_loc     0x00000b20       0xe8 ./Generated_Code/Cpu.o
 .debug_loc     0x00000c08      0x1f8 ./Generated_Code/AdcLdd1.o
 .debug_loc     0x00000e00      0x144 ./Generated_Code/Accel.o
 .debug_loc     0x00000f44      0x1c0 ./Generated_Code/ASerialLdd1.o
 .debug_loc     0x00001104      0x40c ./MQXLITE/kernel/time_ticks.o
 .debug_loc     0x00001510      0x8c6 ./MQXLITE/kernel/task.o
 .debug_loc     0x00001dd6       0xa8 ./MQXLITE/kernel/mqxlite.o
 .debug_loc     0x00001e7e      0x1ec ./MQXLITE/kernel/mqx_utils.o
 .debug_loc     0x0000206a      0x2d8 ./MQXLITE/kernel/lwsem.o
 .debug_loc     0x00002342      0x348 ./MQXLITE/kernel/int.o
 .debug_loc     0x0000268a       0x38 ./MQXLITE/kernel/idletask.o
 .debug_loc     0x000026c2       0x38 ./MQXLITE/psp/cortex_m/stack_de.o
 .debug_loc     0x000026fa       0x38 ./MQXLITE/psp/cortex_m/stack_bu.o
 .debug_loc     0x00002732       0x70 ./MQXLITE/psp/cortex_m/sc_irdyq.o
 .debug_loc     0x000027a2       0x38 ./MQXLITE/psp/cortex_m/psp_tinm.o
 .debug_loc     0x000027da       0x38 ./MQXLITE/psp/cortex_m/psp_iinit.o
 .debug_loc     0x00002812       0x38 ./MQXLITE/psp/cortex_m/mem_zero.o
 .debug_loc     0x0000284a       0x64 ./MQXLITE/psp/cortex_m/int_vtab.o
 .debug_loc     0x000028ae       0x38 ./MQXLITE/psp/cortex_m/int_inst.o
 .debug_loc     0x000028e6       0x2c ./Project_Settings/Startup_Code/__arm_start.o
 .debug_loc     0x00002912       0x38 ./Project_Settings/Startup_Code/__arm_end.o
 .debug_loc     0x0000294a       0xa8 ./Sources/mqx_tasks.o
 .debug_loc     0x000029f2       0x38 ./Sources/main.o
 .debug_loc     0x00002a2a       0x84 ./Sources/Events.o
 .debug_loc     0x00002aae       0x3e C:/Freescale/CW MCU v10.6/MCU/ARM_GCC_Support/ewl/lib/armv7e-m\libc.a(exit.o)
 .debug_loc     0x00002aec       0x64 C:/Freescale/CW MCU v10.6/MCU/ARM_GCC_Support/ewl/lib/armv7e-m\libc.a(memset.o)
 .debug_loc     0x00002b50      0xbdc C:/Freescale/CW MCU v10.6/MCU/ARM_GCC_Support/ewl/lib/armv7e-m\libc.a(printformat_.o)
 .debug_loc     0x0000372c      0x8b6 C:/Freescale/CW MCU v10.6/MCU/ARM_GCC_Support/ewl/lib/armv7e-m\libc.a(scanformat_.o)
 .debug_loc     0x00003fe2      0x18e C:/Freescale/CW MCU v10.6/MCU/ARM_GCC_Support/ewl/lib/armv7e-m\libc.a(ctype_aeabi.o)
 .debug_loc     0x00004170      0x2bb C:/Freescale/CW MCU v10.6/MCU/ARM_GCC_Support/ewl/lib/armv7e-m\libc.a(__strtoul.o)
 .debug_loc     0x0000442b      0x12c C:/Freescale/CW MCU v10.6/MCU/ARM_GCC_Support/ewl/lib/armv7e-m\libc.a(__filll_mem.o)
 .debug_loc     0x00004557       0x62 C:/Freescale/CW MCU v10.6/MCU/ARM_GCC_Support/ewl/lib/armv7e-m\libc.a(memchr.o)
 .debug_loc     0x000045b9       0x7c C:/Freescale/CW MCU v10.6/MCU/ARM_GCC_Support/ewl/lib/armv7e-m\libc.a(strchr.o)
 .debug_loc     0x00004635       0x26 C:/Freescale/CW MCU v10.6/MCU/ARM_GCC_Support/ewl/lib/armv7e-m\libc.a(strlen.o)
 .debug_loc     0x0000465b       0x9d C:/Freescale/CW MCU v10.6/MCU/ARM_GCC_Support/ewl/lib/armv7e-m\librt.a(gcc_ctor_dtor.o)
 .debug_loc     0x000046f8       0xb9 C:/Freescale/CW MCU v10.6/MCU/ARM_GCC_Support/ewl/lib/armv7e-m\librt.a(ROMCopy.o)
 .debug_loc     0x000047b1      0x144 C:/Freescale/CW MCU v10.6/MCU/ARM_GCC_Support/ewl/lib/armv7e-m\librt.a(__arm_eabi_init.o)

.debug_frame    0x00000000     0x1df0
 .debug_frame   0x00000000      0x19c ./Generated_Code/Term1.o
 .debug_frame   0x0000019c      0x11c ./Generated_Code/SystemTimer1.o
 .debug_frame   0x000002b8       0x64 ./Generated_Code/PE_LDD.o
 .debug_frame   0x0000031c       0xb0 ./Generated_Code/MQX1.o
 .debug_frame   0x000003cc       0xc4 ./Generated_Code/Light_Sense.o
 .debug_frame   0x00000490      0x148 ./Generated_Code/IntI2cLdd1.o
 .debug_frame   0x000005d8       0xc0 ./Generated_Code/Inhr1.o
 .debug_frame   0x00000698       0x9c ./Generated_Code/Cpu.o
 .debug_frame   0x00000734      0x118 ./Generated_Code/AdcLdd1.o
 .debug_frame   0x0000084c       0xcc ./Generated_Code/Accel.o
 .debug_frame   0x00000918      0x100 ./Generated_Code/ASerialLdd1.o
 .debug_frame   0x00000a18      0x2a0 ./MQXLITE/kernel/time_ticks.o
 .debug_frame   0x00000cb8      0x50c ./MQXLITE/kernel/task.o
 .debug_frame   0x000011c4       0x74 ./MQXLITE/kernel/mqxlite.o
 .debug_frame   0x00001238      0x110 ./MQXLITE/kernel/mqx_utils.o
 .debug_frame   0x00001348      0x1b0 ./MQXLITE/kernel/lwsem.o
 .debug_frame   0x000014f8      0x1d8 ./MQXLITE/kernel/int.o
 .debug_frame   0x000016d0       0x2c ./MQXLITE/kernel/idletask.o
 .debug_frame   0x000016fc       0x2c ./MQXLITE/psp/cortex_m/stack_de.o
 .debug_frame   0x00001728       0x30 ./MQXLITE/psp/cortex_m/stack_bu.o
 .debug_frame   0x00001758       0x48 ./MQXLITE/psp/cortex_m/sc_irdyq.o
 .debug_frame   0x000017a0       0x30 ./MQXLITE/psp/cortex_m/psp_tinm.o
 .debug_frame   0x000017d0       0x30 ./MQXLITE/psp/cortex_m/psp_iinit.o
 .debug_frame   0x00001800       0x30 ./MQXLITE/psp/cortex_m/mem_zero.o
 .debug_frame   0x00001830       0x44 ./MQXLITE/psp/cortex_m/int_vtab.o
 .debug_frame   0x00001874       0x30 ./MQXLITE/psp/cortex_m/int_inst.o
 .debug_frame   0x000018a4       0x4c ./Project_Settings/Startup_Code/__arm_start.o
 .debug_frame   0x000018f0       0x2c ./Project_Settings/Startup_Code/__arm_end.o
 .debug_frame   0x0000191c       0x70 ./Sources/mqx_tasks.o
 .debug_frame   0x0000198c       0x30 ./Sources/main.o
 .debug_frame   0x000019bc       0x58 ./Sources/Events.o
 .debug_frame   0x00001a14       0x28 C:/Freescale/CW MCU v10.6/MCU/ARM_GCC_Support/ewl/lib/armv7e-m\libc.a(exit.o)
 .debug_frame   0x00001a3c       0x28 C:/Freescale/CW MCU v10.6/MCU/ARM_GCC_Support/ewl/lib/armv7e-m\libc.a(memset.o)
 .debug_frame   0x00001a64       0x64 C:/Freescale/CW MCU v10.6/MCU/ARM_GCC_Support/ewl/lib/armv7e-m\libc.a(printformat_.o)
 .debug_frame   0x00001ac8       0x3c C:/Freescale/CW MCU v10.6/MCU/ARM_GCC_Support/ewl/lib/armv7e-m\libc.a(scanformat_.o)
 .debug_frame   0x00001b04       0xf0 C:/Freescale/CW MCU v10.6/MCU/ARM_GCC_Support/ewl/lib/armv7e-m\libc.a(ctype_aeabi.o)
 .debug_frame   0x00001bf4       0x3c C:/Freescale/CW MCU v10.6/MCU/ARM_GCC_Support/ewl/lib/armv7e-m\libc.a(__strtoul.o)
 .debug_frame   0x00001c30       0x2c C:/Freescale/CW MCU v10.6/MCU/ARM_GCC_Support/ewl/lib/armv7e-m\libc.a(__filll_mem.o)
 .debug_frame   0x00001c5c       0x20 C:/Freescale/CW MCU v10.6/MCU/ARM_GCC_Support/ewl/lib/armv7e-m\libc.a(memchr.o)
 .debug_frame   0x00001c7c       0x20 C:/Freescale/CW MCU v10.6/MCU/ARM_GCC_Support/ewl/lib/armv7e-m\libc.a(strchr.o)
 .debug_frame   0x00001c9c       0x20 C:/Freescale/CW MCU v10.6/MCU/ARM_GCC_Support/ewl/lib/armv7e-m\libc.a(strlen.o)
 .debug_frame   0x00001cbc       0x40 C:/Freescale/CW MCU v10.6/MCU/ARM_GCC_Support/ewl/lib/armv7e-m\librt.a(gcc_ctor_dtor.o)
 .debug_frame   0x00001cfc       0x48 C:/Freescale/CW MCU v10.6/MCU/ARM_GCC_Support/ewl/lib/armv7e-m\librt.a(ROMCopy.o)
 .debug_frame   0x00001d44       0xac C:/Freescale/CW MCU v10.6/MCU/ARM_GCC_Support/ewl/lib/armv7e-m\librt.a(__arm_eabi_init.o)
