Archive member included because of file (symbol)

C:/Freescale/CW MCU v10.6/MCU/ARM_GCC_Support/ewl/lib/armv7e-m\libc.a(printformat_.o)
                              (__pformatter_)
C:/Freescale/CW MCU v10.6/MCU/ARM_GCC_Support/ewl/lib/armv7e-m\libc.a(scanformat_.o)
                              (__sformatter)
C:/Freescale/CW MCU v10.6/MCU/ARM_GCC_Support/ewl/lib/armv7e-m\libc.a(ctype_aeabi.o)
                              C:/Freescale/CW MCU v10.6/MCU/ARM_GCC_Support/ewl/lib/armv7e-m\libc.a(scanformat_.o) (isspace)
C:/Freescale/CW MCU v10.6/MCU/ARM_GCC_Support/ewl/lib/armv7e-m\libc.a(__strtoul.o)
                              C:/Freescale/CW MCU v10.6/MCU/ARM_GCC_Support/ewl/lib/armv7e-m\libc.a(scanformat_.o) (__strtoul)
C:/Freescale/CW MCU v10.6/MCU/ARM_GCC_Support/ewl/lib/armv7e-m\libc.a(memchr.o)
                              C:/Freescale/CW MCU v10.6/MCU/ARM_GCC_Support/ewl/lib/armv7e-m\libc.a(printformat_.o) (memchr)
C:/Freescale/CW MCU v10.6/MCU/ARM_GCC_Support/ewl/lib/armv7e-m\libc.a(memset.o)
                              C:/Freescale/CW MCU v10.6/MCU/ARM_GCC_Support/ewl/lib/armv7e-m\libc.a(scanformat_.o) (memset)
C:/Freescale/CW MCU v10.6/MCU/ARM_GCC_Support/ewl/lib/armv7e-m\libc.a(strchr.o)
                              C:/Freescale/CW MCU v10.6/MCU/ARM_GCC_Support/ewl/lib/armv7e-m\libc.a(printformat_.o) (strchr)
C:/Freescale/CW MCU v10.6/MCU/ARM_GCC_Support/ewl/lib/armv7e-m\libc.a(strlen.o)
                              C:/Freescale/CW MCU v10.6/MCU/ARM_GCC_Support/ewl/lib/armv7e-m\libc.a(printformat_.o) (strlen)
C:/Freescale/CW MCU v10.6/MCU/ARM_GCC_Support/ewl/lib/armv7e-m\libc.a(__filll_mem.o)
                              C:/Freescale/CW MCU v10.6/MCU/ARM_GCC_Support/ewl/lib/armv7e-m\libc.a(memset.o) (__fill_mem)
c:/freescale/cw mcu v10.6/cross_tools/arm-none-eabi-gcc-4_7_3/bin/../lib/gcc/arm-none-eabi/4.7.3/armv7e-m\libgcc.a(_arm_addsubsf3.o)
                              ./Generated_Code/PwmLdd3.o (__aeabi_i2f)
c:/freescale/cw mcu v10.6/cross_tools/arm-none-eabi-gcc-4_7_3/bin/../lib/gcc/arm-none-eabi/4.7.3/armv7e-m\libgcc.a(_arm_muldivsf3.o)
                              ./Generated_Code/PwmLdd3.o (__aeabi_fmul)
c:/freescale/cw mcu v10.6/cross_tools/arm-none-eabi-gcc-4_7_3/bin/../lib/gcc/arm-none-eabi/4.7.3/armv7e-m\libgcc.a(_arm_cmpsf2.o)
                              ./Generated_Code/PwmLdd3.o (__aeabi_fcmpgt)
c:/freescale/cw mcu v10.6/cross_tools/arm-none-eabi-gcc-4_7_3/bin/../lib/gcc/arm-none-eabi/4.7.3/armv7e-m\libgcc.a(_arm_fixunssfsi.o)
                              ./Generated_Code/PwmLdd3.o (__aeabi_f2uiz)

Allocating common symbols
Common symbol       size              file

AD1_OutV            0x2               ./Generated_Code/AD1.o
AdcLdd1_DeviceDataPtr
                    0x4               ./Generated_Code/AD1.o
SR_reg              0x1               ./Generated_Code/Cpu.o

Discarded input sections

 .text          0x00000000        0x0 ./Generated_Code/Vectors.o
 .data          0x00000000        0x0 ./Generated_Code/Vectors.o
 .bss           0x00000000        0x0 ./Generated_Code/Vectors.o
 .text          0x00000000        0x0 ./Generated_Code/TU1.o
 .data          0x00000000        0x0 ./Generated_Code/TU1.o
 .bss           0x00000000        0x0 ./Generated_Code/TU1.o
 .rodata.ChannelDevice
                0x00000000        0x4 ./Generated_Code/TU1.o
 .rodata.ChannelMode
                0x00000000        0x4 ./Generated_Code/TU1.o
 .bss.DeviceDataPrv__DEFAULT_RTOS_ALLOC
                0x00000000        0x8 ./Generated_Code/TU1.o
 .text.TU1_Init
                0x00000000      0x210 ./Generated_Code/TU1.o
 .text.TU1_GetPeriodTicks
                0x00000000       0x34 ./Generated_Code/TU1.o
 .text.TU1_GetCounterValue
                0x00000000       0x20 ./Generated_Code/TU1.o
 .text.TU1_SetOffsetTicks
                0x00000000       0x64 ./Generated_Code/TU1.o
 .text.TU1_GetOffsetTicks
                0x00000000       0x68 ./Generated_Code/TU1.o
 .text.TU1_SelectOutputAction
                0x00000000      0x33c ./Generated_Code/TU1.o
 .debug_info    0x00000000      0x7db ./Generated_Code/TU1.o
 .debug_abbrev  0x00000000      0x17e ./Generated_Code/TU1.o
 .debug_loc     0x00000000      0x150 ./Generated_Code/TU1.o
 .debug_aranges
                0x00000000       0x48 ./Generated_Code/TU1.o
 .debug_macinfo
                0x00000000    0x4e134 ./Generated_Code/TU1.o
 .debug_line    0x00000000      0x333 ./Generated_Code/TU1.o
 .debug_str     0x00000000      0x4b1 ./Generated_Code/TU1.o
 .comment       0x00000000       0x7a ./Generated_Code/TU1.o
 .ARM.attributes
                0x00000000       0x33 ./Generated_Code/TU1.o
 .debug_frame   0x00000000       0xbc ./Generated_Code/TU1.o
 .text          0x00000000        0x0 ./Generated_Code/PwmLdd3.o
 .data          0x00000000        0x0 ./Generated_Code/PwmLdd3.o
 .bss           0x00000000        0x0 ./Generated_Code/PwmLdd3.o
 .bss.DeviceDataPrv__DEFAULT_RTOS_ALLOC
                0x00000000        0xc ./Generated_Code/PwmLdd3.o
 .text.PwmLdd3_Init
                0x00000000       0x6c ./Generated_Code/PwmLdd3.o
 .text.PwmLdd3_SetRatio16
                0x00000000       0x2c ./Generated_Code/PwmLdd3.o
 .text.PwmLdd3_SetDutyUS
                0x00000000       0x7c ./Generated_Code/PwmLdd3.o
 .text.PwmLdd3_SetDutyMS
                0x00000000       0x78 ./Generated_Code/PwmLdd3.o
 .text.SetRatio
                0x00000000       0x58 ./Generated_Code/PwmLdd3.o
 .debug_info    0x00000000      0x2cc ./Generated_Code/PwmLdd3.o
 .debug_abbrev  0x00000000      0x114 ./Generated_Code/PwmLdd3.o
 .debug_loc     0x00000000      0x118 ./Generated_Code/PwmLdd3.o
 .debug_aranges
                0x00000000       0x40 ./Generated_Code/PwmLdd3.o
 .debug_macinfo
                0x00000000    0x4e231 ./Generated_Code/PwmLdd3.o
 .debug_line    0x00000000      0x2ed ./Generated_Code/PwmLdd3.o
 .debug_str     0x00000000      0x27e ./Generated_Code/PwmLdd3.o
 .comment       0x00000000       0x7a ./Generated_Code/PwmLdd3.o
 .ARM.attributes
                0x00000000       0x33 ./Generated_Code/PwmLdd3.o
 .debug_frame   0x00000000       0xb0 ./Generated_Code/PwmLdd3.o
 .text          0x00000000        0x0 ./Generated_Code/PwmLdd2.o
 .data          0x00000000        0x0 ./Generated_Code/PwmLdd2.o
 .bss           0x00000000        0x0 ./Generated_Code/PwmLdd2.o
 .bss.DeviceDataPrv__DEFAULT_RTOS_ALLOC
                0x00000000        0xc ./Generated_Code/PwmLdd2.o
 .text.PwmLdd2_Init
                0x00000000       0x6c ./Generated_Code/PwmLdd2.o
 .text.PwmLdd2_SetRatio16
                0x00000000       0x2c ./Generated_Code/PwmLdd2.o
 .text.PwmLdd2_SetDutyUS
                0x00000000       0x7c ./Generated_Code/PwmLdd2.o
 .text.PwmLdd2_SetDutyMS
                0x00000000       0x78 ./Generated_Code/PwmLdd2.o
 .text.SetRatio
                0x00000000       0x58 ./Generated_Code/PwmLdd2.o
 .debug_info    0x00000000      0x2cc ./Generated_Code/PwmLdd2.o
 .debug_abbrev  0x00000000      0x114 ./Generated_Code/PwmLdd2.o
 .debug_loc     0x00000000      0x118 ./Generated_Code/PwmLdd2.o
 .debug_aranges
                0x00000000       0x40 ./Generated_Code/PwmLdd2.o
 .debug_macinfo
                0x00000000    0x4e231 ./Generated_Code/PwmLdd2.o
 .debug_line    0x00000000      0x2ed ./Generated_Code/PwmLdd2.o
 .debug_str     0x00000000      0x27e ./Generated_Code/PwmLdd2.o
 .comment       0x00000000       0x7a ./Generated_Code/PwmLdd2.o
 .ARM.attributes
                0x00000000       0x33 ./Generated_Code/PwmLdd2.o
 .debug_frame   0x00000000       0xb0 ./Generated_Code/PwmLdd2.o
 .text          0x00000000        0x0 ./Generated_Code/PwmLdd1.o
 .data          0x00000000        0x0 ./Generated_Code/PwmLdd1.o
 .bss           0x00000000        0x0 ./Generated_Code/PwmLdd1.o
 .bss.DeviceDataPrv__DEFAULT_RTOS_ALLOC
                0x00000000        0xc ./Generated_Code/PwmLdd1.o
 .text.PwmLdd1_Init
                0x00000000       0x6c ./Generated_Code/PwmLdd1.o
 .text.PwmLdd1_SetRatio16
                0x00000000       0x2c ./Generated_Code/PwmLdd1.o
 .text.PwmLdd1_SetDutyUS
                0x00000000       0x7c ./Generated_Code/PwmLdd1.o
 .text.PwmLdd1_SetDutyMS
                0x00000000       0x78 ./Generated_Code/PwmLdd1.o
 .text.SetRatio
                0x00000000       0x58 ./Generated_Code/PwmLdd1.o
 .debug_info    0x00000000      0x2cc ./Generated_Code/PwmLdd1.o
 .debug_abbrev  0x00000000      0x114 ./Generated_Code/PwmLdd1.o
 .debug_loc     0x00000000      0x118 ./Generated_Code/PwmLdd1.o
 .debug_aranges
                0x00000000       0x40 ./Generated_Code/PwmLdd1.o
 .debug_macinfo
                0x00000000    0x4e231 ./Generated_Code/PwmLdd1.o
 .debug_line    0x00000000      0x2ed ./Generated_Code/PwmLdd1.o
 .debug_str     0x00000000      0x27e ./Generated_Code/PwmLdd1.o
 .comment       0x00000000       0x7a ./Generated_Code/PwmLdd1.o
 .ARM.attributes
                0x00000000       0x33 ./Generated_Code/PwmLdd1.o
 .debug_frame   0x00000000       0xb0 ./Generated_Code/PwmLdd1.o
 .text          0x00000000        0x0 ./Generated_Code/PWMRed.o
 .data          0x00000000        0x0 ./Generated_Code/PWMRed.o
 .bss           0x00000000        0x0 ./Generated_Code/PWMRed.o
 .debug_info    0x00000000       0x76 ./Generated_Code/PWMRed.o
 .debug_abbrev  0x00000000       0x28 ./Generated_Code/PWMRed.o
 .debug_aranges
                0x00000000       0x18 ./Generated_Code/PWMRed.o
 .debug_macinfo
                0x00000000    0x4e36c ./Generated_Code/PWMRed.o
 .debug_line    0x00000000      0x27d ./Generated_Code/PWMRed.o
 .debug_str     0x00000000      0x124 ./Generated_Code/PWMRed.o
 .comment       0x00000000       0x7a ./Generated_Code/PWMRed.o
 .ARM.attributes
                0x00000000       0x33 ./Generated_Code/PWMRed.o
 .text          0x00000000        0x0 ./Generated_Code/PWMGreen.o
 .data          0x00000000        0x0 ./Generated_Code/PWMGreen.o
 .bss           0x00000000        0x0 ./Generated_Code/PWMGreen.o
 .debug_info    0x00000000       0x76 ./Generated_Code/PWMGreen.o
 .debug_abbrev  0x00000000       0x28 ./Generated_Code/PWMGreen.o
 .debug_aranges
                0x00000000       0x18 ./Generated_Code/PWMGreen.o
 .debug_macinfo
                0x00000000    0x4e378 ./Generated_Code/PWMGreen.o
 .debug_line    0x00000000      0x281 ./Generated_Code/PWMGreen.o
 .debug_str     0x00000000      0x126 ./Generated_Code/PWMGreen.o
 .comment       0x00000000       0x7a ./Generated_Code/PWMGreen.o
 .ARM.attributes
                0x00000000       0x33 ./Generated_Code/PWMGreen.o
 .text          0x00000000        0x0 ./Generated_Code/PWMBlue.o
 .data          0x00000000        0x0 ./Generated_Code/PWMBlue.o
 .bss           0x00000000        0x0 ./Generated_Code/PWMBlue.o
 .debug_info    0x00000000       0x76 ./Generated_Code/PWMBlue.o
 .debug_abbrev  0x00000000       0x28 ./Generated_Code/PWMBlue.o
 .debug_aranges
                0x00000000       0x18 ./Generated_Code/PWMBlue.o
 .debug_macinfo
                0x00000000    0x4e372 ./Generated_Code/PWMBlue.o
 .debug_line    0x00000000      0x27f ./Generated_Code/PWMBlue.o
 .debug_str     0x00000000      0x125 ./Generated_Code/PWMBlue.o
 .comment       0x00000000       0x7a ./Generated_Code/PWMBlue.o
 .ARM.attributes
                0x00000000       0x33 ./Generated_Code/PWMBlue.o
 .text          0x00000000        0x0 ./Generated_Code/PE_LDD.o
 .data          0x00000000        0x0 ./Generated_Code/PE_LDD.o
 .bss           0x00000000        0x0 ./Generated_Code/PE_LDD.o
 .bss.PE_LDD_DeviceDataList
                0x00000000       0x14 ./Generated_Code/PE_LDD.o
 .rodata.PE_CpuClockConfigurations
                0x00000000       0x28 ./Generated_Code/PE_LDD.o
 .text.PE_FillMemory
                0x00000000       0x30 ./Generated_Code/PE_LDD.o
 .text.PE_PeripheralUsed
                0x00000000       0x40 ./Generated_Code/PE_LDD.o
 .text.LDD_SetClockConfiguration
                0x00000000       0x14 ./Generated_Code/PE_LDD.o
 .debug_info    0x00000000      0x24e ./Generated_Code/PE_LDD.o
 .debug_abbrev  0x00000000      0x102 ./Generated_Code/PE_LDD.o
 .debug_loc     0x00000000       0x9c ./Generated_Code/PE_LDD.o
 .debug_aranges
                0x00000000       0x30 ./Generated_Code/PE_LDD.o
 .debug_macinfo
                0x00000000    0x538dc ./Generated_Code/PE_LDD.o
 .debug_line    0x00000000      0x31f ./Generated_Code/PE_LDD.o
 .debug_str     0x00000000      0x2ca ./Generated_Code/PE_LDD.o
 .comment       0x00000000       0x7a ./Generated_Code/PE_LDD.o
 .ARM.attributes
                0x00000000       0x33 ./Generated_Code/PE_LDD.o
 .debug_frame   0x00000000       0x64 ./Generated_Code/PE_LDD.o
 .text          0x00000000        0x0 ./Generated_Code/Cpu.o
 .data          0x00000000        0x0 ./Generated_Code/Cpu.o
 .bss           0x00000000        0x0 ./Generated_Code/Cpu.o
 .bss.SR_lock   0x00000000        0x1 ./Generated_Code/Cpu.o
 .text.__init_hardware
                0x00000000      0x268 ./Generated_Code/Cpu.o
 .text.Cpu_SetBASEPRI
                0x00000000       0x18 ./Generated_Code/Cpu.o
 .text.PE_low_level_init
                0x00000000      0x108 ./Generated_Code/Cpu.o
 COMMON         0x00000000        0x1 ./Generated_Code/Cpu.o
 .text          0x00000000        0x0 ./Generated_Code/AdcLdd1.o
 .data          0x00000000        0x0 ./Generated_Code/AdcLdd1.o
 .bss           0x00000000        0x0 ./Generated_Code/AdcLdd1.o
 .rodata.ChannelToPin
                0x00000000        0x4 ./Generated_Code/AdcLdd1.o
 .bss.DeviceDataPrv__DEFAULT_RTOS_ALLOC
                0x00000000        0x8 ./Generated_Code/AdcLdd1.o
 .text.AdcLdd1_Init
                0x00000000       0xe4 ./Generated_Code/AdcLdd1.o
 .text.AdcLdd1_StartSingleMeasurement
                0x00000000       0x70 ./Generated_Code/AdcLdd1.o
 .text.AdcLdd1_CancelMeasurement
                0x00000000       0x40 ./Generated_Code/AdcLdd1.o
 .text.AdcLdd1_CreateSampleGroup
                0x00000000       0x7c ./Generated_Code/AdcLdd1.o
 .text.AdcLdd1_GetMeasurementCompleteStatus
                0x00000000       0xa0 ./Generated_Code/AdcLdd1.o
 .text.AdcLdd1_StartCalibration
                0x00000000       0x70 ./Generated_Code/AdcLdd1.o
 .text          0x00000000        0x0 ./Generated_Code/AD1.o
 .data          0x00000000        0x0 ./Generated_Code/AD1.o
 .bss           0x00000000        0x0 ./Generated_Code/AD1.o
 .bss.SampleGroup
                0x00000000        0x4 ./Generated_Code/AD1.o
 .text.AD1_HWEnDi
                0x00000000       0x60 ./Generated_Code/AD1.o
 .text.AD1_Measure
                0x00000000       0x58 ./Generated_Code/AD1.o
 .text.AD1_GetValue16
                0x00000000       0x40 ./Generated_Code/AD1.o
 .text.AD1_Calibrate
                0x00000000       0xac ./Generated_Code/AD1.o
 .text.AD1_Init
                0x00000000       0x38 ./Generated_Code/AD1.o
 .text          0x00000000        0x0 ./Sources/main.o
 .data          0x00000000        0x0 ./Sources/main.o
 .bss           0x00000000        0x0 ./Sources/main.o
 .text.main     0x00000000        0xc ./Sources/main.o
 .debug_info    0x00000000       0x8f ./Sources/main.o
 .debug_abbrev  0x00000000       0x3f ./Sources/main.o
 .debug_loc     0x00000000       0x2c ./Sources/main.o
 .debug_aranges
                0x00000000       0x20 ./Sources/main.o
 .debug_macinfo
                0x00000000    0x53904 ./Sources/main.o
 .debug_line    0x00000000      0x320 ./Sources/main.o
 .debug_str     0x00000000      0x120 ./Sources/main.o
 .comment       0x00000000       0x7a ./Sources/main.o
 .ARM.attributes
                0x00000000       0x33 ./Sources/main.o
 .debug_frame   0x00000000       0x2c ./Sources/main.o
 .text          0x00000000        0x0 ./Sources/Events.o
 .data          0x00000000        0x0 ./Sources/Events.o
 .bss           0x00000000        0x0 ./Sources/Events.o
 .text          0x00000000        0x0 C:/Freescale/CW MCU v10.6/MCU/ARM_GCC_Support/ewl/lib/armv7e-m\libc.a(printformat_.o)
 .data          0x00000000        0x0 C:/Freescale/CW MCU v10.6/MCU/ARM_GCC_Support/ewl/lib/armv7e-m\libc.a(printformat_.o)
 .bss           0x00000000        0x0 C:/Freescale/CW MCU v10.6/MCU/ARM_GCC_Support/ewl/lib/armv7e-m\libc.a(printformat_.o)
 .text          0x00000000        0x0 C:/Freescale/CW MCU v10.6/MCU/ARM_GCC_Support/ewl/lib/armv7e-m\libc.a(scanformat_.o)
 .data          0x00000000        0x0 C:/Freescale/CW MCU v10.6/MCU/ARM_GCC_Support/ewl/lib/armv7e-m\libc.a(scanformat_.o)
 .bss           0x00000000        0x0 C:/Freescale/CW MCU v10.6/MCU/ARM_GCC_Support/ewl/lib/armv7e-m\libc.a(scanformat_.o)
 .text          0x00000000        0x0 C:/Freescale/CW MCU v10.6/MCU/ARM_GCC_Support/ewl/lib/armv7e-m\libc.a(ctype_aeabi.o)
 .data          0x00000000        0x0 C:/Freescale/CW MCU v10.6/MCU/ARM_GCC_Support/ewl/lib/armv7e-m\libc.a(ctype_aeabi.o)
 .bss           0x00000000        0x0 C:/Freescale/CW MCU v10.6/MCU/ARM_GCC_Support/ewl/lib/armv7e-m\libc.a(ctype_aeabi.o)
 .text.isalnum  0x00000000       0x18 C:/Freescale/CW MCU v10.6/MCU/ARM_GCC_Support/ewl/lib/armv7e-m\libc.a(ctype_aeabi.o)
 .text.iscntrl  0x00000000       0x1c C:/Freescale/CW MCU v10.6/MCU/ARM_GCC_Support/ewl/lib/armv7e-m\libc.a(ctype_aeabi.o)
 .text.isdigit  0x00000000        0xc C:/Freescale/CW MCU v10.6/MCU/ARM_GCC_Support/ewl/lib/armv7e-m\libc.a(ctype_aeabi.o)
 .text.isgraph  0x00000000       0x18 C:/Freescale/CW MCU v10.6/MCU/ARM_GCC_Support/ewl/lib/armv7e-m\libc.a(ctype_aeabi.o)
 .text.islower  0x00000000       0x1c C:/Freescale/CW MCU v10.6/MCU/ARM_GCC_Support/ewl/lib/armv7e-m\libc.a(ctype_aeabi.o)
 .text.isprint  0x00000000       0x18 C:/Freescale/CW MCU v10.6/MCU/ARM_GCC_Support/ewl/lib/armv7e-m\libc.a(ctype_aeabi.o)
 .text.ispunct  0x00000000       0x1c C:/Freescale/CW MCU v10.6/MCU/ARM_GCC_Support/ewl/lib/armv7e-m\libc.a(ctype_aeabi.o)
 .text.isupper  0x00000000       0x1c C:/Freescale/CW MCU v10.6/MCU/ARM_GCC_Support/ewl/lib/armv7e-m\libc.a(ctype_aeabi.o)
 .text.isxdigit
                0x00000000       0x1c C:/Freescale/CW MCU v10.6/MCU/ARM_GCC_Support/ewl/lib/armv7e-m\libc.a(ctype_aeabi.o)
 .text.isblank  0x00000000       0x28 C:/Freescale/CW MCU v10.6/MCU/ARM_GCC_Support/ewl/lib/armv7e-m\libc.a(ctype_aeabi.o)
 .text.tolower  0x00000000        0xc C:/Freescale/CW MCU v10.6/MCU/ARM_GCC_Support/ewl/lib/armv7e-m\libc.a(ctype_aeabi.o)
 .text          0x00000000        0x0 C:/Freescale/CW MCU v10.6/MCU/ARM_GCC_Support/ewl/lib/armv7e-m\libc.a(__strtoul.o)
 .data          0x00000000        0x0 C:/Freescale/CW MCU v10.6/MCU/ARM_GCC_Support/ewl/lib/armv7e-m\libc.a(__strtoul.o)
 .bss           0x00000000        0x0 C:/Freescale/CW MCU v10.6/MCU/ARM_GCC_Support/ewl/lib/armv7e-m\libc.a(__strtoul.o)
 .text          0x00000000        0x0 C:/Freescale/CW MCU v10.6/MCU/ARM_GCC_Support/ewl/lib/armv7e-m\libc.a(memchr.o)
 .data          0x00000000        0x0 C:/Freescale/CW MCU v10.6/MCU/ARM_GCC_Support/ewl/lib/armv7e-m\libc.a(memchr.o)
 .bss           0x00000000        0x0 C:/Freescale/CW MCU v10.6/MCU/ARM_GCC_Support/ewl/lib/armv7e-m\libc.a(memchr.o)
 .text          0x00000000        0x0 C:/Freescale/CW MCU v10.6/MCU/ARM_GCC_Support/ewl/lib/armv7e-m\libc.a(memset.o)
 .data          0x00000000        0x0 C:/Freescale/CW MCU v10.6/MCU/ARM_GCC_Support/ewl/lib/armv7e-m\libc.a(memset.o)
 .bss           0x00000000        0x0 C:/Freescale/CW MCU v10.6/MCU/ARM_GCC_Support/ewl/lib/armv7e-m\libc.a(memset.o)
 .text          0x00000000        0x0 C:/Freescale/CW MCU v10.6/MCU/ARM_GCC_Support/ewl/lib/armv7e-m\libc.a(strchr.o)
 .data          0x00000000        0x0 C:/Freescale/CW MCU v10.6/MCU/ARM_GCC_Support/ewl/lib/armv7e-m\libc.a(strchr.o)
 .bss           0x00000000        0x0 C:/Freescale/CW MCU v10.6/MCU/ARM_GCC_Support/ewl/lib/armv7e-m\libc.a(strchr.o)
 .text          0x00000000        0x0 C:/Freescale/CW MCU v10.6/MCU/ARM_GCC_Support/ewl/lib/armv7e-m\libc.a(strlen.o)
 .data          0x00000000        0x0 C:/Freescale/CW MCU v10.6/MCU/ARM_GCC_Support/ewl/lib/armv7e-m\libc.a(strlen.o)
 .bss           0x00000000        0x0 C:/Freescale/CW MCU v10.6/MCU/ARM_GCC_Support/ewl/lib/armv7e-m\libc.a(strlen.o)
 .text          0x00000000        0x0 C:/Freescale/CW MCU v10.6/MCU/ARM_GCC_Support/ewl/lib/armv7e-m\libc.a(__filll_mem.o)
 .data          0x00000000        0x0 C:/Freescale/CW MCU v10.6/MCU/ARM_GCC_Support/ewl/lib/armv7e-m\libc.a(__filll_mem.o)
 .bss           0x00000000        0x0 C:/Freescale/CW MCU v10.6/MCU/ARM_GCC_Support/ewl/lib/armv7e-m\libc.a(__filll_mem.o)
 .text          0x00000000      0x21c c:/freescale/cw mcu v10.6/cross_tools/arm-none-eabi-gcc-4_7_3/bin/../lib/gcc/arm-none-eabi/4.7.3/armv7e-m\libgcc.a(_arm_addsubsf3.o)
 .data          0x00000000        0x0 c:/freescale/cw mcu v10.6/cross_tools/arm-none-eabi-gcc-4_7_3/bin/../lib/gcc/arm-none-eabi/4.7.3/armv7e-m\libgcc.a(_arm_addsubsf3.o)
 .bss           0x00000000        0x0 c:/freescale/cw mcu v10.6/cross_tools/arm-none-eabi-gcc-4_7_3/bin/../lib/gcc/arm-none-eabi/4.7.3/armv7e-m\libgcc.a(_arm_addsubsf3.o)
 .ARM.attributes
                0x00000000       0x1e c:/freescale/cw mcu v10.6/cross_tools/arm-none-eabi-gcc-4_7_3/bin/../lib/gcc/arm-none-eabi/4.7.3/armv7e-m\libgcc.a(_arm_addsubsf3.o)
 .text          0x00000000      0x2a0 c:/freescale/cw mcu v10.6/cross_tools/arm-none-eabi-gcc-4_7_3/bin/../lib/gcc/arm-none-eabi/4.7.3/armv7e-m\libgcc.a(_arm_muldivsf3.o)
 .data          0x00000000        0x0 c:/freescale/cw mcu v10.6/cross_tools/arm-none-eabi-gcc-4_7_3/bin/../lib/gcc/arm-none-eabi/4.7.3/armv7e-m\libgcc.a(_arm_muldivsf3.o)
 .bss           0x00000000        0x0 c:/freescale/cw mcu v10.6/cross_tools/arm-none-eabi-gcc-4_7_3/bin/../lib/gcc/arm-none-eabi/4.7.3/armv7e-m\libgcc.a(_arm_muldivsf3.o)
 .ARM.attributes
                0x00000000       0x1e c:/freescale/cw mcu v10.6/cross_tools/arm-none-eabi-gcc-4_7_3/bin/../lib/gcc/arm-none-eabi/4.7.3/armv7e-m\libgcc.a(_arm_muldivsf3.o)
 .text          0x00000000       0xec c:/freescale/cw mcu v10.6/cross_tools/arm-none-eabi-gcc-4_7_3/bin/../lib/gcc/arm-none-eabi/4.7.3/armv7e-m\libgcc.a(_arm_cmpsf2.o)
 .data          0x00000000        0x0 c:/freescale/cw mcu v10.6/cross_tools/arm-none-eabi-gcc-4_7_3/bin/../lib/gcc/arm-none-eabi/4.7.3/armv7e-m\libgcc.a(_arm_cmpsf2.o)
 .bss           0x00000000        0x0 c:/freescale/cw mcu v10.6/cross_tools/arm-none-eabi-gcc-4_7_3/bin/../lib/gcc/arm-none-eabi/4.7.3/armv7e-m\libgcc.a(_arm_cmpsf2.o)
 .ARM.attributes
                0x00000000       0x1e c:/freescale/cw mcu v10.6/cross_tools/arm-none-eabi-gcc-4_7_3/bin/../lib/gcc/arm-none-eabi/4.7.3/armv7e-m\libgcc.a(_arm_cmpsf2.o)
 .text          0x00000000       0x40 c:/freescale/cw mcu v10.6/cross_tools/arm-none-eabi-gcc-4_7_3/bin/../lib/gcc/arm-none-eabi/4.7.3/armv7e-m\libgcc.a(_arm_fixunssfsi.o)
 .data          0x00000000        0x0 c:/freescale/cw mcu v10.6/cross_tools/arm-none-eabi-gcc-4_7_3/bin/../lib/gcc/arm-none-eabi/4.7.3/armv7e-m\libgcc.a(_arm_fixunssfsi.o)
 .bss           0x00000000        0x0 c:/freescale/cw mcu v10.6/cross_tools/arm-none-eabi-gcc-4_7_3/bin/../lib/gcc/arm-none-eabi/4.7.3/armv7e-m\libgcc.a(_arm_fixunssfsi.o)
 .ARM.attributes
                0x00000000       0x1e c:/freescale/cw mcu v10.6/cross_tools/arm-none-eabi-gcc-4_7_3/bin/../lib/gcc/arm-none-eabi/4.7.3/armv7e-m\libgcc.a(_arm_fixunssfsi.o)

Memory Configuration

Name             Origin             Length             Attributes
m_interrupts     0x00000000         0x000000f8         xr
m_text           0x00000410         0x0001fbf0         xr
m_data           0x1fffe000         0x00002000         rw
m_data_20000000  0x20000000         0x00002000         rw
m_cfmprotrom     0x00000400         0x00000010         xr
*default*        0x00000000         0xffffffff

Linker script and memory map

LOAD ./Generated_Code/Vectors.o
LOAD ./Generated_Code/TU1.o
LOAD ./Generated_Code/PwmLdd3.o
LOAD ./Generated_Code/PwmLdd2.o
LOAD ./Generated_Code/PwmLdd1.o
LOAD ./Generated_Code/PWMRed.o
LOAD ./Generated_Code/PWMGreen.o
LOAD ./Generated_Code/PWMBlue.o
LOAD ./Generated_Code/PE_LDD.o
LOAD ./Generated_Code/Cpu.o
LOAD ./Generated_Code/AdcLdd1.o
LOAD ./Generated_Code/AD1.o
LOAD ./Sources/main.o
LOAD ./Sources/Events.o
                0x00000830                __pformatter = __pformatter_
                [0x00000c28]                __sformatter = __sformatter
START GROUP
LOAD C:/Freescale/CW MCU v10.6/MCU/ARM_GCC_Support/ewl/lib/armv7e-m\libc.a
LOAD C:/Freescale/CW MCU v10.6/MCU/ARM_GCC_Support/ewl/lib/armv7e-m\libm.a
LOAD c:/freescale/cw mcu v10.6/cross_tools/arm-none-eabi-gcc-4_7_3/bin/../lib/gcc/arm-none-eabi/4.7.3/armv7e-m\libgcc.a
LOAD C:/Freescale/CW MCU v10.6/MCU/ARM_GCC_Support/ewl/lib/armv7e-m\librt.a
LOAD C:/Freescale/CW MCU v10.6/MCU/ARM_GCC_Support/ewl/lib/armv7e-m\libuart.a
END GROUP
                0x20000000                _estack = 0x20000000
                0x20000000                __SP_INIT = _estack
                0x00000000                __heap_size = 0x0
                0x00000400                __stack_size = 0x400

.interrupts     0x00000000       0xf8
                0x00000000                __vector_table = .
                0x00000000                . = ALIGN (0x4)
 *(.vectortable)
 .vectortable   0x00000000       0xf8 ./Generated_Code/Vectors.o
                0x00000000                __vect_table
                0x000000f8                . = ALIGN (0x4)

.cfmprotect     0x00000400       0x10
                0x00000400                . = ALIGN (0x4)
 *(.cfmconfig)
 .cfmconfig     0x00000400       0x10 ./Generated_Code/Cpu.o
                0x00000400                _cfm
                0x00000410                . = ALIGN (0x4)

.text           0x00000410     0x1334
                0x00000410                . = ALIGN (0x4)
 *(.text)
 *(.text*)
 .text.Cpu_INT_NMIInterrupt
                0x00000410       0x1c ./Generated_Code/Cpu.o
                0x00000410                Cpu_INT_NMIInterrupt
 .text.Cpu_Interrupt
                0x0000042c       0x18 ./Generated_Code/Cpu.o
                0x0000042c                Cpu_Interrupt
 .text.AdcLdd1_GetMeasuredValues
                0x00000444       0x58 ./Generated_Code/AdcLdd1.o
                0x00000444                AdcLdd1_GetMeasuredValues
 .text.AdcLdd1_GetCalibrationResultStatus
                0x0000049c      0x118 ./Generated_Code/AdcLdd1.o
                0x0000049c                AdcLdd1_GetCalibrationResultStatus
 .text.AdcLdd1_MeasurementCompleteInterrupt
                0x000005b4       0x44 ./Generated_Code/AdcLdd1.o
                0x000005b4                AdcLdd1_MeasurementCompleteInterrupt
 .text.AdcLdd1_OnMeasurementComplete
                0x000005f8       0x7c ./Generated_Code/AD1.o
                0x000005f8                AdcLdd1_OnMeasurementComplete
 .text.AD1_OnEnd
                0x00000674        0xc ./Sources/Events.o
                0x00000674                AD1_OnEnd
 .text.AD1_OnCalibrationEnd
                0x00000680        0xc ./Sources/Events.o
                0x00000680                AD1_OnCalibrationEnd
 .text.Cpu_OnNMIINT
                0x0000068c        0xc ./Sources/Events.o
                0x0000068c                Cpu_OnNMIINT
 .text.long2str.isra.0
                0x00000698      0x196 C:/Freescale/CW MCU v10.6/MCU/ARM_GCC_Support/ewl/lib/armv7e-m\libc.a(printformat_.o)
 *fill*         0x0000082e        0x2 00
 .text.__pformatter_
                0x00000830      0x3f8 C:/Freescale/CW MCU v10.6/MCU/ARM_GCC_Support/ewl/lib/armv7e-m\libc.a(printformat_.o)
                0x00000830                __pformatter_
 .text.__sformatter
                0x00000c28      0x6f4 C:/Freescale/CW MCU v10.6/MCU/ARM_GCC_Support/ewl/lib/armv7e-m\libc.a(scanformat_.o)
                0x00000c28                __sformatter
 .text.isalpha  0x0000131c       0x1c C:/Freescale/CW MCU v10.6/MCU/ARM_GCC_Support/ewl/lib/armv7e-m\libc.a(ctype_aeabi.o)
                0x0000131c                isalpha
 .text.isspace  0x00001338       0x1c C:/Freescale/CW MCU v10.6/MCU/ARM_GCC_Support/ewl/lib/armv7e-m\libc.a(ctype_aeabi.o)
                0x00001338                isspace
 .text.toupper  0x00001354        0xc C:/Freescale/CW MCU v10.6/MCU/ARM_GCC_Support/ewl/lib/armv7e-m\libc.a(ctype_aeabi.o)
                0x00001354                toupper
 .text.__strtoul
                0x00001360      0x214 C:/Freescale/CW MCU v10.6/MCU/ARM_GCC_Support/ewl/lib/armv7e-m\libc.a(__strtoul.o)
                0x00001360                __strtoul
 .text.memchr   0x00001574       0x18 C:/Freescale/CW MCU v10.6/MCU/ARM_GCC_Support/ewl/lib/armv7e-m\libc.a(memchr.o)
                0x00001574                memchr
 .text.memset   0x0000158c        0xc C:/Freescale/CW MCU v10.6/MCU/ARM_GCC_Support/ewl/lib/armv7e-m\libc.a(memset.o)
                0x0000158c                memset
 .text.strchr   0x00001598       0x1a C:/Freescale/CW MCU v10.6/MCU/ARM_GCC_Support/ewl/lib/armv7e-m\libc.a(strchr.o)
                0x00001598                strchr
 .text.strlen   0x000015b2       0x10 C:/Freescale/CW MCU v10.6/MCU/ARM_GCC_Support/ewl/lib/armv7e-m\libc.a(strlen.o)
                0x000015b2                strlen
 .text.__fill_mem
                0x000015c2       0x76 C:/Freescale/CW MCU v10.6/MCU/ARM_GCC_Support/ewl/lib/armv7e-m\libc.a(__filll_mem.o)
                0x000015c2                __fill_mem
 *(.rodata)
 *(.rodata*)
 .rodata.str1.1
                0x00001638        0x1 C:/Freescale/CW MCU v10.6/MCU/ARM_GCC_Support/ewl/lib/armv7e-m\libc.a(printformat_.o)
 .rodata.CSWTCH.20
                0x00001639        0x5 C:/Freescale/CW MCU v10.6/MCU/ARM_GCC_Support/ewl/lib/armv7e-m\libc.a(printformat_.o)
 .rodata.CSWTCH.21
                0x0000163e        0x5 C:/Freescale/CW MCU v10.6/MCU/ARM_GCC_Support/ewl/lib/armv7e-m\libc.a(printformat_.o)
 .rodata.__aeabi_ctype_table_C
                0x00001643      0x101 C:/Freescale/CW MCU v10.6/MCU/ARM_GCC_Support/ewl/lib/armv7e-m\libc.a(ctype_aeabi.o)
                0x00001643                __aeabi_ctype_table_C
 *(.glue_7)
 .glue_7        0x00000000        0x0 linker stubs
 *(.glue_7t)
 .glue_7t       0x00000000        0x0 linker stubs
 *(.eh_frame)
 *(.init)
 *(.fini)
                0x00001744                . = ALIGN (0x4)
                0x00001744                _etext = .

.vfp11_veneer   0x00001744        0x0
 .vfp11_veneer  0x00000000        0x0 linker stubs

.v4_bx          0x00001744        0x0
 .v4_bx         0x00000000        0x0 linker stubs

.iplt           0x00001744        0x0
 .iplt          0x00000000        0x0 ./Generated_Code/Vectors.o

.rel.dyn        0x00001744        0x0
 .rel.iplt      0x00000000        0x0 ./Generated_Code/Vectors.o

.ARM.extab
 *(.ARM.extab* .gnu.linkonce.armextab.*)

.ARM            0x00001744        0x0
                0x00001744                __exidx_start = .
 *(.ARM.exidx*)
                0x00001744                __exidx_end = .

.ctors          0x00001744        0x0
                0x00001744                __CTOR_LIST__ = .
 *crtbegin.o(.ctors)
 *(EXCLUDE_FILE(*crtend.o) .ctors)
 *(SORT(.ctors.*))
 *(.ctors)
                0x00001744                __CTOR_END__ = .

.dtors          0x00001744        0x0
                0x00001744                __DTOR_LIST__ = .
 *crtbegin.o(.dtors)
 *(EXCLUDE_FILE(*crtend.o) .dtors)
 *(SORT(.dtors.*))
 *(.dtors)
                0x00001744                __DTOR_END__ = .

.preinit_array  0x00001744        0x0
                0x00001744                PROVIDE (__preinit_array_start, .)
 *(.preinit_array*)
                0x00001744                PROVIDE (__preinit_array_end, .)

.init_array     0x00001744        0x0
                0x00001744                PROVIDE (__init_array_start, .)
 *(SORT(.init_array.*))
 *(.init_array*)
                0x00001744                PROVIDE (__init_array_end, .)

.fini_array     0x00001744        0x0
                0x00001744                PROVIDE (__fini_array_start, .)
 *(SORT(.fini_array.*))
 *(.fini_array*)
                0x00001744                PROVIDE (__fini_array_end, .)
                0x00001744                ___ROM_AT = .

.data           0x1fffe000        0x0 load address 0x00001744
                0x1fffe000                . = ALIGN (0x4)
                0x1fffe000                _sdata = .
 *(.data)
 *(.data*)
                0x1fffe000                . = ALIGN (0x4)
                0x1fffe000                _edata = .
                0x00000000                ___data_size = (_edata - _sdata)
                0x00001744                ___m_data_20000000_ROMStart = (___ROM_AT + SIZEOF (.data))

.igot.plt       0x1fffe000        0x0
 .igot.plt      0x00000000        0x0 ./Generated_Code/Vectors.o

.m_data_20000000
                0x20000000        0x0 load address 0x00001744
                0x20000000                . = ALIGN (0x4)
                0x20000000                ___m_data_20000000_RAMStart = .
 *(.m_data_20000000)
                0x20000000                ___m_data_20000000_RAMEnd = .
                0x20000000                . = ALIGN (0x4)
                0x00000000                ___m_data_20000000_ROMSize = (___m_data_20000000_RAMEnd - ___m_data_20000000_RAMStart)
                0x20000000                . = ALIGN (0x4)

.bss            0x1fffe000       0x10
                0x1fffe000                __START_BSS = .
                0x1fffe000                PROVIDE (__bss_start__, __START_BSS)
 *(.bss)
 *(.bss*)
 .bss.INT_ADC0__DEFAULT_RTOS_ISRPARAM
                0x1fffe000        0x4 ./Generated_Code/AdcLdd1.o
 .bss.ModeFlg   0x1fffe004        0x1 ./Generated_Code/AD1.o
 .bss.OutFlg    0x1fffe005        0x1 ./Generated_Code/AD1.o
 *(COMMON)
 *fill*         0x1fffe006        0x2 00
 COMMON         0x1fffe008        0x8 ./Generated_Code/AD1.o
                0x1fffe008                AD1_OutV
                0x1fffe00c                AdcLdd1_DeviceDataPtr
                0x1fffe010                . = ALIGN (0x4)
                0x1fffe010                __END_BSS = .
                0x1fffe010                PROVIDE (__bss_end__, __END_BSS)
                0x00001744                _romp_at = ((___ROM_AT + SIZEOF (.data)) + SIZEOF (.m_data_20000000))

.romp           0x1fffe010       0x24 load address 0x00001744
                0x00001744                __S_romp = _romp_at
                0x1fffe010        0x4 LONG 0x1744 ___ROM_AT
                0x1fffe014        0x4 LONG 0x1fffe000 _sdata
                0x1fffe018        0x4 LONG 0x0 ___data_size
                0x1fffe01c        0x4 LONG 0x1744 ___m_data_20000000_ROMStart
                0x1fffe020        0x4 LONG 0x20000000 ___m_data_20000000_RAMStart
                0x1fffe024        0x4 LONG 0x0 ___m_data_20000000_ROMSize
                0x1fffe028        0x4 LONG 0x0
                0x1fffe02c        0x4 LONG 0x0
                0x1fffe030        0x4 LONG 0x0

._user_heap_stack
                0x1fffe034      0x400 load address 0x00001768
                0x1fffe034                . = ALIGN (0x4)
                0x1fffe034                PROVIDE (end, .)
                0x1fffe034                PROVIDE (_end, .)
                0x1fffe034                __heap_addr = .
                0x1fffe034                . = (. + __heap_size)
                0x1fffe434                . = (. + __stack_size)
 *fill*         0x1fffe034      0x400 00
                0x1fffe434                . = ALIGN (0x4)

.ARM.attributes
                0x00000000       0x33
 *(.ARM.attributes)
 .ARM.attributes
                0x00000000       0x33 ./Generated_Code/Vectors.o
 .ARM.attributes
                0x00000033       0x33 ./Generated_Code/Cpu.o
 .ARM.attributes
                0x00000066       0x33 ./Generated_Code/AdcLdd1.o
 .ARM.attributes
                0x00000099       0x33 ./Generated_Code/AD1.o
 .ARM.attributes
                0x000000cc       0x33 ./Sources/Events.o
 .ARM.attributes
                0x000000ff       0x33 C:/Freescale/CW MCU v10.6/MCU/ARM_GCC_Support/ewl/lib/armv7e-m\libc.a(printformat_.o)
 .ARM.attributes
                0x00000132       0x33 C:/Freescale/CW MCU v10.6/MCU/ARM_GCC_Support/ewl/lib/armv7e-m\libc.a(scanformat_.o)
 .ARM.attributes
                0x00000165       0x33 C:/Freescale/CW MCU v10.6/MCU/ARM_GCC_Support/ewl/lib/armv7e-m\libc.a(ctype_aeabi.o)
 .ARM.attributes
                0x00000198       0x33 C:/Freescale/CW MCU v10.6/MCU/ARM_GCC_Support/ewl/lib/armv7e-m\libc.a(__strtoul.o)
 .ARM.attributes
                0x000001cb       0x33 C:/Freescale/CW MCU v10.6/MCU/ARM_GCC_Support/ewl/lib/armv7e-m\libc.a(memchr.o)
 .ARM.attributes
                0x000001fe       0x33 C:/Freescale/CW MCU v10.6/MCU/ARM_GCC_Support/ewl/lib/armv7e-m\libc.a(memset.o)
 .ARM.attributes
                0x00000231       0x33 C:/Freescale/CW MCU v10.6/MCU/ARM_GCC_Support/ewl/lib/armv7e-m\libc.a(strchr.o)
 .ARM.attributes
                0x00000264       0x33 C:/Freescale/CW MCU v10.6/MCU/ARM_GCC_Support/ewl/lib/armv7e-m\libc.a(strlen.o)
 .ARM.attributes
                0x00000297       0x33 C:/Freescale/CW MCU v10.6/MCU/ARM_GCC_Support/ewl/lib/armv7e-m\libc.a(__filll_mem.o)
OUTPUT(Lab2.elf elf32-littlearm)

.debug_info     0x00000000     0x2c2d
 .debug_info    0x00000000      0x104 ./Generated_Code/Vectors.o
 .debug_info    0x00000104      0xaad ./Generated_Code/Cpu.o
 .debug_info    0x00000bb1      0x907 ./Generated_Code/AdcLdd1.o
 .debug_info    0x000014b8      0x23d ./Generated_Code/AD1.o
 .debug_info    0x000016f5       0xb5 ./Sources/Events.o
 .debug_info    0x000017aa      0x50e C:/Freescale/CW MCU v10.6/MCU/ARM_GCC_Support/ewl/lib/armv7e-m\libc.a(printformat_.o)
 .debug_info    0x00001cb8      0x565 C:/Freescale/CW MCU v10.6/MCU/ARM_GCC_Support/ewl/lib/armv7e-m\libc.a(scanformat_.o)
 .debug_info    0x0000221d      0x306 C:/Freescale/CW MCU v10.6/MCU/ARM_GCC_Support/ewl/lib/armv7e-m\libc.a(ctype_aeabi.o)
 .debug_info    0x00002523      0x1d6 C:/Freescale/CW MCU v10.6/MCU/ARM_GCC_Support/ewl/lib/armv7e-m\libc.a(__strtoul.o)
 .debug_info    0x000026f9      0x120 C:/Freescale/CW MCU v10.6/MCU/ARM_GCC_Support/ewl/lib/armv7e-m\libc.a(memchr.o)
 .debug_info    0x00002819       0xec C:/Freescale/CW MCU v10.6/MCU/ARM_GCC_Support/ewl/lib/armv7e-m\libc.a(memset.o)
 .debug_info    0x00002905      0x108 C:/Freescale/CW MCU v10.6/MCU/ARM_GCC_Support/ewl/lib/armv7e-m\libc.a(strchr.o)
 .debug_info    0x00002a0d       0xeb C:/Freescale/CW MCU v10.6/MCU/ARM_GCC_Support/ewl/lib/armv7e-m\libc.a(strlen.o)
 .debug_info    0x00002af8      0x135 C:/Freescale/CW MCU v10.6/MCU/ARM_GCC_Support/ewl/lib/armv7e-m\libc.a(__filll_mem.o)

.debug_abbrev   0x00000000      0xc9a
 .debug_abbrev  0x00000000       0xa3 ./Generated_Code/Vectors.o
 .debug_abbrev  0x000000a3      0x148 ./Generated_Code/Cpu.o
 .debug_abbrev  0x000001eb      0x197 ./Generated_Code/AdcLdd1.o
 .debug_abbrev  0x00000382      0x123 ./Generated_Code/AD1.o
 .debug_abbrev  0x000004a5       0x3d ./Sources/Events.o
 .debug_abbrev  0x000004e2      0x200 C:/Freescale/CW MCU v10.6/MCU/ARM_GCC_Support/ewl/lib/armv7e-m\libc.a(printformat_.o)
 .debug_abbrev  0x000006e2      0x1f0 C:/Freescale/CW MCU v10.6/MCU/ARM_GCC_Support/ewl/lib/armv7e-m\libc.a(scanformat_.o)
 .debug_abbrev  0x000008d2       0x85 C:/Freescale/CW MCU v10.6/MCU/ARM_GCC_Support/ewl/lib/armv7e-m\libc.a(ctype_aeabi.o)
 .debug_abbrev  0x00000957       0xc2 C:/Freescale/CW MCU v10.6/MCU/ARM_GCC_Support/ewl/lib/armv7e-m\libc.a(__strtoul.o)
 .debug_abbrev  0x00000a19       0x95 C:/Freescale/CW MCU v10.6/MCU/ARM_GCC_Support/ewl/lib/armv7e-m\libc.a(memchr.o)
 .debug_abbrev  0x00000aae       0x62 C:/Freescale/CW MCU v10.6/MCU/ARM_GCC_Support/ewl/lib/armv7e-m\libc.a(memset.o)
 .debug_abbrev  0x00000b10       0x89 C:/Freescale/CW MCU v10.6/MCU/ARM_GCC_Support/ewl/lib/armv7e-m\libc.a(strchr.o)
 .debug_abbrev  0x00000b99       0x7a C:/Freescale/CW MCU v10.6/MCU/ARM_GCC_Support/ewl/lib/armv7e-m\libc.a(strlen.o)
 .debug_abbrev  0x00000c13       0x87 C:/Freescale/CW MCU v10.6/MCU/ARM_GCC_Support/ewl/lib/armv7e-m\libc.a(__filll_mem.o)

.debug_aranges  0x00000000      0x2c0
 .debug_aranges
                0x00000000       0x18 ./Generated_Code/Vectors.o
 .debug_aranges
                0x00000018       0x40 ./Generated_Code/Cpu.o
 .debug_aranges
                0x00000058       0x60 ./Generated_Code/AdcLdd1.o
 .debug_aranges
                0x000000b8       0x48 ./Generated_Code/AD1.o
 .debug_aranges
                0x00000100       0x30 ./Sources/Events.o
 .debug_aranges
                0x00000130       0x28 C:/Freescale/CW MCU v10.6/MCU/ARM_GCC_Support/ewl/lib/armv7e-m\libc.a(printformat_.o)
 .debug_aranges
                0x00000158       0x20 C:/Freescale/CW MCU v10.6/MCU/ARM_GCC_Support/ewl/lib/armv7e-m\libc.a(scanformat_.o)
 .debug_aranges
                0x00000178       0x88 C:/Freescale/CW MCU v10.6/MCU/ARM_GCC_Support/ewl/lib/armv7e-m\libc.a(ctype_aeabi.o)
 .debug_aranges
                0x00000200       0x20 C:/Freescale/CW MCU v10.6/MCU/ARM_GCC_Support/ewl/lib/armv7e-m\libc.a(__strtoul.o)
 .debug_aranges
                0x00000220       0x20 C:/Freescale/CW MCU v10.6/MCU/ARM_GCC_Support/ewl/lib/armv7e-m\libc.a(memchr.o)
 .debug_aranges
                0x00000240       0x20 C:/Freescale/CW MCU v10.6/MCU/ARM_GCC_Support/ewl/lib/armv7e-m\libc.a(memset.o)
 .debug_aranges
                0x00000260       0x20 C:/Freescale/CW MCU v10.6/MCU/ARM_GCC_Support/ewl/lib/armv7e-m\libc.a(strchr.o)
 .debug_aranges
                0x00000280       0x20 C:/Freescale/CW MCU v10.6/MCU/ARM_GCC_Support/ewl/lib/armv7e-m\libc.a(strlen.o)
 .debug_aranges
                0x000002a0       0x20 C:/Freescale/CW MCU v10.6/MCU/ARM_GCC_Support/ewl/lib/armv7e-m\libc.a(__filll_mem.o)

.debug_macinfo  0x00000000   0x19843b
 .debug_macinfo
                0x00000000    0x5390f ./Generated_Code/Vectors.o
 .debug_macinfo
                0x0005390f    0x53910 ./Generated_Code/Cpu.o
 .debug_macinfo
                0x000a721f    0x49fc1 ./Generated_Code/AdcLdd1.o
 .debug_macinfo
                0x000f11e0    0x53957 ./Generated_Code/AD1.o
 .debug_macinfo
                0x00144b37    0x53904 ./Sources/Events.o

.debug_line     0x00000000     0x1e3d
 .debug_line    0x00000000      0x3e8 ./Generated_Code/Vectors.o
 .debug_line    0x000003e8      0x47d ./Generated_Code/Cpu.o
 .debug_line    0x00000865      0x367 ./Generated_Code/AdcLdd1.o
 .debug_line    0x00000bcc      0x3de ./Generated_Code/AD1.o
 .debug_line    0x00000faa      0x341 ./Sources/Events.o
 .debug_line    0x000012eb      0x2b4 C:/Freescale/CW MCU v10.6/MCU/ARM_GCC_Support/ewl/lib/armv7e-m\libc.a(printformat_.o)
 .debug_line    0x0000159f      0x2df C:/Freescale/CW MCU v10.6/MCU/ARM_GCC_Support/ewl/lib/armv7e-m\libc.a(scanformat_.o)
 .debug_line    0x0000187e      0x1a9 C:/Freescale/CW MCU v10.6/MCU/ARM_GCC_Support/ewl/lib/armv7e-m\libc.a(ctype_aeabi.o)
 .debug_line    0x00001a27      0x11b C:/Freescale/CW MCU v10.6/MCU/ARM_GCC_Support/ewl/lib/armv7e-m\libc.a(__strtoul.o)
 .debug_line    0x00001b42       0x9f C:/Freescale/CW MCU v10.6/MCU/ARM_GCC_Support/ewl/lib/armv7e-m\libc.a(memchr.o)
 .debug_line    0x00001be1       0x8f C:/Freescale/CW MCU v10.6/MCU/ARM_GCC_Support/ewl/lib/armv7e-m\libc.a(memset.o)
 .debug_line    0x00001c70       0x7d C:/Freescale/CW MCU v10.6/MCU/ARM_GCC_Support/ewl/lib/armv7e-m\libc.a(strchr.o)
 .debug_line    0x00001ced       0x83 C:/Freescale/CW MCU v10.6/MCU/ARM_GCC_Support/ewl/lib/armv7e-m\libc.a(strlen.o)
 .debug_line    0x00001d70       0xcd C:/Freescale/CW MCU v10.6/MCU/ARM_GCC_Support/ewl/lib/armv7e-m\libc.a(__filll_mem.o)

.debug_str      0x00000000      0xe1a
 .debug_str     0x00000000      0x13b ./Generated_Code/Vectors.o
                                0x167 (size before relaxing)
 .debug_str     0x0000013b      0x386 ./Generated_Code/Cpu.o
                                0x4c7 (size before relaxing)
 .debug_str     0x000004c1      0x2dc ./Generated_Code/AdcLdd1.o
                                0x556 (size before relaxing)
 .debug_str     0x0000079d       0xb9 ./Generated_Code/AD1.o
                                0x231 (size before relaxing)
 .debug_str     0x00000856       0x40 ./Sources/Events.o
                                0x149 (size before relaxing)
 .debug_str     0x00000896      0x268 C:/Freescale/CW MCU v10.6/MCU/ARM_GCC_Support/ewl/lib/armv7e-m\libc.a(printformat_.o)
                                0x3b3 (size before relaxing)
 .debug_str     0x00000afe      0x189 C:/Freescale/CW MCU v10.6/MCU/ARM_GCC_Support/ewl/lib/armv7e-m\libc.a(scanformat_.o)
                                0x3f9 (size before relaxing)
 .debug_str     0x00000c87       0x9d C:/Freescale/CW MCU v10.6/MCU/ARM_GCC_Support/ewl/lib/armv7e-m\libc.a(ctype_aeabi.o)
                                0x1bc (size before relaxing)
 .debug_str     0x00000d24       0x61 C:/Freescale/CW MCU v10.6/MCU/ARM_GCC_Support/ewl/lib/armv7e-m\libc.a(__strtoul.o)
                                0x1fb (size before relaxing)
 .debug_str     0x00000d85       0x1c C:/Freescale/CW MCU v10.6/MCU/ARM_GCC_Support/ewl/lib/armv7e-m\libc.a(memchr.o)
                                0x148 (size before relaxing)
 .debug_str     0x00000da1       0x1c C:/Freescale/CW MCU v10.6/MCU/ARM_GCC_Support/ewl/lib/armv7e-m\libc.a(memset.o)
                                0x140 (size before relaxing)
 .debug_str     0x00000dbd       0x1c C:/Freescale/CW MCU v10.6/MCU/ARM_GCC_Support/ewl/lib/armv7e-m\libc.a(strchr.o)
                                0x137 (size before relaxing)
 .debug_str     0x00000dd9       0x1c C:/Freescale/CW MCU v10.6/MCU/ARM_GCC_Support/ewl/lib/armv7e-m\libc.a(strlen.o)
                                0x140 (size before relaxing)
 .debug_str     0x00000df5       0x25 C:/Freescale/CW MCU v10.6/MCU/ARM_GCC_Support/ewl/lib/armv7e-m\libc.a(__filll_mem.o)
                                0x152 (size before relaxing)

.comment        0x00000000       0x79
 .comment       0x00000000       0x79 ./Generated_Code/Vectors.o
                                 0x7a (size before relaxing)
 .comment       0x00000000       0x7a ./Generated_Code/Cpu.o
 .comment       0x00000000       0x7a ./Generated_Code/AdcLdd1.o
 .comment       0x00000000       0x7a ./Generated_Code/AD1.o
 .comment       0x00000000       0x7a ./Sources/Events.o
 .comment       0x00000000       0x7a C:/Freescale/CW MCU v10.6/MCU/ARM_GCC_Support/ewl/lib/armv7e-m\libc.a(printformat_.o)
 .comment       0x00000000       0x7a C:/Freescale/CW MCU v10.6/MCU/ARM_GCC_Support/ewl/lib/armv7e-m\libc.a(scanformat_.o)
 .comment       0x00000000       0x7a C:/Freescale/CW MCU v10.6/MCU/ARM_GCC_Support/ewl/lib/armv7e-m\libc.a(ctype_aeabi.o)
 .comment       0x00000000       0x7a C:/Freescale/CW MCU v10.6/MCU/ARM_GCC_Support/ewl/lib/armv7e-m\libc.a(__strtoul.o)
 .comment       0x00000000       0x7a C:/Freescale/CW MCU v10.6/MCU/ARM_GCC_Support/ewl/lib/armv7e-m\libc.a(memchr.o)
 .comment       0x00000000       0x7a C:/Freescale/CW MCU v10.6/MCU/ARM_GCC_Support/ewl/lib/armv7e-m\libc.a(memset.o)
 .comment       0x00000000       0x7a C:/Freescale/CW MCU v10.6/MCU/ARM_GCC_Support/ewl/lib/armv7e-m\libc.a(strchr.o)
 .comment       0x00000000       0x7a C:/Freescale/CW MCU v10.6/MCU/ARM_GCC_Support/ewl/lib/armv7e-m\libc.a(strlen.o)
 .comment       0x00000000       0x7a C:/Freescale/CW MCU v10.6/MCU/ARM_GCC_Support/ewl/lib/armv7e-m\libc.a(__filll_mem.o)

.debug_loc      0x00000000     0x200b
 .debug_loc     0x00000000       0xe8 ./Generated_Code/Cpu.o
 .debug_loc     0x000000e8      0x1f8 ./Generated_Code/AdcLdd1.o
 .debug_loc     0x000002e0      0x138 ./Generated_Code/AD1.o
 .debug_loc     0x00000418       0x84 ./Sources/Events.o
 .debug_loc     0x0000049c      0xbdc C:/Freescale/CW MCU v10.6/MCU/ARM_GCC_Support/ewl/lib/armv7e-m\libc.a(printformat_.o)
 .debug_loc     0x00001078      0x8b6 C:/Freescale/CW MCU v10.6/MCU/ARM_GCC_Support/ewl/lib/armv7e-m\libc.a(scanformat_.o)
 .debug_loc     0x0000192e      0x18e C:/Freescale/CW MCU v10.6/MCU/ARM_GCC_Support/ewl/lib/armv7e-m\libc.a(ctype_aeabi.o)
 .debug_loc     0x00001abc      0x2bb C:/Freescale/CW MCU v10.6/MCU/ARM_GCC_Support/ewl/lib/armv7e-m\libc.a(__strtoul.o)
 .debug_loc     0x00001d77       0x62 C:/Freescale/CW MCU v10.6/MCU/ARM_GCC_Support/ewl/lib/armv7e-m\libc.a(memchr.o)
 .debug_loc     0x00001dd9       0x64 C:/Freescale/CW MCU v10.6/MCU/ARM_GCC_Support/ewl/lib/armv7e-m\libc.a(memset.o)
 .debug_loc     0x00001e3d       0x7c C:/Freescale/CW MCU v10.6/MCU/ARM_GCC_Support/ewl/lib/armv7e-m\libc.a(strchr.o)
 .debug_loc     0x00001eb9       0x26 C:/Freescale/CW MCU v10.6/MCU/ARM_GCC_Support/ewl/lib/armv7e-m\libc.a(strlen.o)
 .debug_loc     0x00001edf      0x12c C:/Freescale/CW MCU v10.6/MCU/ARM_GCC_Support/ewl/lib/armv7e-m\libc.a(__filll_mem.o)

.debug_frame    0x00000000      0x554
 .debug_frame   0x00000000       0xa4 ./Generated_Code/Cpu.o
 .debug_frame   0x000000a4      0x114 ./Generated_Code/AdcLdd1.o
 .debug_frame   0x000001b8       0xc4 ./Generated_Code/AD1.o
 .debug_frame   0x0000027c       0x58 ./Sources/Events.o
 .debug_frame   0x000002d4       0x64 C:/Freescale/CW MCU v10.6/MCU/ARM_GCC_Support/ewl/lib/armv7e-m\libc.a(printformat_.o)
 .debug_frame   0x00000338       0x3c C:/Freescale/CW MCU v10.6/MCU/ARM_GCC_Support/ewl/lib/armv7e-m\libc.a(scanformat_.o)
 .debug_frame   0x00000374       0xf0 C:/Freescale/CW MCU v10.6/MCU/ARM_GCC_Support/ewl/lib/armv7e-m\libc.a(ctype_aeabi.o)
 .debug_frame   0x00000464       0x3c C:/Freescale/CW MCU v10.6/MCU/ARM_GCC_Support/ewl/lib/armv7e-m\libc.a(__strtoul.o)
 .debug_frame   0x000004a0       0x20 C:/Freescale/CW MCU v10.6/MCU/ARM_GCC_Support/ewl/lib/armv7e-m\libc.a(memchr.o)
 .debug_frame   0x000004c0       0x28 C:/Freescale/CW MCU v10.6/MCU/ARM_GCC_Support/ewl/lib/armv7e-m\libc.a(memset.o)
 .debug_frame   0x000004e8       0x20 C:/Freescale/CW MCU v10.6/MCU/ARM_GCC_Support/ewl/lib/armv7e-m\libc.a(strchr.o)
 .debug_frame   0x00000508       0x20 C:/Freescale/CW MCU v10.6/MCU/ARM_GCC_Support/ewl/lib/armv7e-m\libc.a(strlen.o)
 .debug_frame   0x00000528       0x2c C:/Freescale/CW MCU v10.6/MCU/ARM_GCC_Support/ewl/lib/armv7e-m\libc.a(__filll_mem.o)
