Archive member included because of file (symbol)

C:/Repos/Christopher-Kellie-Labs/lab4wtss/Sources/TSS\libTSS_KXX_M4.a(TSS_Filters.o)
                              ./Sources/TSS/TSS_SystemSetupData.o (TSS_KeyDetectorInitPrevCapSample)
C:/Repos/Christopher-Kellie-Labs/lab4wtss/Sources/TSS\libTSS_KXX_M4.a(TSS_KeyDetectorNormal.o)
                              ./Sources/TSS/TSS_SystemSetupData.o (TSS_KeyBasicStuckKeyControl)
C:/Repos/Christopher-Kellie-Labs/lab4wtss/Sources/TSS\libTSS_KXX_M4.a(TSS_KeyDetector.o)
                              C:/Repos/Christopher-Kellie-Labs/lab4wtss/Sources/TSS\libTSS_KXX_M4.a(TSS_KeyDetectorNormal.o) (TSS_KeyDetectorResetElectrodeDebouncing)
C:/Repos/Christopher-Kellie-Labs/lab4wtss/Sources/TSS\libTSS_KXX_M4.a(TSS_Main.o)
                              ./Generated_Code/TSS1.o (TSS_Init)
C:/Freescale/CW MCU v10.6/MCU/ARM_GCC_Support/ewl/lib/armv7e-m\libc.a(exit.o)
                              ./Project_Settings/Startup_Code/__arm_start.o (exit)
C:/Freescale/CW MCU v10.6/MCU/ARM_GCC_Support/ewl/lib/armv7e-m\libc.a(memset.o)
                              ./Project_Settings/Startup_Code/__arm_start.o (memset)
C:/Freescale/CW MCU v10.6/MCU/ARM_GCC_Support/ewl/lib/armv7e-m\libc.a(__filll_mem.o)
                              C:/Freescale/CW MCU v10.6/MCU/ARM_GCC_Support/ewl/lib/armv7e-m\libc.a(memset.o) (__fill_mem)
C:/Freescale/CW MCU v10.6/MCU/ARM_GCC_Support/ewl/lib/armv7e-m\libc.a(printformat_.o)
                              (__pformatter_)
C:/Freescale/CW MCU v10.6/MCU/ARM_GCC_Support/ewl/lib/armv7e-m\libc.a(scanformat_.o)
                              (__sformatter)
C:/Freescale/CW MCU v10.6/MCU/ARM_GCC_Support/ewl/lib/armv7e-m\libc.a(ctype_aeabi.o)
                              C:/Freescale/CW MCU v10.6/MCU/ARM_GCC_Support/ewl/lib/armv7e-m\libc.a(scanformat_.o) (isspace)
C:/Freescale/CW MCU v10.6/MCU/ARM_GCC_Support/ewl/lib/armv7e-m\libc.a(__strtoul.o)
                              C:/Freescale/CW MCU v10.6/MCU/ARM_GCC_Support/ewl/lib/armv7e-m\libc.a(scanformat_.o) (__strtoul)
C:/Freescale/CW MCU v10.6/MCU/ARM_GCC_Support/ewl/lib/armv7e-m\libc.a(strchr.o)
                              C:/Freescale/CW MCU v10.6/MCU/ARM_GCC_Support/ewl/lib/armv7e-m\libc.a(printformat_.o) (strchr)
C:/Freescale/CW MCU v10.6/MCU/ARM_GCC_Support/ewl/lib/armv7e-m\libc.a(strlen.o)
                              C:/Freescale/CW MCU v10.6/MCU/ARM_GCC_Support/ewl/lib/armv7e-m\libc.a(printformat_.o) (strlen)
C:/Freescale/CW MCU v10.6/MCU/ARM_GCC_Support/ewl/lib/armv7e-m\libc.a(memchr.o)
                              C:/Freescale/CW MCU v10.6/MCU/ARM_GCC_Support/ewl/lib/armv7e-m\libc.a(printformat_.o) (memchr)
c:/freescale/cw mcu v10.6/cross_tools/arm-none-eabi-gcc-4_7_3/bin/../lib/gcc/arm-none-eabi/4.7.3/armv7e-m\libgcc.a(_arm_addsubsf3.o)
                              ./Generated_Code/Term1.o (__aeabi_fsub)
c:/freescale/cw mcu v10.6/cross_tools/arm-none-eabi-gcc-4_7_3/bin/../lib/gcc/arm-none-eabi/4.7.3/armv7e-m\libgcc.a(_arm_muldivsf3.o)
                              ./Generated_Code/Term1.o (__aeabi_fmul)
c:/freescale/cw mcu v10.6/cross_tools/arm-none-eabi-gcc-4_7_3/bin/../lib/gcc/arm-none-eabi/4.7.3/armv7e-m\libgcc.a(_arm_cmpsf2.o)
                              ./Generated_Code/Term1.o (__aeabi_fcmplt)
c:/freescale/cw mcu v10.6/cross_tools/arm-none-eabi-gcc-4_7_3/bin/../lib/gcc/arm-none-eabi/4.7.3/armv7e-m\libgcc.a(_arm_fixunssfsi.o)
                              ./Generated_Code/Term1.o (__aeabi_f2uiz)
C:/Freescale/CW MCU v10.6/MCU/ARM_GCC_Support/ewl/lib/armv7e-m\librt.a(gcc_ctor_dtor.o)
                              ./Project_Settings/Startup_Code/__arm_start.o (__init_cpp)
C:/Freescale/CW MCU v10.6/MCU/ARM_GCC_Support/ewl/lib/armv7e-m\librt.a(__arm_eabi_init.o)
                              C:/Freescale/CW MCU v10.6/MCU/ARM_GCC_Support/ewl/lib/armv7e-m\libc.a(exit.o) (__destroy_global_chain)
C:/Freescale/CW MCU v10.6/MCU/ARM_GCC_Support/ewl/lib/armv7e-m\librt.a(ROMCopy.o)
                              ./Project_Settings/Startup_Code/__arm_start.o (__copy_rom_sections_to_ram)

Allocating common symbols
Common symbol       size              file

tss_au8StuckCount   0x2               ./Sources/TSS/TSS_SystemSetupData.o
tss_u8ConfCheckSum  0x1               ./Sources/TSS/TSS_SystemSetupData.o
ASerialLdd1_DeviceDataPtr
                    0x4               ./Generated_Code/AS1.o
tss_au8Sensitivity  0x2               ./Sources/TSS/TSS_SystemSetupData.o
tss_ai8DeltaAmplitude
                    0x2               ./Sources/TSS/TSS_SystemSetupData.o
tss_CSSys           0xc               ./Sources/TSS/TSS_SystemSetupData.o
tss_ai8MaxDeltaAmplitude
                    0x2               ./Sources/TSS/TSS_SystemSetupData.o
tss_u8SampleIntFlag
                    0x1               ./Sources/TSS/TSS_Sensor.o
tss_ai8SensitivityLowLimit
                    0x1               ./Sources/TSS/TSS_SystemSetupData.o
tss_ai8InstantDelta
                    0x2               ./Sources/TSS/TSS_SystemSetupData.o
[...]
Memory Configuration

Name             Origin             Length             Attributes
m_interrupts     0x00000000         0x000000f8         xr
m_text           0x00000410         0x0001fbf0         xr
m_data           0x1fffe000         0x00002000         rw
m_data_20000000  0x20000000         0x00002000         rw
m_cfmprotrom     0x00000400         0x00000010         xr
*default*        0x00000000         0xffffffff

Linker script and memory map

LOAD ./Generated_Code/Vectors.o
LOAD ./Generated_Code/Term1.o
LOAD ./Generated_Code/TU2.o
LOAD ./Generated_Code/TU1.o
LOAD ./Generated_Code/TSS1.o
LOAD ./Generated_Code/RedLED.o
LOAD ./Generated_Code/RealTimeLdd1.o
LOAD ./Generated_Code/PwmLdd3.o
LOAD ./Generated_Code/PwmLdd2.o
LOAD ./Generated_Code/PwmLdd1.o
LOAD ./Generated_Code/PE_LDD.o
LOAD ./Generated_Code/IntI2cLdd1.o
LOAD ./Generated_Code/Inhr1.o
LOAD ./Generated_Code/GreenLED.o
LOAD ./Generated_Code/FC321.o
LOAD ./Generated_Code/Cpu.o
LOAD ./Generated_Code/CI2C1.o
LOAD ./Generated_Code/BlueLED.o
LOAD ./Generated_Code/ASerialLdd2.o
LOAD ./Generated_Code/AS1.o
LOAD ./Project_Settings/Startup_Code/__arm_start.o
LOAD ./Project_Settings/Startup_Code/__arm_end.o
LOAD ./Sources/TSS/TSS_SystemSetupData.o
LOAD ./Sources/TSS/TSS_SensorTSIL.o
LOAD ./Sources/TSS/TSS_SensorTSI.o
LOAD ./Sources/TSS/TSS_SensorGPIO.o
LOAD ./Sources/TSS/TSS_Sensor.o
LOAD ./Sources/TSS/TSS_Freemaster.o
LOAD ./Sources/main.o
LOAD ./Sources/Events.o
                0x00006728                __pformatter = __pformatter_
                [0x00006b20]                __sformatter = __sformatter
LOAD C:/Repos/Christopher-Kellie-Labs/lab4wtss/Sources/TSS\libTSS_KXX_M4.a
START GROUP
LOAD C:/Freescale/CW MCU v10.6/MCU/ARM_GCC_Support/ewl/lib/armv7e-m\libc.a
LOAD C:/Freescale/CW MCU v10.6/MCU/ARM_GCC_Support/ewl/lib/armv7e-m\libm.a
LOAD c:/freescale/cw mcu v10.6/cross_tools/arm-none-eabi-gcc-4_7_3/bin/../lib/gcc/arm-none-eabi/4.7.3/armv7e-m\libgcc.a
LOAD C:/Freescale/CW MCU v10.6/MCU/ARM_GCC_Support/ewl/lib/armv7e-m\librt.a
LOAD C:/Freescale/CW MCU v10.6/MCU/ARM_GCC_Support/ewl/lib/armv7e-m\libuart.a
END GROUP
                0x20000000                _estack = 0x20000000
                0x20000000                __SP_INIT = _estack
                0x00000000                __heap_size = 0x0
                0x00000400                __stack_size = 0x400

.interrupts     0x00000000       0xf8
                0x00000000                __vector_table = .
                0x00000000                . = ALIGN (0x4)
 *(.vectortable)
 .vectortable   0x00000000       0xf8 ./Generated_Code/Vectors.o
                0x00000000                __vect_table
                0x000000f8                . = ALIGN (0x4)

.cfmprotect     0x00000400       0x10
                0x00000400                . = ALIGN (0x4)
 *(.cfmconfig)
 .cfmconfig     0x00000400       0x10 ./Generated_Code/Cpu.o
                0x00000400                _cfm
                0x00000410                . = ALIGN (0x4)

.text           0x00000410     0x73f8
                0x00000410                . = ALIGN (0x4)
 *(.text)
 .text          0x00000410      0x1a4 C:/Repos/Christopher-Kellie-Labs/lab4wtss/Sources/TSS\libTSS_KXX_M4.a(TSS_Filters.o)
                0x00000410                TSS_u16NoiseAmplitudeFilter
                0x00000442                TSS_i8NoiseAmplitudeFilter
                0x00000474                TSS_ShieldEquation
                0x000004d8                TSS_KeyDetectorInitPrevCapSample
                0x000004ec                TSS_KeyDetectorCalculateIIRFilter
                0x00000508                TSS_KeyDetectorCalculateShielding
                0x0000051c                TSS_KeyDetectorSignalDivider
                0x00000534                TSS_KeyDetectorSignalMultiplier
                0x0000055c                TSS_SubUInt16WithUInt16ToSInt16
                0x00000580                TSS_ShiftSInt16ToUInt16
                0x0000058a                TSS_CutSInt16ToSInt8
                0x000005a2                TSS_SensitivityLowLimitControl
 .text          0x000005b4      0x810 C:/Repos/Christopher-Kellie-Labs/lab4wtss/Sources/TSS\libTSS_KXX_M4.a(TSS_KeyDetectorNormal.o)
                0x0000062c                TSS_KeyBasicStuckKeyControl
                0x00000680                TSS_KeyBasicDetect
                0x00000804                TSS_KeyBasicNegativeBaselineDrop
                0x0000089c                TSS_KeyBasicElectrodeEval
                0x00000af0                TSS_KeyBasicSensAutoCalibration
                0x00000d24                TSS_KeyBasicDeltaNoiseAnalysisIIRControl
                0x00000d94                TSS_KeyBasicGetSystemDataContext
 .text          0x00000dc4      0x6c0 C:/Repos/Christopher-Kellie-Labs/lab4wtss/Sources/TSS\libTSS_KXX_M4.a(TSS_KeyDetector.o)
                0x00000e04                TSS_KeyDetectorResetElectrodeDebouncing
                0x00000e20                TSS_KeyDetectorResetElectrode
                0x00000e34                TSS_KeyDetectorRestartElectrode
                0x00000e78                TSS_KeyDetectorRecalibrateModules
                0x00000e88                TSS_KeyDetectorInit
                0x00000ebc                TSS_KeyDetectorResetElectrodeMeasured
                0x00000ee0                TSS_KeyDetectorCalculateDelta
                0x00000f00                TSS_KeyDetectorFillDeltaLogBuffer
                0x00000f14                TSS_KeyDetectorFillSignalLogBuffer
                0x00000f28                TSS_KeyDetectorResetStuckKeyCounter
                0x00000f34                TSS_KeyDetectorGetDCTrackerCounter
                0x00000f40                TSS_KeyDetectorGetSlowDCTrackerCounter
                0x00000f4c                TSS_KeyDetectorCalibrate
                0x00000f70                TSS_KeyDetectorReleaseElectrode
                0x00000f90                TSS_KeyDetectorMainSequenced
                0x00001170                TSS_KeyDetectorMain
                0x0000131c                TSS_KeyDetectorElectrodeStatusUpdate
                0x00001350                TSS_KeyDetectorGetElectrodeGroupStatus
                0x0000138c                TSS_KeyDetectorGetElectrodeEnablerStatus
                0x0000143c                TSS_KeyDetectorRecalibrationRequest
                0x0000144c                TSS_KeyDetectorGetShieldElectrodeReleaseStatus
 .text          0x00001484     0x1058 C:/Repos/Christopher-Kellie-Labs/lab4wtss/Sources/TSS\libTSS_KXX_M4.a(TSS_Main.o)
                0x00001518                TSS_InitRegisterArrays
                0x00001570                TSS_InitInternalArrays
                0x000015c0                TSS_Init
                0x00001628                TSS_DataCorruptionCheck
                0x000016dc                TSS_FaultEvaluation
                0x00001760                TSS_DecodersControl
                0x000017cc                TSS_TriggerControl
                0x0000181c                TSS_Task
                0x000018f4                TSS_TaskSeq
                0x000019cc                TSS_InternalControlPrivateData
                0x000019f0                TSS_SetControlPrivateData
                0x00001a04                TSS_GetControlPrivateData
                0x00001a1c                TSS_GetControlStruct
                0x00001a38                TSS_GetControlNumberOfElectrodes
                0x00001a58                TSS_GetControlFirstElectrodeIndex
                0x00001a78                TSS_GetControlLastElectrodeIndex
                0x00001aa0                TSS_GetControlElectrodeIndex
                0x00001ac8                TSS_SetControlElectrodesEnablers
                0x00001b48                TSS_GetControlElectrodesStatus
                0x00001b6c                TSS_TriggerConfig
                0x00001be4                TSS_LowPowerConfig
                0x00001c88                TSS_ProximityConfig
                0x00001ce0                TSS_SetSystemConfig
                0x00002004                TSS_GetSystemConfig
                0x0000211c                TSS_BrowseModules
                0x000021cc                TSS_LoadElectrodeData
                0x00002264                TSS_StoreElectrodeData
                0x000022d4                TSS_LoadModulesData
                0x00002338                TSS_StoreModulesData
                0x0000237c                TSS_LoadAllSystemData
                0x00002424                TSS_StoreAllSystemData
 .text          0x000024dc      0x21c c:/freescale/cw mcu v10.6/cross_tools/arm-none-eabi-gcc-4_7_3/bin/../lib/gcc/arm-none-eabi/4.7.3/armv7e-m\libgcc.a(_arm_addsubsf3.o)
                0x000024dc                __aeabi_frsub
                0x000024e4                __subsf3
                0x000024e4                __aeabi_fsub
                0x000024e8                __aeabi_fadd
                0x000024e8                __addsf3
                0x00002648                __aeabi_ui2f
                0x00002648                __floatunsisf
                0x00002650                __aeabi_i2f
                0x00002650                __floatsisf
                0x0000266c                __aeabi_ul2f
                0x0000266c                __floatundisf
                0x0000267c                __aeabi_l2f
                0x0000267c                __floatdisf
 .text          0x000026f8      0x2a0 c:/freescale/cw mcu v10.6/cross_tools/arm-none-eabi-gcc-4_7_3/bin/../lib/gcc/arm-none-eabi/4.7.3/armv7e-m\libgcc.a(_arm_muldivsf3.o)
                0x000026f8                __mulsf3
                0x000026f8                __aeabi_fmul
                0x00002860                __aeabi_fdiv
                0x00002860                __divsf3
 .text          0x00002998       0xec c:/freescale/cw mcu v10.6/cross_tools/arm-none-eabi-gcc-4_7_3/bin/../lib/gcc/arm-none-eabi/4.7.3/armv7e-m\libgcc.a(_arm_cmpsf2.o)
                0x00002998                __gesf2
                0x00002998                __gtsf2
                0x000029a0                __lesf2
                0x000029a0                __ltsf2
                0x000029a8                __nesf2
                0x000029a8                __eqsf2
                0x000029a8                __cmpsf2
                0x00002a08                __aeabi_cfrcmple
                0x00002a10                __aeabi_cfcmpeq
                0x00002a10                __aeabi_cfcmple
                0x00002a20                __aeabi_fcmpeq
                0x00002a34                __aeabi_fcmplt
                0x00002a48                __aeabi_fcmple
                0x00002a5c                __aeabi_fcmpge
                0x00002a70                __aeabi_fcmpgt
 .text          0x00002a84       0x40 c:/freescale/cw mcu v10.6/cross_tools/arm-none-eabi-gcc-4_7_3/bin/../lib/gcc/arm-none-eabi/4.7.3/armv7e-m\libgcc.a(_arm_fixunssfsi.o)
                0x00002a84                __fixunssfsi
                0x00002a84                __aeabi_f2uiz
 *(.text*)
 .text.SendESCPrefix
                0x00002ac4       0x28 ./Generated_Code/Term1.o
 .text.Term1_CRLF
                0x00002aec       0x28 ./Generated_Code/Term1.o
                0x00002aec                Term1_CRLF
 .text.Term1_SendStr
                0x00002b14       0x38 ./Generated_Code/Term1.o
                0x00002b14                Term1_SendStr
 .text.LongToStr
                0x00002b4c      0x128 ./Generated_Code/Term1.o
 .text.Term1_SendNum
                0x00002c74       0x58 ./Generated_Code/Term1.o
                0x00002c74                Term1_SendNum
 .text.Term1_SetColor
                0x00002ccc       0x70 ./Generated_Code/Term1.o
                0x00002ccc                Term1_SetColor
 .text.TU2_Init
                0x00002d3c      0x140 ./Generated_Code/TU2.o
                0x00002d3c                TU2_Init
 .text.TU2_ResetCounter
                0x00002e7c       0x28 ./Generated_Code/TU2.o
                0x00002e7c                TU2_ResetCounter
 .text.TU2_Interrupt
                0x00002ea4       0x80 ./Generated_Code/TU2.o
                0x00002ea4                TU2_Interrupt
 .text.TU1_Init
                0x00002f24      0x210 ./Generated_Code/TU1.o
                0x00002f24                TU1_Init
 .text.TU1_GetPeriodTicks
                0x00003134       0x34 ./Generated_Code/TU1.o
                0x00003134                TU1_GetPeriodTicks
 .text.TU1_SetOffsetTicks
                0x00003168       0x64 ./Generated_Code/TU1.o
                0x00003168                TU1_SetOffsetTicks
 .text.TSS1_InitDevices
                0x000031cc       0x78 ./Generated_Code/TSS1.o
                0x000031cc                TSS1_InitDevices
 .text.RealTimeLdd1_Init
                0x00003244       0x74 ./Generated_Code/RealTimeLdd1.o
                0x00003244                RealTimeLdd1_Init
 .text.RealTimeLdd1_Reset
                0x000032b8       0xa0 ./Generated_Code/RealTimeLdd1.o
                0x000032b8                RealTimeLdd1_Reset
 .text.RealTimeLdd1_GetTimeMS
                0x00003358       0xe0 ./Generated_Code/RealTimeLdd1.o
                0x00003358                RealTimeLdd1_GetTimeMS
 .text.TU2_OnCounterRestart
                0x00003438       0x3c ./Generated_Code/RealTimeLdd1.o
                0x00003438                TU2_OnCounterRestart
 .text.PwmLdd3_Init
                0x00003474       0x6c ./Generated_Code/PwmLdd3.o
                0x00003474                PwmLdd3_Init
 .text.PwmLdd3_SetRatio8
                0x000034e0       0x34 ./Generated_Code/PwmLdd3.o
                0x000034e0                PwmLdd3_SetRatio8
 .text.SetRatio
                0x00003514       0x58 ./Generated_Code/PwmLdd3.o
 .text.PwmLdd2_Init
                0x0000356c       0x6c ./Generated_Code/PwmLdd2.o
                0x0000356c                PwmLdd2_Init
 .text.PwmLdd2_SetRatio8
                0x000035d8       0x34 ./Generated_Code/PwmLdd2.o
                0x000035d8                PwmLdd2_SetRatio8
 .text.SetRatio
                0x0000360c       0x58 ./Generated_Code/PwmLdd2.o
 .text.PwmLdd1_Init
                0x00003664       0x6c ./Generated_Code/PwmLdd1.o
                0x00003664                PwmLdd1_Init
 .text.PwmLdd1_SetRatio8
                0x000036d0       0x34 ./Generated_Code/PwmLdd1.o
                0x000036d0                PwmLdd1_SetRatio8
 .text.SetRatio
                0x00003704       0x58 ./Generated_Code/PwmLdd1.o
 .text.IntI2cLdd1_Main
                0x0000375c      0x3b8 ./Generated_Code/IntI2cLdd1.o
                0x0000375c                IntI2cLdd1_Main
 .text.IntI2cLdd1_Init
                0x00003b14      0x198 ./Generated_Code/IntI2cLdd1.o
                0x00003b14                IntI2cLdd1_Init
 .text.IntI2cLdd1_MasterSendBlock
                0x00003cac      0x194 ./Generated_Code/IntI2cLdd1.o
                0x00003cac                IntI2cLdd1_MasterSendBlock
 .text.IntI2cLdd1_MasterGetBlockSentStatus
                0x00003e40       0x30 ./Generated_Code/IntI2cLdd1.o
                0x00003e40                IntI2cLdd1_MasterGetBlockSentStatus
 .text.IntI2cLdd1_MasterGetSentDataNum
                0x00003e70       0x18 ./Generated_Code/IntI2cLdd1.o
                0x00003e70                IntI2cLdd1_MasterGetSentDataNum
 .text.IntI2cLdd1_MasterReceiveBlock
                0x00003e88      0x190 ./Generated_Code/IntI2cLdd1.o
                0x00003e88                IntI2cLdd1_MasterReceiveBlock
 .text.IntI2cLdd1_MasterGetBlockReceivedStatus
                0x00004018       0x3c ./Generated_Code/IntI2cLdd1.o
                0x00004018                IntI2cLdd1_MasterGetBlockReceivedStatus
 .text.IntI2cLdd1_MasterGetReceivedDataNum
                0x00004054       0x18 ./Generated_Code/IntI2cLdd1.o
                0x00004054                IntI2cLdd1_MasterGetReceivedDataNum
 .text.IntI2cLdd1_SelectSlaveDevice
                0x0000406c      0x100 ./Generated_Code/IntI2cLdd1.o
                0x0000406c                IntI2cLdd1_SelectSlaveDevice
 .text.IntI2cLdd1_GetError
                0x0000416c       0x30 ./Generated_Code/IntI2cLdd1.o
                0x0000416c                IntI2cLdd1_GetError
 .text.IntI2cLdd1_CheckBus
                0x0000419c       0x40 ./Generated_Code/IntI2cLdd1.o
                0x0000419c                IntI2cLdd1_CheckBus
 .text.HWEnDi   0x000041dc       0x24 ./Generated_Code/Inhr1.o
 .text.Inhr1_SendChar
                0x00004200       0x84 ./Generated_Code/Inhr1.o
                0x00004200                Inhr1_SendChar
 .text.Inhr1_Init
                0x00004284       0x2c ./Generated_Code/Inhr1.o
                0x00004284                Inhr1_Init
 .text.ASerialLdd2_OnBreak
                0x000042b0       0x2c ./Generated_Code/Inhr1.o
                0x000042b0                ASerialLdd2_OnBreak
 .text.Cpu_INT_NMIInterrupt
                0x000042dc       0x1c ./Generated_Code/Cpu.o
                0x000042dc                Cpu_INT_NMIInterrupt
 .text.Cpu_Interrupt
                0x000042f8       0x18 ./Generated_Code/Cpu.o
                0x000042f8                Cpu_Interrupt
 .text.__init_hardware
                0x00004310      0x268 ./Generated_Code/Cpu.o
                0x00004310                __init_hardware
 .text.Cpu_SetBASEPRI
                0x00004578       0x18 ./Generated_Code/Cpu.o
                0x00004578                Cpu_SetBASEPRI
 .text.PE_low_level_init
                0x00004590      0x14c ./Generated_Code/Cpu.o
                0x00004590                PE_low_level_init
 .text.CI2C1_SendChar
                0x000046dc       0x3c ./Generated_Code/CI2C1.o
                0x000046dc                CI2C1_SendChar
 .text.CI2C1_SendBlock
                0x00004718      0x138 ./Generated_Code/CI2C1.o
                0x00004718                CI2C1_SendBlock
 .text.CI2C1_RecvBlock
                0x00004850      0x174 ./Generated_Code/CI2C1.o
                0x00004850                CI2C1_RecvBlock
 .text.CI2C1_SendStop
                0x000049c4       0x84 ./Generated_Code/CI2C1.o
                0x000049c4                CI2C1_SendStop
 .text.CI2C1_SelectSlave
                0x00004a48       0x38 ./Generated_Code/CI2C1.o
                0x00004a48                CI2C1_SelectSlave
 .text.CI2C1_Init
                0x00004a80       0x1c ./Generated_Code/CI2C1.o
                0x00004a80                CI2C1_Init
 .text.ASerialLdd2_Init
                0x00004a9c      0x220 ./Generated_Code/ASerialLdd2.o
                0x00004a9c                ASerialLdd2_Init
 .text.ASerialLdd2_ReceiveBlock
                0x00004cbc       0x50 ./Generated_Code/ASerialLdd2.o
                0x00004cbc                ASerialLdd2_ReceiveBlock
 .text.ASerialLdd2_SendBlock
                0x00004d0c       0x60 ./Generated_Code/ASerialLdd2.o
                0x00004d0c                ASerialLdd2_SendBlock
 .text.InterruptRx
                0x00004d6c       0x5c ./Generated_Code/ASerialLdd2.o
 .text.InterruptTx
                0x00004dc8       0x68 ./Generated_Code/ASerialLdd2.o
 .text.ASerialLdd2_Main
                0x00004e30       0xe8 ./Generated_Code/ASerialLdd2.o
                0x00004e30                ASerialLdd2_Main
 .text.zero_fill_bss
                0x00004f18       0x2c ./Project_Settings/Startup_Code/__arm_start.o
 .text.__thumb_startup
                0x00004f44       0x30 ./Project_Settings/Startup_Code/__arm_start.o
                0x00004f44                __thumb_startup
 .text._ExitProcess
                0x00004f74        0xc ./Project_Settings/Startup_Code/__arm_end.o
                0x00004f74                _ExitProcess
 .text.TSS_IIRFilterEquation
                0x00004f80       0x30 ./Sources/TSS/TSS_SystemSetupData.o
                0x00004f80                TSS_IIRFilterEquation
 .text.TSI_InitModule
                0x00004fb0       0x54 ./Sources/TSS/TSS_SensorTSI.o
                0x00004fb0                TSI_InitModule
 .text.TSI_SetNSamples
                0x00005004       0x58 ./Sources/TSS/TSS_SensorTSI.o
                0x00005004                TSI_SetNSamples
 .text.TSI_InitLowPower
                0x0000505c       0x94 ./Sources/TSS/TSS_SensorTSI.o
                0x0000505c                TSI_InitLowPower
 .text.TSI_InitPEN
                0x000050f0      0x1d0 ./Sources/TSS/TSS_SensorTSI.o
                0x000050f0                TSI_InitPEN
 .text.TSI_Recalibrate
                0x000052c0      0x430 ./Sources/TSS/TSS_SensorTSI.o
                0x000052c0                TSI_Recalibrate
 .text.TSI_InitThresholds
                0x000056f0      0x140 ./Sources/TSS/TSS_SensorTSI.o
                0x000056f0                TSI_InitThresholds
 .text.TSI_InitTrigger
                0x00005830      0x188 ./Sources/TSS/TSS_SensorTSI.o
                0x00005830                TSI_InitTrigger
 .text.TSI_MethodControl
                0x000059b8      0x22c ./Sources/TSS/TSS_SensorTSI.o
                0x000059b8                TSI_MethodControl
 .text.TSI_ReadCounter
                0x00005be4      0x134 ./Sources/TSS/TSS_SensorTSI.o
                0x00005be4                TSI_ReadCounter
 .text.TSI_SampleElectrode
                0x00005d18      0x360 ./Sources/TSS/TSS_SensorTSI.o
                0x00005d18                TSI_SampleElectrode
 .text.TSS_TSI0Isr
                0x00006078       0xf0 ./Sources/TSS/TSS_SensorTSI.o
                0x00006078                TSS_TSI0Isr
 .text.TSS_SensorInitCallback
                0x00006168       0x38 ./Sources/TSS/TSS_Sensor.o
                0x00006168                TSS_SensorInitCallback
 .text.TSS_SensorInit
                0x000061a0       0x2c ./Sources/TSS/TSS_Sensor.o
                0x000061a0                TSS_SensorInit
 .text.main     0x000061cc      0x2a0 ./Sources/main.o
                0x000061cc                main
 .text.Cpu_OnNMIINT
                0x0000646c        0xc ./Sources/Events.o
                0x0000646c                Cpu_OnNMIINT
 .text.TSS1_fOnFault
                0x00006478       0x54 ./Sources/Events.o
                0x00006478                TSS1_fOnFault
 .text.TSS1_fOnInit
                0x000064cc        0xc ./Sources/Events.o
                0x000064cc                TSS1_fOnInit
 .text.exit     0x000064d8       0x38 C:/Freescale/CW MCU v10.6/MCU/ARM_GCC_Support/ewl/lib/armv7e-m\libc.a(exit.o)
                0x000064d8                exit
 .text.memset   0x00006510        0xc C:/Freescale/CW MCU v10.6/MCU/ARM_GCC_Support/ewl/lib/armv7e-m\libc.a(memset.o)
                0x00006510                memset
 .text.__fill_mem
                0x0000651c       0x76 C:/Freescale/CW MCU v10.6/MCU/ARM_GCC_Support/ewl/lib/armv7e-m\libc.a(__filll_mem.o)
                0x0000651c                __fill_mem
 .text.long2str.isra.0
                0x00006592      0x196 C:/Freescale/CW MCU v10.6/MCU/ARM_GCC_Support/ewl/lib/armv7e-m\libc.a(printformat_.o)
 .text.__pformatter_
                0x00006728      0x3f8 C:/Freescale/CW MCU v10.6/MCU/ARM_GCC_Support/ewl/lib/armv7e-m\libc.a(printformat_.o)
                0x00006728                __pformatter_
 .text.__sformatter
                0x00006b20      0x6f4 C:/Freescale/CW MCU v10.6/MCU/ARM_GCC_Support/ewl/lib/armv7e-m\libc.a(scanformat_.o)
                0x00006b20                __sformatter
 .text.isalpha  0x00007214       0x1c C:/Freescale/CW MCU v10.6/MCU/ARM_GCC_Support/ewl/lib/armv7e-m\libc.a(ctype_aeabi.o)
                0x00007214                isalpha
 .text.isspace  0x00007230       0x1c C:/Freescale/CW MCU v10.6/MCU/ARM_GCC_Support/ewl/lib/armv7e-m\libc.a(ctype_aeabi.o)
                0x00007230                isspace
 .text.toupper  0x0000724c        0xc C:/Freescale/CW MCU v10.6/MCU/ARM_GCC_Support/ewl/lib/armv7e-m\libc.a(ctype_aeabi.o)
                0x0000724c                toupper
 .text.__strtoul
                0x00007258      0x214 C:/Freescale/CW MCU v10.6/MCU/ARM_GCC_Support/ewl/lib/armv7e-m\libc.a(__strtoul.o)
                0x00007258                __strtoul
 .text.strchr   0x0000746c       0x1a C:/Freescale/CW MCU v10.6/MCU/ARM_GCC_Support/ewl/lib/armv7e-m\libc.a(strchr.o)
                0x0000746c                strchr
 .text.strlen   0x00007486       0x10 C:/Freescale/CW MCU v10.6/MCU/ARM_GCC_Support/ewl/lib/armv7e-m\libc.a(strlen.o)
                0x00007486                strlen
 .text.memchr   0x00007496       0x18 C:/Freescale/CW MCU v10.6/MCU/ARM_GCC_Support/ewl/lib/armv7e-m\libc.a(memchr.o)
                0x00007496                memchr
 *fill*         0x000074ae        0x2 00
 .text.__init_cpp
                0x000074b0       0x4c C:/Freescale/CW MCU v10.6/MCU/ARM_GCC_Support/ewl/lib/armv7e-m\librt.a(gcc_ctor_dtor.o)
                0x000074b0                __init_cpp
 .text.__fini_cpp
                0x000074fc       0x34 C:/Freescale/CW MCU v10.6/MCU/ARM_GCC_Support/ewl/lib/armv7e-m\librt.a(gcc_ctor_dtor.o)
                0x000074fc                __fini_cpp
 .text.__destroy_global_chain
                0x00007530       0x18 C:/Freescale/CW MCU v10.6/MCU/ARM_GCC_Support/ewl/lib/armv7e-m\librt.a(__arm_eabi_init.o)
                0x00007530                __destroy_global_chain
 .text.__init_registers
                0x00007548       0x24 C:/Freescale/CW MCU v10.6/MCU/ARM_GCC_Support/ewl/lib/armv7e-m\librt.a(__arm_eabi_init.o)
                0x00007548                __init_registers
 .text.__init_user
                0x0000756c        0x4 C:/Freescale/CW MCU v10.6/MCU/ARM_GCC_Support/ewl/lib/armv7e-m\librt.a(__arm_eabi_init.o)
                0x0000756c                __init_user
 .text.__copy_rom_section
                0x00007570       0x44 C:/Freescale/CW MCU v10.6/MCU/ARM_GCC_Support/ewl/lib/armv7e-m\librt.a(ROMCopy.o)
                0x00007570                __copy_rom_section
 .text.__copy_rom_sections_to_ram
                0x000075b4       0x30 C:/Freescale/CW MCU v10.6/MCU/ARM_GCC_Support/ewl/lib/armv7e-m\librt.a(ROMCopy.o)
                0x000075b4                __copy_rom_sections_to_ram
 *(.rodata)
 .rodata        0x000075e4       0x20 ./Sources/main.o
 .rodata        0x00007604       0x14 C:/Repos/Christopher-Kellie-Labs/lab4wtss/Sources/TSS\libTSS_KXX_M4.a(TSS_KeyDetector.o)
 .rodata        0x00007618        0xc C:/Repos/Christopher-Kellie-Labs/lab4wtss/Sources/TSS\libTSS_KXX_M4.a(TSS_Main.o)
 *(.rodata*)
 .rodata.ChannelDevice
                0x00007624        0x4 ./Generated_Code/TU1.o
 .rodata.ChannelMode
                0x00007628        0x4 ./Generated_Code/TU1.o
 .rodata.tss_acpsCSStructs
                0x0000762c        0x4 ./Sources/TSS/TSS_SystemSetupData.o
                0x0000762c                tss_acpsCSStructs
 .rodata.tss_cau8ShieldPairs
                0x00007630        0x4 ./Sources/TSS/TSS_SystemSetupData.o
                0x00007630                tss_cau8ShieldPairs
 .rodata.tss_cau8SignalDivider
                0x00007634        0x4 ./Sources/TSS/TSS_SystemSetupData.o
                0x00007634                tss_cau8SignalDivider
 .rodata.tss_cau8SignalMultiplier
                0x00007638        0x4 ./Sources/TSS/TSS_SystemSetupData.o
                0x00007638                tss_cau8SignalMultiplier
 .rodata.tss_fSetInternalPrivateData
                0x0000763c        0x4 ./Sources/TSS/TSS_SystemSetupData.o
                0x0000763c                tss_fSetInternalPrivateData
 .rodata.tss_fDecodersControl
                0x00007640        0x4 ./Sources/TSS/TSS_SystemSetupData.o
                0x00007640                tss_fDecodersControl
 .rodata.tss_cu8NumElecs
                0x00007644        0x1 ./Sources/TSS/TSS_SystemSetupData.o
                0x00007644                tss_cu8NumElecs
 .rodata.tss_cu8NumCtrls
                0x00007645        0x1 ./Sources/TSS/TSS_SystemSetupData.o
                0x00007645                tss_cu8NumCtrls
 .rodata.tss_cu8ElecBitFldLn
                0x00007646        0x1 ./Sources/TSS/TSS_SystemSetupData.o
                0x00007646                tss_cu8ElecBitFldLn
 *fill*         0x00007647        0x1 00
 .rodata.tss_fCalculateIIRFilter
                0x00007648        0x4 ./Sources/TSS/TSS_SystemSetupData.o
                0x00007648                tss_fCalculateIIRFilter
 .rodata.tss_fCalculateShielding
                0x0000764c        0x4 ./Sources/TSS/TSS_SystemSetupData.o
                0x0000764c                tss_fCalculateShielding
 .rodata.tss_fInitPrevCapSample
                0x00007650        0x4 ./Sources/TSS/TSS_SystemSetupData.o
                0x00007650                tss_fInitPrevCapSample
 .rodata.tss_fFillDeltaLogBuffer
                0x00007654        0x4 ./Sources/TSS/TSS_SystemSetupData.o
                0x00007654                tss_fFillDeltaLogBuffer
 .rodata.tss_fFillSignalLogBuffer
                0x00007658        0x4 ./Sources/TSS/TSS_SystemSetupData.o
                0x00007658                tss_fFillSignalLogBuffer
 .rodata.tss_fDataCorruptionCheck
                0x0000765c        0x4 ./Sources/TSS/TSS_SystemSetupData.o
                0x0000765c                tss_fDataCorruptionCheck
 .rodata.tss_fFmstrCall
                0x00007660        0x4 ./Sources/TSS/TSS_SystemSetupData.o
                0x00007660                tss_fFmstrCall
 .rodata.tss_fTriggerConfig
                0x00007664        0x4 ./Sources/TSS/TSS_SystemSetupData.o
                0x00007664                tss_fTriggerConfig
 .rodata.tss_fTriggerControl
                0x00007668        0x4 ./Sources/TSS/TSS_SystemSetupData.o
                0x00007668                tss_fTriggerControl
 .rodata.tss_fLowPowerConfig
                0x0000766c        0x4 ./Sources/TSS/TSS_SystemSetupData.o
                0x0000766c                tss_fLowPowerConfig
 .rodata.tss_fOnFault
                0x00007670        0x4 ./Sources/TSS/TSS_SystemSetupData.o
                0x00007670                tss_fOnFault
 .rodata.tss_fOnInit
                0x00007674        0x4 ./Sources/TSS/TSS_SystemSetupData.o
                0x00007674                tss_fOnInit
 .rodata.tss_fOnProximity
                0x00007678        0x4 ./Sources/TSS/TSS_SystemSetupData.o
                0x00007678                tss_fOnProximity
 .rodata.tss_fProximityConfig
                0x0000767c        0x4 ./Sources/TSS/TSS_SystemSetupData.o
                0x0000767c                tss_fProximityConfig
 .rodata.tss_fStuckKeyControl
                0x00007680        0x4 ./Sources/TSS/TSS_SystemSetupData.o
                0x00007680                tss_fStuckKeyControl
 .rodata.tss_fResetStuckKeyCounter
                0x00007684        0x4 ./Sources/TSS/TSS_SystemSetupData.o
                0x00007684                tss_fResetStuckKeyCounter
 .rodata.tss_fNegativeBaselineDrop
                0x00007688        0x4 ./Sources/TSS/TSS_SystemSetupData.o
                0x00007688                tss_fNegativeBaselineDrop
 .rodata.tss_fKeyDetectorRecalibrationRequest
                0x0000768c        0x4 ./Sources/TSS/TSS_SystemSetupData.o
                0x0000768c                tss_fKeyDetectorRecalibrationRequest
 .rodata.tss_fSignalDivider
                0x00007690        0x4 ./Sources/TSS/TSS_SystemSetupData.o
                0x00007690                tss_fSignalDivider
 .rodata.tss_fSignalMultiplier
                0x00007694        0x4 ./Sources/TSS/TSS_SystemSetupData.o
                0x00007694                tss_fSignalMultiplier
 .rodata.tss_fAutoCalibration
                0x00007698        0x4 ./Sources/TSS/TSS_SystemSetupData.o
                0x00007698                tss_fAutoCalibration
 .rodata.tss_fSensitivityLowLimitControl
                0x0000769c        0x4 ./Sources/TSS/TSS_SystemSetupData.o
                0x0000769c                tss_fSensitivityLowLimitControl
 .rodata.tss_fDeltaNoiseAnalysisIIRControl
                0x000076a0        0x4 ./Sources/TSS/TSS_SystemSetupData.o
                0x000076a0                tss_fDeltaNoiseAnalysisIIRControl
 .rodata.tss_cu8BaselineInitLength
                0x000076a4        0x1 ./Sources/TSS/TSS_SystemSetupData.o
                0x000076a4                tss_cu8BaselineInitLength
 .rodata.tss_cu8AutoCalibInitLength
                0x000076a5        0x1 ./Sources/TSS/TSS_SystemSetupData.o
                0x000076a5                tss_cu8AutoCalibInitLength
 *fill*         0x000076a6        0x2 00
 .rodata.tss_ci8DeltaNoiseAnalysisIIRWeights
                0x000076a8        0x4 ./Sources/TSS/TSS_SystemSetupData.o
                0x000076a8                tss_ci8DeltaNoiseAnalysisIIRWeights
 .rodata.tss_csKeyBasicASCContext
                0x000076ac        0x8 ./Sources/TSS/TSS_SystemSetupData.o
                0x000076ac                tss_csKeyBasicASCContext
 .rodata.tss_fKeyDetectorElectrodeEval
                0x000076b4        0x4 ./Sources/TSS/TSS_SystemSetupData.o
                0x000076b4                tss_fKeyDetectorElectrodeEval
 .rodata.tss_fKeyDetectorIntegrationResetEval
                0x000076b8        0x4 ./Sources/TSS/TSS_SystemSetupData.o
                0x000076b8                tss_fKeyDetectorIntegrationResetEval
 .rodata.tss_fKeyNoiseSchedulerInit
                0x000076bc        0x4 ./Sources/TSS/TSS_SystemSetupData.o
                0x000076bc                tss_fKeyNoiseSchedulerInit
 .rodata.tss_fKeyNoiseSchedulerRun
                0x000076c0        0x4 ./Sources/TSS/TSS_SystemSetupData.o
                0x000076c0                tss_fKeyNoiseSchedulerRun
 .rodata.tss_fGetSystemDataContext
                0x000076c4        0x4 ./Sources/TSS/TSS_SystemSetupData.o
                0x000076c4                tss_fGetSystemDataContext
 .rodata.TSS_TSI0_METHOD_ROMDATA_CONTEXT
                0x000076c8        0xc ./Sources/TSS/TSS_SensorTSI.o
                0x000076c8                TSS_TSI0_METHOD_ROMDATA_CONTEXT
 .rodata.TSS_E0_ROMDATA_CONTEXT
                0x000076d4        0xc ./Sources/TSS/TSS_SensorTSI.o
                0x000076d4                TSS_E0_ROMDATA_CONTEXT
 .rodata.TSS_E1_ROMDATA_CONTEXT
                0x000076e0        0xc ./Sources/TSS/TSS_SensorTSI.o
                0x000076e0                TSS_E1_ROMDATA_CONTEXT
 .rodata.tss_faSampleElectrode
                0x000076ec        0x8 ./Sources/TSS/TSS_Sensor.o
                0x000076ec                tss_faSampleElectrode
 .rodata.tss_acp8ElectrodeROMData
                0x000076f4        0x8 ./Sources/TSS/TSS_Sensor.o
                0x000076f4                tss_acp8ElectrodeROMData
 .rodata.str1.1
                0x000076fc        0x1 C:/Freescale/CW MCU v10.6/MCU/ARM_GCC_Support/ewl/lib/armv7e-m\libc.a(printformat_.o)
 .rodata.CSWTCH.20
                0x000076fd        0x5 C:/Freescale/CW MCU v10.6/MCU/ARM_GCC_Support/ewl/lib/armv7e-m\libc.a(printformat_.o)
 .rodata.CSWTCH.21
                0x00007702        0x5 C:/Freescale/CW MCU v10.6/MCU/ARM_GCC_Support/ewl/lib/armv7e-m\libc.a(printformat_.o)
 .rodata.__aeabi_ctype_table_C
                0x00007707      0x101 C:/Freescale/CW MCU v10.6/MCU/ARM_GCC_Support/ewl/lib/armv7e-m\libc.a(ctype_aeabi.o)
                0x00007707                __aeabi_ctype_table_C
 *(.glue_7)
 .glue_7        0x00000000        0x0 linker stubs
 *(.glue_7t)
 .glue_7t       0x00000000        0x0 linker stubs
 *(.eh_frame)
 *(.init)
 *(.fini)
                0x00007808                . = ALIGN (0x4)
                0x00007808                _etext = .

.vfp11_veneer   0x00007808        0x0
 .vfp11_veneer  0x00000000        0x0 linker stubs

.v4_bx          0x00007808        0x0
 .v4_bx         0x00000000        0x0 linker stubs

.iplt           0x00007808        0x0
 .iplt          0x00000000        0x0 ./Generated_Code/Vectors.o

.rel.dyn        0x00007808        0x0
 .rel.iplt      0x00000000        0x0 ./Generated_Code/Vectors.o

.ARM.extab
 *(.ARM.extab* .gnu.linkonce.armextab.*)

.ARM            0x00007808        0x0
                0x00007808                __exidx_start = .
 *(.ARM.exidx*)
                0x00007808                __exidx_end = .

.ctors          0x00007808        0x0
                0x00007808                __CTOR_LIST__ = .
 *crtbegin.o(.ctors)
 *(EXCLUDE_FILE(*crtend.o) .ctors)
 *(SORT(.ctors.*))
 *(.ctors)
                0x00007808                __CTOR_END__ = .

.dtors          0x00007808        0x0
                0x00007808                __DTOR_LIST__ = .
 *crtbegin.o(.dtors)
 *(EXCLUDE_FILE(*crtend.o) .dtors)
 *(SORT(.dtors.*))
 *(.dtors)
                0x00007808                __DTOR_END__ = .

.preinit_array  0x00007808        0x0
                0x00007808                PROVIDE (__preinit_array_start, .)
 *(.preinit_array*)
                0x00007808                PROVIDE (__preinit_array_end, .)

.init_array     0x00007808        0x0
                0x00007808                PROVIDE (__init_array_start, .)
 *(SORT(.init_array.*))
 *(.init_array*)
                0x00007808                PROVIDE (__init_array_end, .)

.fini_array     0x00007808        0x0
                0x00007808                PROVIDE (__fini_array_start, .)
 *(SORT(.fini_array.*))
 *(.fini_array*)
                0x00007808                PROVIDE (__fini_array_end, .)
                0x00007808                ___ROM_AT = .

.data           0x1fffe000        0x4 load address 0x00007808
                0x1fffe000                . = ALIGN (0x4)
                0x1fffe000                _sdata = .
 *(.data)
 .data          0x1fffe000        0x1 C:/Repos/Christopher-Kellie-Labs/lab4wtss/Sources/TSS\libTSS_KXX_M4.a(TSS_KeyDetector.o)
 *(.data*)
                0x1fffe004                . = ALIGN (0x4)
 *fill*         0x1fffe001        0x3 00
                0x1fffe004                _edata = .
                0x00000004                ___data_size = (_edata - _sdata)
                0x0000780c                ___m_data_20000000_ROMStart = (___ROM_AT + SIZEOF (.data))

.igot.plt       0x1fffe004        0x0 load address 0x0000780c
 .igot.plt      0x00000000        0x0 ./Generated_Code/Vectors.o

.m_data_20000000
                0x20000000        0x0 load address 0x0000780c
                0x20000000                . = ALIGN (0x4)
                0x20000000                ___m_data_20000000_RAMStart = .
 *(.m_data_20000000)
                0x20000000                ___m_data_20000000_RAMEnd = .
                0x20000000                . = ALIGN (0x4)
                0x00000000                ___m_data_20000000_ROMSize = (___m_data_20000000_RAMEnd - ___m_data_20000000_RAMStart)
                0x20000000                . = ALIGN (0x4)

.bss            0x1fffe004      0x190 load address 0x0000780c
                0x1fffe004                __START_BSS = .
                0x1fffe004                PROVIDE (__bss_start__, __START_BSS)
 *(.bss)
 .bss           0x1fffe004        0x5 C:/Repos/Christopher-Kellie-Labs/lab4wtss/Sources/TSS\libTSS_KXX_M4.a(TSS_KeyDetector.o)
 *fill*         0x1fffe009        0x3 00
 .bss           0x1fffe00c        0x8 C:/Repos/Christopher-Kellie-Labs/lab4wtss/Sources/TSS\libTSS_KXX_M4.a(TSS_Main.o)
 *(.bss*)
 .bss.DeviceDataPrv__DEFAULT_RTOS_ALLOC
                0x1fffe014        0xc ./Generated_Code/TU2.o
 .bss.INT_FTM1__DEFAULT_RTOS_ISRPARAM
                0x1fffe020        0x4 ./Generated_Code/TU2.o
 .bss.DeviceDataPrv__DEFAULT_RTOS_ALLOC
                0x1fffe024        0x8 ./Generated_Code/TU1.o
 .bss.DeviceDataPrv__DEFAULT_RTOS_ALLOC
                0x1fffe02c       0x14 ./Generated_Code/RealTimeLdd1.o
 .bss.DeviceDataPrv__DEFAULT_RTOS_ALLOC
                0x1fffe040        0xc ./Generated_Code/PwmLdd3.o
 .bss.DeviceDataPrv__DEFAULT_RTOS_ALLOC
                0x1fffe04c        0xc ./Generated_Code/PwmLdd2.o
 .bss.DeviceDataPrv__DEFAULT_RTOS_ALLOC
                0x1fffe058        0xc ./Generated_Code/PwmLdd1.o
 .bss.PE_LDD_DeviceDataList
                0x1fffe064       0x20 ./Generated_Code/PE_LDD.o
                0x1fffe064                PE_LDD_DeviceDataList
 .bss.DeviceDataPrv__DEFAULT_RTOS_ALLOC
                0x1fffe084       0x1c ./Generated_Code/IntI2cLdd1.o
 .bss.SerFlag   0x1fffe0a0        0x2 ./Generated_Code/Inhr1.o
 .bss.BufferRead
                0x1fffe0a2        0x1 ./Generated_Code/Inhr1.o
 .bss.OutBuffer
                0x1fffe0a3        0x1 ./Generated_Code/Inhr1.o
 .bss.SR_lock   0x1fffe0a4        0x1 ./Generated_Code/Cpu.o
                0x1fffe0a4                SR_lock
 .bss.ChrTemp   0x1fffe0a5        0x1 ./Generated_Code/CI2C1.o
 *fill*         0x1fffe0a6        0x2 00
 .bss.DeviceDataPrv__DEFAULT_RTOS_ALLOC
                0x1fffe0a8       0x20 ./Generated_Code/ASerialLdd2.o
 .bss.argv      0x1fffe0c8        0x4 ./Project_Settings/Startup_Code/__arm_start.o
 .bss.tss_apsControlPrivateData
                0x1fffe0cc        0x4 ./Sources/TSS/TSS_SystemSetupData.o
                0x1fffe0cc                tss_apsControlPrivateData
 .bss.TSS_TSI0_METHOD_RAMDATA_CONTEXT
                0x1fffe0d0        0x4 ./Sources/TSS/TSS_SensorTSI.o
                0x1fffe0d0                TSS_TSI0_METHOD_RAMDATA_CONTEXT
 .bss.__stdio_exit
                0x1fffe0d4        0x4 C:/Freescale/CW MCU v10.6/MCU/ARM_GCC_Support/ewl/lib/armv7e-m\libc.a(exit.o)
                0x1fffe0d4                __stdio_exit
 .bss.__console_exit
                0x1fffe0d8        0x4 C:/Freescale/CW MCU v10.6/MCU/ARM_GCC_Support/ewl/lib/armv7e-m\libc.a(exit.o)
                0x1fffe0d8                __console_exit
 .bss.__global_destructor_chain
                0x1fffe0dc        0x4 C:/Freescale/CW MCU v10.6/MCU/ARM_GCC_Support/ewl/lib/armv7e-m\librt.a(__arm_eabi_init.o)
                0x1fffe0dc                __global_destructor_chain
 .bss.__S_romp  0x1fffe0e0        0xc C:/Freescale/CW MCU v10.6/MCU/ARM_GCC_Support/ewl/lib/armv7e-m\librt.a(ROMCopy.o)
 *(COMMON)
 COMMON         0x1fffe0ec        0x4 ./Generated_Code/Inhr1.o
                0x1fffe0ec                ASerialLdd2_DeviceDataPtr
 COMMON         0x1fffe0f0        0x1 ./Generated_Code/Cpu.o
                0x1fffe0f0                SR_reg
 *fill*         0x1fffe0f1        0x3 00
 COMMON         0x1fffe0f4        0x6 ./Generated_Code/CI2C1.o
                0x1fffe0f4                IntI2cLdd1_DeviceDataPtr
                0x1fffe0f8                CI2C1_SndRcvTemp
 *fill*         0x1fffe0fa        0x2 00
 COMMON         0x1fffe0fc       0x81 ./Sources/TSS/TSS_SystemSetupData.o
                0x1fffe0fc                tss_au8StuckCount
                0x1fffe0fe                tss_u8ConfCheckSum
                0x1fffe100                tss_au8Sensitivity
                0x1fffe104                tss_ai8DeltaAmplitude
                0x1fffe108                tss_CSSys
                0x1fffe114                tss_ai8MaxDeltaAmplitude
                0x1fffe118                tss_ai8SensitivityLowLimit
                0x1fffe11c                tss_ai8InstantDelta
                0x1fffe120                tss_au16PrevCapSample
                0x1fffe124                tss_au8ControlScheduleCount
                0x1fffe128                tss_acpsDecROMContext
                0x1fffe12c                tss_au8TouchCount
                0x1fffe130                tss_au8ElectrodeMeasured
                0x1fffe134                tss_au16InstantSignal
                0x1fffe138                tss_au8DebounceCount
                0x1fffe13c                tss_au8ElectrodeStatus
                0x1fffe140                tss_au8ElectrodeMarker
                0x1fffe144                tss_ai8NoiseAmplitude
                0x1fffe148                tss_asDeltaNoiseAnalysisIIRData
                0x1fffe154                tss_asAutoCalibrationData
                0x1fffe15c                tss_au8ElecState
                0x1fffe160                tss_acpsDecRAMContext
                0x1fffe164                tss_au8ElectrodeEnablers
                0x1fffe168                tss_au8ElectrodeDCTrackerEnablers
                0x1fffe16c                tss_faDecoders
                0x1fffe170                tss_au16ElecBaseline
                0x1fffe174                tss_au8ReleaseCount
                0x1fffe178                tss_au8ElectrodeLowThresholdEnablers
                0x1fffe17c                tss_ai8IntegrationDelta
 *fill*         0x1fffe17d        0x3 00
 COMMON         0x1fffe180       0x10 ./Sources/TSS/TSS_Sensor.o
                0x1fffe180                tss_u8SampleIntFlag
                0x1fffe184                tss_psElectrodeTimertAdr
                0x1fffe188                tss_u8ElectrodeBitNum
                0x1fffe18c                tss_psElectrodeRGPIOAdr
 COMMON         0x1fffe190        0x2 C:/Repos/Christopher-Kellie-Labs/lab4wtss/Sources/TSS\libTSS_KXX_M4.a(TSS_KeyDetector.o)
                0x1fffe190                tss_u16CapSample
                0x1fffe194                . = ALIGN (0x4)
 *fill*         0x1fffe192        0x2 00
                0x1fffe194                __END_BSS = .
                0x1fffe194                PROVIDE (__bss_end__, __END_BSS)
                0x0000780c                _romp_at = ((___ROM_AT + SIZEOF (.data)) + SIZEOF (.m_data_20000000))

.romp           0x1fffe194       0x24 load address 0x0000780c
                0x0000780c                __S_romp = _romp_at
                0x1fffe194        0x4 LONG 0x7808 ___ROM_AT
                0x1fffe198        0x4 LONG 0x1fffe000 _sdata
                0x1fffe19c        0x4 LONG 0x4 ___data_size
                0x1fffe1a0        0x4 LONG 0x780c ___m_data_20000000_ROMStart
                0x1fffe1a4        0x4 LONG 0x20000000 ___m_data_20000000_RAMStart
                0x1fffe1a8        0x4 LONG 0x0 ___m_data_20000000_ROMSize
                0x1fffe1ac        0x4 LONG 0x0
                0x1fffe1b0        0x4 LONG 0x0
                0x1fffe1b4        0x4 LONG 0x0

._user_heap_stack
                0x1fffe1b8      0x400 load address 0x00007830
                0x1fffe1b8                . = ALIGN (0x4)
                0x1fffe1b8                PROVIDE (end, .)
                0x1fffe1b8                PROVIDE (_end, .)
                0x1fffe1b8                __heap_addr = .
                0x1fffe1b8                . = (. + __heap_size)
                0x1fffe5b8                . = (. + __stack_size)
 *fill*         0x1fffe1b8      0x400 00
                0x1fffe5b8                . = ALIGN (0x4)

.ARM.attributes
                0x00000000       0x33
 *(.ARM.attributes)
 .ARM.attributes
                0x00000000       0x33 ./Generated_Code/Vectors.o
 .ARM.attributes
                0x00000033       0x33 ./Generated_Code/Term1.o
 .ARM.attributes
                0x00000066       0x33 ./Generated_Code/TU2.o
 .ARM.attributes
                0x00000099       0x33 ./Generated_Code/TU1.o
 .ARM.attributes
                0x000000cc       0x33 ./Generated_Code/TSS1.o
 .ARM.attributes
                0x000000ff       0x33 ./Generated_Code/RealTimeLdd1.o
 .ARM.attributes
                0x00000132       0x33 ./Generated_Code/PwmLdd3.o
 .ARM.attributes
                0x00000165       0x33 ./Generated_Code/PwmLdd2.o
 .ARM.attributes
                0x00000198       0x33 ./Generated_Code/PwmLdd1.o
 .ARM.attributes
                0x000001cb       0x33 ./Generated_Code/PE_LDD.o
 .ARM.attributes
                0x000001fe       0x33 ./Generated_Code/IntI2cLdd1.o
 .ARM.attributes
                0x00000231       0x33 ./Generated_Code/Inhr1.o
 .ARM.attributes
                0x00000264       0x33 ./Generated_Code/Cpu.o
 .ARM.attributes
                0x00000297       0x33 ./Generated_Code/CI2C1.o
 .ARM.attributes
                0x000002ca       0x33 ./Generated_Code/ASerialLdd2.o
 .ARM.attributes
                0x000002fd       0x33 ./Project_Settings/Startup_Code/__arm_start.o
 .ARM.attributes
                0x00000330       0x33 ./Project_Settings/Startup_Code/__arm_end.o
 .ARM.attributes
                0x00000363       0x33 ./Sources/TSS/TSS_SystemSetupData.o
 .ARM.attributes
                0x00000396       0x33 ./Sources/TSS/TSS_SensorTSI.o
 .ARM.attributes
                0x000003c9       0x33 ./Sources/TSS/TSS_Sensor.o
 .ARM.attributes
                0x000003fc       0x33 ./Sources/main.o
 .ARM.attributes
                0x0000042f       0x33 ./Sources/Events.o
 .ARM.attributes
                0x00000462       0x33 C:/Repos/Christopher-Kellie-Labs/lab4wtss/Sources/TSS\libTSS_KXX_M4.a(TSS_Filters.o)
 .ARM.attributes
                0x00000495       0x33 C:/Repos/Christopher-Kellie-Labs/lab4wtss/Sources/TSS\libTSS_KXX_M4.a(TSS_KeyDetectorNormal.o)
 .ARM.attributes
                0x000004c8       0x33 C:/Repos/Christopher-Kellie-Labs/lab4wtss/Sources/TSS\libTSS_KXX_M4.a(TSS_KeyDetector.o)
 .ARM.attributes
                0x000004fb       0x33 C:/Repos/Christopher-Kellie-Labs/lab4wtss/Sources/TSS\libTSS_KXX_M4.a(TSS_Main.o)
 .ARM.attributes
                0x0000052e       0x33 C:/Freescale/CW MCU v10.6/MCU/ARM_GCC_Support/ewl/lib/armv7e-m\libc.a(exit.o)
 .ARM.attributes
                0x00000561       0x33 C:/Freescale/CW MCU v10.6/MCU/ARM_GCC_Support/ewl/lib/armv7e-m\libc.a(memset.o)
 .ARM.attributes
                0x00000594       0x33 C:/Freescale/CW MCU v10.6/MCU/ARM_GCC_Support/ewl/lib/armv7e-m\libc.a(__filll_mem.o)
 .ARM.attributes
                0x000005c7       0x33 C:/Freescale/CW MCU v10.6/MCU/ARM_GCC_Support/ewl/lib/armv7e-m\libc.a(printformat_.o)
 .ARM.attributes
                0x000005fa       0x33 C:/Freescale/CW MCU v10.6/MCU/ARM_GCC_Support/ewl/lib/armv7e-m\libc.a(scanformat_.o)
 .ARM.attributes
                0x0000062d       0x33 C:/Freescale/CW MCU v10.6/MCU/ARM_GCC_Support/ewl/lib/armv7e-m\libc.a(ctype_aeabi.o)
 .ARM.attributes
                0x00000660       0x33 C:/Freescale/CW MCU v10.6/MCU/ARM_GCC_Support/ewl/lib/armv7e-m\libc.a(__strtoul.o)
 .ARM.attributes
                0x00000693       0x33 C:/Freescale/CW MCU v10.6/MCU/ARM_GCC_Support/ewl/lib/armv7e-m\libc.a(strchr.o)
 .ARM.attributes
                0x000006c6       0x33 C:/Freescale/CW MCU v10.6/MCU/ARM_GCC_Support/ewl/lib/armv7e-m\libc.a(strlen.o)
 .ARM.attributes
                0x000006f9       0x33 C:/Freescale/CW MCU v10.6/MCU/ARM_GCC_Support/ewl/lib/armv7e-m\libc.a(memchr.o)
 .ARM.attributes
                0x0000072c       0x1e c:/freescale/cw mcu v10.6/cross_tools/arm-none-eabi-gcc-4_7_3/bin/../lib/gcc/arm-none-eabi/4.7.3/armv7e-m\libgcc.a(_arm_addsubsf3.o)
 .ARM.attributes
                0x0000074a       0x1e c:/freescale/cw mcu v10.6/cross_tools/arm-none-eabi-gcc-4_7_3/bin/../lib/gcc/arm-none-eabi/4.7.3/armv7e-m\libgcc.a(_arm_muldivsf3.o)
 .ARM.attributes
                0x00000768       0x1e c:/freescale/cw mcu v10.6/cross_tools/arm-none-eabi-gcc-4_7_3/bin/../lib/gcc/arm-none-eabi/4.7.3/armv7e-m\libgcc.a(_arm_cmpsf2.o)
 .ARM.attributes
                0x00000786       0x1e c:/freescale/cw mcu v10.6/cross_tools/arm-none-eabi-gcc-4_7_3/bin/../lib/gcc/arm-none-eabi/4.7.3/armv7e-m\libgcc.a(_arm_fixunssfsi.o)
 .ARM.attributes
                0x000007a4       0x33 C:/Freescale/CW MCU v10.6/MCU/ARM_GCC_Support/ewl/lib/armv7e-m\librt.a(gcc_ctor_dtor.o)
 .ARM.attributes
                0x000007d7       0x33 C:/Freescale/CW MCU v10.6/MCU/ARM_GCC_Support/ewl/lib/armv7e-m\librt.a(__arm_eabi_init.o)
 .ARM.attributes
                0x0000080a       0x33 C:/Freescale/CW MCU v10.6/MCU/ARM_GCC_Support/ewl/lib/armv7e-m\librt.a(ROMCopy.o)
OUTPUT(Lab3.elf elf32-littlearm)

.debug_info     0x00000000     0x90c3
 .debug_info    0x00000000      0x104 ./Generated_Code/Vectors.o
 .debug_info    0x00000104      0x419 ./Generated_Code/Term1.o
 .debug_info    0x0000051d      0x6ef ./Generated_Code/TU2.o
 .debug_info    0x00000c0c      0x7db ./Generated_Code/TU1.o
 .debug_info    0x000013e7      0x422 ./Generated_Code/TSS1.o
 .debug_info    0x00001809      0x362 ./Generated_Code/RealTimeLdd1.o
 .debug_info    0x00001b6b      0x324 ./Generated_Code/PwmLdd3.o
 .debug_info    0x00001e8f      0x324 ./Generated_Code/PwmLdd2.o
 .debug_info    0x000021b3      0x324 ./Generated_Code/PwmLdd1.o
 .debug_info    0x000024d7      0x24e ./Generated_Code/PE_LDD.o
 .debug_info    0x00002725      0x93b ./Generated_Code/IntI2cLdd1.o
 .debug_info    0x00003060      0x209 ./Generated_Code/Inhr1.o
 .debug_info    0x00003269      0xaae ./Generated_Code/Cpu.o
 .debug_info    0x00003d17      0x41e ./Generated_Code/CI2C1.o
 .debug_info    0x00004135      0x9e8 ./Generated_Code/ASerialLdd2.o
 .debug_info    0x00004b1d      0x12a ./Project_Settings/Startup_Code/__arm_start.o
 .debug_info    0x00004c47       0x54 ./Project_Settings/Startup_Code/__arm_end.o
 .debug_info    0x00004c9b      0xe9f ./Sources/TSS/TSS_SystemSetupData.o
 .debug_info    0x00005b3a      0xff7 ./Sources/TSS/TSS_SensorTSI.o
 .debug_info    0x00006b31      0x468 ./Sources/TSS/TSS_Sensor.o
 .debug_info    0x00006f99      0x218 ./Sources/main.o
 .debug_info    0x000071b1      0x422 ./Sources/Events.o
 .debug_info    0x000075d3       0xe8 C:/Freescale/CW MCU v10.6/MCU/ARM_GCC_Support/ewl/lib/armv7e-m\libc.a(exit.o)
 .debug_info    0x000076bb       0xec C:/Freescale/CW MCU v10.6/MCU/ARM_GCC_Support/ewl/lib/armv7e-m\libc.a(memset.o)
 .debug_info    0x000077a7      0x135 C:/Freescale/CW MCU v10.6/MCU/ARM_GCC_Support/ewl/lib/armv7e-m\libc.a(__filll_mem.o)
 .debug_info    0x000078dc      0x50e C:/Freescale/CW MCU v10.6/MCU/ARM_GCC_Support/ewl/lib/armv7e-m\libc.a(printformat_.o)
 .debug_info    0x00007dea      0x565 C:/Freescale/CW MCU v10.6/MCU/ARM_GCC_Support/ewl/lib/armv7e-m\libc.a(scanformat_.o)
 .debug_info    0x0000834f      0x306 C:/Freescale/CW MCU v10.6/MCU/ARM_GCC_Support/ewl/lib/armv7e-m\libc.a(ctype_aeabi.o)
 .debug_info    0x00008655      0x1d6 C:/Freescale/CW MCU v10.6/MCU/ARM_GCC_Support/ewl/lib/armv7e-m\libc.a(__strtoul.o)
 .debug_info    0x0000882b      0x108 C:/Freescale/CW MCU v10.6/MCU/ARM_GCC_Support/ewl/lib/armv7e-m\libc.a(strchr.o)
 .debug_info    0x00008933       0xeb C:/Freescale/CW MCU v10.6/MCU/ARM_GCC_Support/ewl/lib/armv7e-m\libc.a(strlen.o)
 .debug_info    0x00008a1e      0x120 C:/Freescale/CW MCU v10.6/MCU/ARM_GCC_Support/ewl/lib/armv7e-m\libc.a(memchr.o)
 .debug_info    0x00008b3e      0x136 C:/Freescale/CW MCU v10.6/MCU/ARM_GCC_Support/ewl/lib/armv7e-m\librt.a(gcc_ctor_dtor.o)
 .debug_info    0x00008c74      0x2b5 C:/Freescale/CW MCU v10.6/MCU/ARM_GCC_Support/ewl/lib/armv7e-m\librt.a(__arm_eabi_init.o)
 .debug_info    0x00008f29      0x19a C:/Freescale/CW MCU v10.6/MCU/ARM_GCC_Support/ewl/lib/armv7e-m\librt.a(ROMCopy.o)

.debug_abbrev   0x00000000     0x248f
 .debug_abbrev  0x00000000       0xa3 ./Generated_Code/Vectors.o
 .debug_abbrev  0x000000a3      0x196 ./Generated_Code/Term1.o
 .debug_abbrev  0x00000239      0x141 ./Generated_Code/TU2.o
 .debug_abbrev  0x0000037a      0x17e ./Generated_Code/TU1.o
 .debug_abbrev  0x000004f8       0xfc ./Generated_Code/TSS1.o
 .debug_abbrev  0x000005f4      0x126 ./Generated_Code/RealTimeLdd1.o
 .debug_abbrev  0x0000071a      0x114 ./Generated_Code/PwmLdd3.o
 .debug_abbrev  0x0000082e      0x114 ./Generated_Code/PwmLdd2.o
 .debug_abbrev  0x00000942      0x114 ./Generated_Code/PwmLdd1.o
 .debug_abbrev  0x00000a56      0x102 ./Generated_Code/PE_LDD.o
 .debug_abbrev  0x00000b58      0x168 ./Generated_Code/IntI2cLdd1.o
 .debug_abbrev  0x00000cc0      0x103 ./Generated_Code/Inhr1.o
 .debug_abbrev  0x00000dc3      0x15d ./Generated_Code/Cpu.o
 .debug_abbrev  0x00000f20      0x14a ./Generated_Code/CI2C1.o
 .debug_abbrev  0x0000106a      0x1a3 ./Generated_Code/ASerialLdd2.o
 .debug_abbrev  0x0000120d       0x92 ./Project_Settings/Startup_Code/__arm_start.o
 .debug_abbrev  0x0000129f       0x4c ./Project_Settings/Startup_Code/__arm_end.o
 .debug_abbrev  0x000012eb      0x11a ./Sources/TSS/TSS_SystemSetupData.o
 .debug_abbrev  0x00001405      0x1ef ./Sources/TSS/TSS_SensorTSI.o
 .debug_abbrev  0x000015f4      0x115 ./Sources/TSS/TSS_Sensor.o
 .debug_abbrev  0x00001709       0xb1 ./Sources/main.o
 .debug_abbrev  0x000017ba      0x107 ./Sources/Events.o
 .debug_abbrev  0x000018c1       0x7a C:/Freescale/CW MCU v10.6/MCU/ARM_GCC_Support/ewl/lib/armv7e-m\libc.a(exit.o)
 .debug_abbrev  0x0000193b       0x62 C:/Freescale/CW MCU v10.6/MCU/ARM_GCC_Support/ewl/lib/armv7e-m\libc.a(memset.o)
 .debug_abbrev  0x0000199d       0x87 C:/Freescale/CW MCU v10.6/MCU/ARM_GCC_Support/ewl/lib/armv7e-m\libc.a(__filll_mem.o)
 .debug_abbrev  0x00001a24      0x200 C:/Freescale/CW MCU v10.6/MCU/ARM_GCC_Support/ewl/lib/armv7e-m\libc.a(printformat_.o)
 .debug_abbrev  0x00001c24      0x1f0 C:/Freescale/CW MCU v10.6/MCU/ARM_GCC_Support/ewl/lib/armv7e-m\libc.a(scanformat_.o)
 .debug_abbrev  0x00001e14       0x85 C:/Freescale/CW MCU v10.6/MCU/ARM_GCC_Support/ewl/lib/armv7e-m\libc.a(ctype_aeabi.o)
 .debug_abbrev  0x00001e99       0xc2 C:/Freescale/CW MCU v10.6/MCU/ARM_GCC_Support/ewl/lib/armv7e-m\libc.a(__strtoul.o)
 .debug_abbrev  0x00001f5b       0x89 C:/Freescale/CW MCU v10.6/MCU/ARM_GCC_Support/ewl/lib/armv7e-m\libc.a(strchr.o)
 .debug_abbrev  0x00001fe4       0x7a C:/Freescale/CW MCU v10.6/MCU/ARM_GCC_Support/ewl/lib/armv7e-m\libc.a(strlen.o)
 .debug_abbrev  0x0000205e       0x95 C:/Freescale/CW MCU v10.6/MCU/ARM_GCC_Support/ewl/lib/armv7e-m\libc.a(memchr.o)
 .debug_abbrev  0x000020f3       0x99 C:/Freescale/CW MCU v10.6/MCU/ARM_GCC_Support/ewl/lib/armv7e-m\librt.a(gcc_ctor_dtor.o)
 .debug_abbrev  0x0000218c      0x1cc C:/Freescale/CW MCU v10.6/MCU/ARM_GCC_Support/ewl/lib/armv7e-m\librt.a(__arm_eabi_init.o)
 .debug_abbrev  0x00002358      0x137 C:/Freescale/CW MCU v10.6/MCU/ARM_GCC_Support/ewl/lib/armv7e-m\librt.a(ROMCopy.o)

.debug_aranges  0x00000000      0x810
 .debug_aranges
                0x00000000       0x18 ./Generated_Code/Vectors.o
 .debug_aranges
                0x00000018       0x88 ./Generated_Code/Term1.o
 .debug_aranges
                0x000000a0       0x30 ./Generated_Code/TU2.o
 .debug_aranges
                0x000000d0       0x48 ./Generated_Code/TU1.o
 .debug_aranges
                0x00000118       0x28 ./Generated_Code/TSS1.o
 .debug_aranges
                0x00000140       0x40 ./Generated_Code/RealTimeLdd1.o
 .debug_aranges
                0x00000180       0x48 ./Generated_Code/PwmLdd3.o
 .debug_aranges
                0x000001c8       0x48 ./Generated_Code/PwmLdd2.o
 .debug_aranges
                0x00000210       0x48 ./Generated_Code/PwmLdd1.o
 .debug_aranges
                0x00000258       0x30 ./Generated_Code/PE_LDD.o
 .debug_aranges
                0x00000288       0x70 ./Generated_Code/IntI2cLdd1.o
 .debug_aranges
                0x000002f8       0x48 ./Generated_Code/Inhr1.o
 .debug_aranges
                0x00000340       0x40 ./Generated_Code/Cpu.o
 .debug_aranges
                0x00000380       0x48 ./Generated_Code/CI2C1.o
 .debug_aranges
                0x000003c8       0x58 ./Generated_Code/ASerialLdd2.o
 .debug_aranges
                0x00000420       0x30 ./Project_Settings/Startup_Code/__arm_start.o
 .debug_aranges
                0x00000450       0x20 ./Project_Settings/Startup_Code/__arm_end.o
 .debug_aranges
                0x00000470       0x20 ./Sources/TSS/TSS_SystemSetupData.o
 .debug_aranges
                0x00000490       0x70 ./Sources/TSS/TSS_SensorTSI.o
 .debug_aranges
                0x00000500       0x38 ./Sources/TSS/TSS_Sensor.o
 .debug_aranges
                0x00000538       0x20 ./Sources/main.o
 .debug_aranges
                0x00000558       0x58 ./Sources/Events.o
 .debug_aranges
                0x000005b0       0x20 C:/Freescale/CW MCU v10.6/MCU/ARM_GCC_Support/ewl/lib/armv7e-m\libc.a(exit.o)
 .debug_aranges
                0x000005d0       0x20 C:/Freescale/CW MCU v10.6/MCU/ARM_GCC_Support/ewl/lib/armv7e-m\libc.a(memset.o)
 .debug_aranges
                0x000005f0       0x20 C:/Freescale/CW MCU v10.6/MCU/ARM_GCC_Support/ewl/lib/armv7e-m\libc.a(__filll_mem.o)
 .debug_aranges
                0x00000610       0x28 C:/Freescale/CW MCU v10.6/MCU/ARM_GCC_Support/ewl/lib/armv7e-m\libc.a(printformat_.o)
 .debug_aranges
                0x00000638       0x20 C:/Freescale/CW MCU v10.6/MCU/ARM_GCC_Support/ewl/lib/armv7e-m\libc.a(scanformat_.o)
 .debug_aranges
                0x00000658       0x88 C:/Freescale/CW MCU v10.6/MCU/ARM_GCC_Support/ewl/lib/armv7e-m\libc.a(ctype_aeabi.o)
 .debug_aranges
                0x000006e0       0x20 C:/Freescale/CW MCU v10.6/MCU/ARM_GCC_Support/ewl/lib/armv7e-m\libc.a(__strtoul.o)
 .debug_aranges
                0x00000700       0x20 C:/Freescale/CW MCU v10.6/MCU/ARM_GCC_Support/ewl/lib/armv7e-m\libc.a(strchr.o)
 .debug_aranges
                0x00000720       0x20 C:/Freescale/CW MCU v10.6/MCU/ARM_GCC_Support/ewl/lib/armv7e-m\libc.a(strlen.o)
 .debug_aranges
                0x00000740       0x20 C:/Freescale/CW MCU v10.6/MCU/ARM_GCC_Support/ewl/lib/armv7e-m\libc.a(memchr.o)
 .debug_aranges
                0x00000760       0x28 C:/Freescale/CW MCU v10.6/MCU/ARM_GCC_Support/ewl/lib/armv7e-m\librt.a(gcc_ctor_dtor.o)
 .debug_aranges
                0x00000788       0x58 C:/Freescale/CW MCU v10.6/MCU/ARM_GCC_Support/ewl/lib/armv7e-m\librt.a(__arm_eabi_init.o)
 .debug_aranges
                0x000007e0       0x30 C:/Freescale/CW MCU v10.6/MCU/ARM_GCC_Support/ewl/lib/armv7e-m\librt.a(ROMCopy.o)

.debug_macinfo  0x00000000   0x676314
 .debug_macinfo
                0x00000000    0x5ba9d ./Generated_Code/Vectors.o
 .debug_macinfo
                0x0005ba9d    0x44c91 ./Generated_Code/Term1.o
 .debug_macinfo
                0x000a072e    0x4e1eb ./Generated_Code/TU2.o
 .debug_macinfo
                0x000ee919    0x4e1a4 ./Generated_Code/TU1.o
 .debug_macinfo
                0x0013cabd    0x5ba82 ./Generated_Code/TSS1.o
 .debug_macinfo
                0x0019853f    0x4e1a0 ./Generated_Code/RealTimeLdd1.o
 .debug_macinfo
                0x001e66df    0x4e2cb ./Generated_Code/PwmLdd3.o
 .debug_macinfo
                0x002349aa    0x4e2cb ./Generated_Code/PwmLdd2.o
 .debug_macinfo
                0x00282c75    0x4e2cb ./Generated_Code/PwmLdd1.o
 .debug_macinfo
                0x002d0f40    0x5ba4e ./Generated_Code/PE_LDD.o
 .debug_macinfo
                0x0032c98e    0x4bb23 ./Generated_Code/IntI2cLdd1.o
 .debug_macinfo
                0x003784b1    0x44cb8 ./Generated_Code/Inhr1.o
 .debug_macinfo
                0x003bd169    0x5ba9e ./Generated_Code/Cpu.o
 .debug_macinfo
                0x00418c07    0x48449 ./Generated_Code/CI2C1.o
 .debug_macinfo
                0x00461050    0x52ba9 ./Generated_Code/ASerialLdd2.o
 .debug_macinfo
                0x004b3bf9     0x3f3e ./Project_Settings/Startup_Code/__arm_start.o
 .debug_macinfo
                0x004b7b37     0x3527 ./Project_Settings/Startup_Code/__arm_end.o
 .debug_macinfo
                0x004bb05e    0x5126c ./Sources/TSS/TSS_SystemSetupData.o
 .debug_macinfo
                0x0050c2ca    0x56cd2 ./Sources/TSS/TSS_SensorTSI.o
 .debug_macinfo
                0x00562f9c    0x5be7c ./Sources/TSS/TSS_Sensor.o
 .debug_macinfo
                0x005bee18    0x5ba7e ./Sources/main.o
 .debug_macinfo
                0x0061a896    0x5ba7e ./Sources/Events.o

.debug_line     0x00000000     0x5f5a
 .debug_line    0x00000000      0x544 ./Generated_Code/Vectors.o
 .debug_line    0x00000544      0x3c8 ./Generated_Code/Term1.o
 .debug_line    0x0000090c      0x2ce ./Generated_Code/TU2.o
 .debug_line    0x00000bda      0x333 ./Generated_Code/TU1.o
 .debug_line    0x00000f0d      0x475 ./Generated_Code/TSS1.o
 .debug_line    0x00001382      0x317 ./Generated_Code/RealTimeLdd1.o
 .debug_line    0x00001699      0x302 ./Generated_Code/PwmLdd3.o
 .debug_line    0x0000199b      0x302 ./Generated_Code/PwmLdd2.o
 .debug_line    0x00001c9d      0x302 ./Generated_Code/PwmLdd1.o
 .debug_line    0x00001f9f      0x485 ./Generated_Code/PE_LDD.o
 .debug_line    0x00002424      0x3fa ./Generated_Code/IntI2cLdd1.o
 .debug_line    0x0000281e      0x299 ./Generated_Code/Inhr1.o
 .debug_line    0x00002ab7      0x5dd ./Generated_Code/Cpu.o
 .debug_line    0x00003094      0x32f ./Generated_Code/CI2C1.o
 .debug_line    0x000033c3      0x373 ./Generated_Code/ASerialLdd2.o
 .debug_line    0x00003736      0x29b ./Project_Settings/Startup_Code/__arm_start.o
 .debug_line    0x000039d1      0x266 ./Project_Settings/Startup_Code/__arm_end.o
 .debug_line    0x00003c37      0x306 ./Sources/TSS/TSS_SystemSetupData.o
 .debug_line    0x00003f3d      0x582 ./Sources/TSS/TSS_SensorTSI.o
 .debug_line    0x000044bf      0x358 ./Sources/TSS/TSS_Sensor.o
 .debug_line    0x00004817      0x475 ./Sources/main.o
 .debug_line    0x00004c8c      0x4c7 ./Sources/Events.o
 .debug_line    0x00005153       0x94 C:/Freescale/CW MCU v10.6/MCU/ARM_GCC_Support/ewl/lib/armv7e-m\libc.a(exit.o)
 .debug_line    0x000051e7       0x8f C:/Freescale/CW MCU v10.6/MCU/ARM_GCC_Support/ewl/lib/armv7e-m\libc.a(memset.o)
 .debug_line    0x00005276       0xcd C:/Freescale/CW MCU v10.6/MCU/ARM_GCC_Support/ewl/lib/armv7e-m\libc.a(__filll_mem.o)
 .debug_line    0x00005343      0x2b4 C:/Freescale/CW MCU v10.6/MCU/ARM_GCC_Support/ewl/lib/armv7e-m\libc.a(printformat_.o)
 .debug_line    0x000055f7      0x2df C:/Freescale/CW MCU v10.6/MCU/ARM_GCC_Support/ewl/lib/armv7e-m\libc.a(scanformat_.o)
 .debug_line    0x000058d6      0x1a9 C:/Freescale/CW MCU v10.6/MCU/ARM_GCC_Support/ewl/lib/armv7e-m\libc.a(ctype_aeabi.o)
 .debug_line    0x00005a7f      0x11b C:/Freescale/CW MCU v10.6/MCU/ARM_GCC_Support/ewl/lib/armv7e-m\libc.a(__strtoul.o)
 .debug_line    0x00005b9a       0x7d C:/Freescale/CW MCU v10.6/MCU/ARM_GCC_Support/ewl/lib/armv7e-m\libc.a(strchr.o)
 .debug_line    0x00005c17       0x83 C:/Freescale/CW MCU v10.6/MCU/ARM_GCC_Support/ewl/lib/armv7e-m\libc.a(strlen.o)
 .debug_line    0x00005c9a       0x9f C:/Freescale/CW MCU v10.6/MCU/ARM_GCC_Support/ewl/lib/armv7e-m\libc.a(memchr.o)
 .debug_line    0x00005d39       0x67 C:/Freescale/CW MCU v10.6/MCU/ARM_GCC_Support/ewl/lib/armv7e-m\librt.a(gcc_ctor_dtor.o)
 .debug_line    0x00005da0      0x111 C:/Freescale/CW MCU v10.6/MCU/ARM_GCC_Support/ewl/lib/armv7e-m\librt.a(__arm_eabi_init.o)
 .debug_line    0x00005eb1       0xa9 C:/Freescale/CW MCU v10.6/MCU/ARM_GCC_Support/ewl/lib/armv7e-m\librt.a(ROMCopy.o)

.debug_str      0x00000000     0x378a
 .debug_str     0x00000000      0x139 ./Generated_Code/Vectors.o
                                0x16b (size before relaxing)
 .debug_str     0x00000139      0x142 ./Generated_Code/Term1.o
                                0x26c (size before relaxing)
 .debug_str     0x0000027b      0x2cd ./Generated_Code/TU2.o
                                0x40d (size before relaxing)
 .debug_str     0x00000548      0x187 ./Generated_Code/TU1.o
                                0x4b5 (size before relaxing)
 .debug_str     0x000006cf      0x294 ./Generated_Code/TSS1.o
                                0x4c1 (size before relaxing)
 .debug_str     0x00000963      0x11d ./Generated_Code/RealTimeLdd1.o
                                0x2db (size before relaxing)
 .debug_str     0x00000a80       0xb4 ./Generated_Code/PwmLdd3.o
                                0x29c (size before relaxing)
 .debug_str     0x00000b34       0x86 ./Generated_Code/PwmLdd2.o
                                0x29c (size before relaxing)
 .debug_str     0x00000bba       0x86 ./Generated_Code/PwmLdd1.o
                                0x29c (size before relaxing)
 .debug_str     0x00000c40      0x16b ./Generated_Code/PE_LDD.o
                                0x2ce (size before relaxing)
 .debug_str     0x00000dab      0x31c ./Generated_Code/IntI2cLdd1.o
                                0x610 (size before relaxing)
 .debug_str     0x000010c7       0xd1 ./Generated_Code/Inhr1.o
                                0x23e (size before relaxing)
 .debug_str     0x00001198      0x221 ./Generated_Code/Cpu.o
                                0x4cb (size before relaxing)
 .debug_str     0x000013b9       0xc3 ./Generated_Code/CI2C1.o
                                0x31b (size before relaxing)
 .debug_str     0x0000147c      0x22d ./Generated_Code/ASerialLdd2.o
                                0x51c (size before relaxing)
 .debug_str     0x000016a9       0x85 ./Project_Settings/Startup_Code/__arm_start.o
                                0x199 (size before relaxing)
 .debug_str     0x0000172e       0x41 ./Project_Settings/Startup_Code/__arm_end.o
                                 0xd0 (size before relaxing)
 .debug_str     0x0000176f      0xc31 ./Sources/TSS/TSS_SystemSetupData.o
                                0xd8d (size before relaxing)
 .debug_str     0x000023a0      0x997 ./Sources/TSS/TSS_SensorTSI.o
                                0xf8d (size before relaxing)
 .debug_str     0x00002d37      0x12b ./Sources/TSS/TSS_Sensor.o
                                0x513 (size before relaxing)
 .debug_str     0x00002e62       0x41 ./Sources/main.o
                                0x198 (size before relaxing)
 .debug_str     0x00002ea3       0x91 ./Sources/Events.o
                                0x5cf (size before relaxing)
 .debug_str     0x00002f34       0x54 C:/Freescale/CW MCU v10.6/MCU/ARM_GCC_Support/ewl/lib/armv7e-m\libc.a(exit.o)
                                0x157 (size before relaxing)
 .debug_str     0x00002f88       0x23 C:/Freescale/CW MCU v10.6/MCU/ARM_GCC_Support/ewl/lib/armv7e-m\libc.a(memset.o)
                                0x140 (size before relaxing)
 .debug_str     0x00002fab       0x2d C:/Freescale/CW MCU v10.6/MCU/ARM_GCC_Support/ewl/lib/armv7e-m\libc.a(__filll_mem.o)
                                0x152 (size before relaxing)
 .debug_str     0x00002fd8      0x233 C:/Freescale/CW MCU v10.6/MCU/ARM_GCC_Support/ewl/lib/armv7e-m\libc.a(printformat_.o)
                                0x3b3 (size before relaxing)
 .debug_str     0x0000320b      0x184 C:/Freescale/CW MCU v10.6/MCU/ARM_GCC_Support/ewl/lib/armv7e-m\libc.a(scanformat_.o)
                                0x3f9 (size before relaxing)
 .debug_str     0x0000338f       0x9d C:/Freescale/CW MCU v10.6/MCU/ARM_GCC_Support/ewl/lib/armv7e-m\libc.a(ctype_aeabi.o)
                                0x1bc (size before relaxing)
 .debug_str     0x0000342c       0x61 C:/Freescale/CW MCU v10.6/MCU/ARM_GCC_Support/ewl/lib/armv7e-m\libc.a(__strtoul.o)
                                0x1fb (size before relaxing)
 .debug_str     0x0000348d       0x1c C:/Freescale/CW MCU v10.6/MCU/ARM_GCC_Support/ewl/lib/armv7e-m\libc.a(strchr.o)
                                0x137 (size before relaxing)
 .debug_str     0x000034a9       0x1c C:/Freescale/CW MCU v10.6/MCU/ARM_GCC_Support/ewl/lib/armv7e-m\libc.a(strlen.o)
                                0x140 (size before relaxing)
 .debug_str     0x000034c5       0x1c C:/Freescale/CW MCU v10.6/MCU/ARM_GCC_Support/ewl/lib/armv7e-m\libc.a(memchr.o)
                                0x148 (size before relaxing)
 .debug_str     0x000034e1      0x126 C:/Freescale/CW MCU v10.6/MCU/ARM_GCC_Support/ewl/lib/armv7e-m\librt.a(gcc_ctor_dtor.o)
                                0x181 (size before relaxing)
 .debug_str     0x00003607       0xee C:/Freescale/CW MCU v10.6/MCU/ARM_GCC_Support/ewl/lib/armv7e-m\librt.a(__arm_eabi_init.o)
                                0x1b5 (size before relaxing)
 .debug_str     0x000036f5       0x95 C:/Freescale/CW MCU v10.6/MCU/ARM_GCC_Support/ewl/lib/armv7e-m\librt.a(ROMCopy.o)
                                0x13c (size before relaxing)

.comment        0x00000000       0x79
 .comment       0x00000000       0x79 ./Generated_Code/Vectors.o
                                 0x7a (size before relaxing)
 .comment       0x00000000       0x7a ./Generated_Code/Term1.o
 .comment       0x00000000       0x7a ./Generated_Code/TU2.o
 .comment       0x00000000       0x7a ./Generated_Code/TU1.o
 .comment       0x00000000       0x7a ./Generated_Code/TSS1.o
 .comment       0x00000000       0x7a ./Generated_Code/RealTimeLdd1.o
 .comment       0x00000000       0x7a ./Generated_Code/PwmLdd3.o
 .comment       0x00000000       0x7a ./Generated_Code/PwmLdd2.o
 .comment       0x00000000       0x7a ./Generated_Code/PwmLdd1.o
 .comment       0x00000000       0x7a ./Generated_Code/PE_LDD.o
 .comment       0x00000000       0x7a ./Generated_Code/IntI2cLdd1.o
 .comment       0x00000000       0x7a ./Generated_Code/Inhr1.o
 .comment       0x00000000       0x7a ./Generated_Code/Cpu.o
 .comment       0x00000000       0x7a ./Generated_Code/CI2C1.o
 .comment       0x00000000       0x7a ./Generated_Code/ASerialLdd2.o
 .comment       0x00000000       0x7a ./Project_Settings/Startup_Code/__arm_start.o
 .comment       0x00000000       0x7a ./Project_Settings/Startup_Code/__arm_end.o
 .comment       0x00000000       0x7a ./Sources/TSS/TSS_SystemSetupData.o
 .comment       0x00000000       0x7a ./Sources/TSS/TSS_SensorTSI.o
 .comment       0x00000000       0x7a ./Sources/TSS/TSS_Sensor.o
 .comment       0x00000000       0x7a ./Sources/main.o
 .comment       0x00000000       0x7a ./Sources/Events.o
 .comment       0x00000000       0x7a C:/Repos/Christopher-Kellie-Labs/lab4wtss/Sources/TSS\libTSS_KXX_M4.a(TSS_Filters.o)
 .comment       0x00000000       0x7a C:/Repos/Christopher-Kellie-Labs/lab4wtss/Sources/TSS\libTSS_KXX_M4.a(TSS_KeyDetectorNormal.o)
 .comment       0x00000000       0x7a C:/Repos/Christopher-Kellie-Labs/lab4wtss/Sources/TSS\libTSS_KXX_M4.a(TSS_KeyDetector.o)
 .comment       0x00000000       0x7a C:/Repos/Christopher-Kellie-Labs/lab4wtss/Sources/TSS\libTSS_KXX_M4.a(TSS_Main.o)
 .comment       0x00000000       0x7a C:/Freescale/CW MCU v10.6/MCU/ARM_GCC_Support/ewl/lib/armv7e-m\libc.a(exit.o)
 .comment       0x00000000       0x7a C:/Freescale/CW MCU v10.6/MCU/ARM_GCC_Support/ewl/lib/armv7e-m\libc.a(memset.o)
 .comment       0x00000000       0x7a C:/Freescale/CW MCU v10.6/MCU/ARM_GCC_Support/ewl/lib/armv7e-m\libc.a(__filll_mem.o)
 .comment       0x00000000       0x7a C:/Freescale/CW MCU v10.6/MCU/ARM_GCC_Support/ewl/lib/armv7e-m\libc.a(printformat_.o)
 .comment       0x00000000       0x7a C:/Freescale/CW MCU v10.6/MCU/ARM_GCC_Support/ewl/lib/armv7e-m\libc.a(scanformat_.o)
 .comment       0x00000000       0x7a C:/Freescale/CW MCU v10.6/MCU/ARM_GCC_Support/ewl/lib/armv7e-m\libc.a(ctype_aeabi.o)
 .comment       0x00000000       0x7a C:/Freescale/CW MCU v10.6/MCU/ARM_GCC_Support/ewl/lib/armv7e-m\libc.a(__strtoul.o)
 .comment       0x00000000       0x7a C:/Freescale/CW MCU v10.6/MCU/ARM_GCC_Support/ewl/lib/armv7e-m\libc.a(strchr.o)
 .comment       0x00000000       0x7a C:/Freescale/CW MCU v10.6/MCU/ARM_GCC_Support/ewl/lib/armv7e-m\libc.a(strlen.o)
 .comment       0x00000000       0x7a C:/Freescale/CW MCU v10.6/MCU/ARM_GCC_Support/ewl/lib/armv7e-m\libc.a(memchr.o)
 .comment       0x00000000       0x7a C:/Freescale/CW MCU v10.6/MCU/ARM_GCC_Support/ewl/lib/armv7e-m\librt.a(gcc_ctor_dtor.o)
 .comment       0x00000000       0x7a C:/Freescale/CW MCU v10.6/MCU/ARM_GCC_Support/ewl/lib/armv7e-m\librt.a(__arm_eabi_init.o)
 .comment       0x00000000       0x7a C:/Freescale/CW MCU v10.6/MCU/ARM_GCC_Support/ewl/lib/armv7e-m\librt.a(ROMCopy.o)

.debug_loc      0x00000000     0x3623
 .debug_loc     0x00000000      0x2d4 ./Generated_Code/Term1.o
 .debug_loc     0x000002d4       0xa8 ./Generated_Code/TU2.o
 .debug_loc     0x0000037c      0x150 ./Generated_Code/TU1.o
 .debug_loc     0x000004cc       0x64 ./Generated_Code/TSS1.o
 .debug_loc     0x00000530      0x118 ./Generated_Code/RealTimeLdd1.o
 .debug_loc     0x00000648      0x150 ./Generated_Code/PwmLdd3.o
 .debug_loc     0x00000798      0x150 ./Generated_Code/PwmLdd2.o
 .debug_loc     0x000008e8      0x150 ./Generated_Code/PwmLdd1.o
 .debug_loc     0x00000a38       0x9c ./Generated_Code/PE_LDD.o
 .debug_loc     0x00000ad4      0x268 ./Generated_Code/IntI2cLdd1.o
 .debug_loc     0x00000d3c      0x12c ./Generated_Code/Inhr1.o
 .debug_loc     0x00000e68       0xe8 ./Generated_Code/Cpu.o
 .debug_loc     0x00000f50      0x144 ./Generated_Code/CI2C1.o
 .debug_loc     0x00001094      0x1c0 ./Generated_Code/ASerialLdd2.o
 .debug_loc     0x00001254       0x2c ./Project_Settings/Startup_Code/__arm_start.o
 .debug_loc     0x00001280       0x38 ./Project_Settings/Startup_Code/__arm_end.o
 .debug_loc     0x000012b8       0x38 ./Sources/TSS/TSS_SystemSetupData.o
 .debug_loc     0x000012f0      0x268 ./Sources/TSS/TSS_SensorTSI.o
 .debug_loc     0x00001558       0xe0 ./Sources/TSS/TSS_Sensor.o
 .debug_loc     0x00001638       0x38 ./Sources/main.o
 .debug_loc     0x00001670      0x16c ./Sources/Events.o
 .debug_loc     0x000017dc       0x3e C:/Freescale/CW MCU v10.6/MCU/ARM_GCC_Support/ewl/lib/armv7e-m\libc.a(exit.o)
 .debug_loc     0x0000181a       0x64 C:/Freescale/CW MCU v10.6/MCU/ARM_GCC_Support/ewl/lib/armv7e-m\libc.a(memset.o)
 .debug_loc     0x0000187e      0x12c C:/Freescale/CW MCU v10.6/MCU/ARM_GCC_Support/ewl/lib/armv7e-m\libc.a(__filll_mem.o)
 .debug_loc     0x000019aa      0xbdc C:/Freescale/CW MCU v10.6/MCU/ARM_GCC_Support/ewl/lib/armv7e-m\libc.a(printformat_.o)
 .debug_loc     0x00002586      0x8b6 C:/Freescale/CW MCU v10.6/MCU/ARM_GCC_Support/ewl/lib/armv7e-m\libc.a(scanformat_.o)
 .debug_loc     0x00002e3c      0x18e C:/Freescale/CW MCU v10.6/MCU/ARM_GCC_Support/ewl/lib/armv7e-m\libc.a(ctype_aeabi.o)
 .debug_loc     0x00002fca      0x2bb C:/Freescale/CW MCU v10.6/MCU/ARM_GCC_Support/ewl/lib/armv7e-m\libc.a(__strtoul.o)
 .debug_loc     0x00003285       0x7c C:/Freescale/CW MCU v10.6/MCU/ARM_GCC_Support/ewl/lib/armv7e-m\libc.a(strchr.o)
 .debug_loc     0x00003301       0x26 C:/Freescale/CW MCU v10.6/MCU/ARM_GCC_Support/ewl/lib/armv7e-m\libc.a(strlen.o)
 .debug_loc     0x00003327       0x62 C:/Freescale/CW MCU v10.6/MCU/ARM_GCC_Support/ewl/lib/armv7e-m\libc.a(memchr.o)
 .debug_loc     0x00003389       0x9d C:/Freescale/CW MCU v10.6/MCU/ARM_GCC_Support/ewl/lib/armv7e-m\librt.a(gcc_ctor_dtor.o)
 .debug_loc     0x00003426      0x144 C:/Freescale/CW MCU v10.6/MCU/ARM_GCC_Support/ewl/lib/armv7e-m\librt.a(__arm_eabi_init.o)
 .debug_loc     0x0000356a       0xb9 C:/Freescale/CW MCU v10.6/MCU/ARM_GCC_Support/ewl/lib/armv7e-m\librt.a(ROMCopy.o)

.debug_frame    0x00000000     0x1284
 .debug_frame   0x00000000      0x1b8 ./Generated_Code/Term1.o
 .debug_frame   0x000001b8       0x6c ./Generated_Code/TU2.o
 .debug_frame   0x00000224       0xbc ./Generated_Code/TU1.o
 .debug_frame   0x000002e0       0x48 ./Generated_Code/TSS1.o
 .debug_frame   0x00000328       0xac ./Generated_Code/RealTimeLdd1.o
 .debug_frame   0x000003d4       0xd0 ./Generated_Code/PwmLdd3.o
 .debug_frame   0x000004a4       0xd0 ./Generated_Code/PwmLdd2.o
 .debug_frame   0x00000574       0xd0 ./Generated_Code/PwmLdd1.o
 .debug_frame   0x00000644       0x64 ./Generated_Code/PE_LDD.o
 .debug_frame   0x000006a8      0x148 ./Generated_Code/IntI2cLdd1.o
 .debug_frame   0x000007f0       0xc0 ./Generated_Code/Inhr1.o
 .debug_frame   0x000008b0       0xa4 ./Generated_Code/Cpu.o
 .debug_frame   0x00000954       0xcc ./Generated_Code/CI2C1.o
 .debug_frame   0x00000a20      0x100 ./Generated_Code/ASerialLdd2.o
 .debug_frame   0x00000b20       0x4c ./Project_Settings/Startup_Code/__arm_start.o
 .debug_frame   0x00000b6c       0x2c ./Project_Settings/Startup_Code/__arm_end.o
 .debug_frame   0x00000b98       0x2c ./Sources/TSS/TSS_SystemSetupData.o
 .debug_frame   0x00000bc4      0x150 ./Sources/TSS/TSS_SensorTSI.o
 .debug_frame   0x00000d14       0x88 ./Sources/TSS/TSS_Sensor.o
 .debug_frame   0x00000d9c       0x30 ./Sources/main.o
 .debug_frame   0x00000dcc       0xdc ./Sources/Events.o
 .debug_frame   0x00000ea8       0x28 C:/Freescale/CW MCU v10.6/MCU/ARM_GCC_Support/ewl/lib/armv7e-m\libc.a(exit.o)
 .debug_frame   0x00000ed0       0x28 C:/Freescale/CW MCU v10.6/MCU/ARM_GCC_Support/ewl/lib/armv7e-m\libc.a(memset.o)
 .debug_frame   0x00000ef8       0x2c C:/Freescale/CW MCU v10.6/MCU/ARM_GCC_Support/ewl/lib/armv7e-m\libc.a(__filll_mem.o)
 .debug_frame   0x00000f24       0x64 C:/Freescale/CW MCU v10.6/MCU/ARM_GCC_Support/ewl/lib/armv7e-m\libc.a(printformat_.o)
 .debug_frame   0x00000f88       0x3c C:/Freescale/CW MCU v10.6/MCU/ARM_GCC_Support/ewl/lib/armv7e-m\libc.a(scanformat_.o)
 .debug_frame   0x00000fc4       0xf0 C:/Freescale/CW MCU v10.6/MCU/ARM_GCC_Support/ewl/lib/armv7e-m\libc.a(ctype_aeabi.o)
 .debug_frame   0x000010b4       0x3c C:/Freescale/CW MCU v10.6/MCU/ARM_GCC_Support/ewl/lib/armv7e-m\libc.a(__strtoul.o)
 .debug_frame   0x000010f0       0x20 C:/Freescale/CW MCU v10.6/MCU/ARM_GCC_Support/ewl/lib/armv7e-m\libc.a(strchr.o)
 .debug_frame   0x00001110       0x20 C:/Freescale/CW MCU v10.6/MCU/ARM_GCC_Support/ewl/lib/armv7e-m\libc.a(strlen.o)
 .debug_frame   0x00001130       0x20 C:/Freescale/CW MCU v10.6/MCU/ARM_GCC_Support/ewl/lib/armv7e-m\libc.a(memchr.o)
 .debug_frame   0x00001150       0x40 C:/Freescale/CW MCU v10.6/MCU/ARM_GCC_Support/ewl/lib/armv7e-m\librt.a(gcc_ctor_dtor.o)
 .debug_frame   0x00001190       0xac C:/Freescale/CW MCU v10.6/MCU/ARM_GCC_Support/ewl/lib/armv7e-m\librt.a(__arm_eabi_init.o)
 .debug_frame   0x0000123c       0x48 C:/Freescale/CW MCU v10.6/MCU/ARM_GCC_Support/ewl/lib/armv7e-m\librt.a(ROMCopy.o)
